Archive member included to satisfy reference by file (symbol)

/usr/lib/gcc/arm-none-eabi/5.4.1/armv7-m/libgcc.a(_ashldi3.o)
                              build/zoul/remote-revb//obj/mmc.o (__aeabi_llsl)
/usr/lib/gcc/arm-none-eabi/5.4.1/armv7-m/libgcc.a(_aeabi_uldivmod.o)
                              build/zoul/remote-revb//obj/spi-legacy.o (__aeabi_uldivmod)
/usr/lib/gcc/arm-none-eabi/5.4.1/armv7-m/libgcc.a(_udivmoddi4.o)
                              /usr/lib/gcc/arm-none-eabi/5.4.1/armv7-m/libgcc.a(_aeabi_uldivmod.o) (__udivmoddi4)
/usr/lib/gcc/arm-none-eabi/5.4.1/armv7-m/libgcc.a(_dvmd_tls.o)
                              /usr/lib/gcc/arm-none-eabi/5.4.1/armv7-m/libgcc.a(_aeabi_uldivmod.o) (__aeabi_ldiv0)
/usr/lib/gcc/arm-none-eabi/5.4.1/../../../arm-none-eabi/lib/armv7-m/libc.a(lib_a-ctype_.o)
                              build/zoul/remote-revb//obj/resolv.o (__ctype_ptr__)
/usr/lib/gcc/arm-none-eabi/5.4.1/../../../arm-none-eabi/lib/armv7-m/libc.a(lib_a-malloc.o)
                              build/zoul/remote-revb//obj/syscall.o (malloc)
/usr/lib/gcc/arm-none-eabi/5.4.1/../../../arm-none-eabi/lib/armv7-m/libc.a(lib_a-mallocr.o)
                              /usr/lib/gcc/arm-none-eabi/5.4.1/../../../arm-none-eabi/lib/armv7-m/libc.a(lib_a-malloc.o) (_malloc_r)
/usr/lib/gcc/arm-none-eabi/5.4.1/../../../arm-none-eabi/lib/armv7-m/libc.a(lib_a-memcmp.o)
                              build/zoul/remote-revb//obj/linkaddr.o (memcmp)
/usr/lib/gcc/arm-none-eabi/5.4.1/../../../arm-none-eabi/lib/armv7-m/libc.a(lib_a-memcpy.o)
                              build/zoul/remote-revb//obj/ecc-algorithm.o (memcpy)
/usr/lib/gcc/arm-none-eabi/5.4.1/../../../arm-none-eabi/lib/armv7-m/libc.a(lib_a-memmove.o)
                              build/zoul/remote-revb//obj/uip-icmp6.o (memmove)
/usr/lib/gcc/arm-none-eabi/5.4.1/../../../arm-none-eabi/lib/armv7-m/libc.a(lib_a-memset.o)
                              build/zoul/remote-revb//obj/dht22.o (memset)
/usr/lib/gcc/arm-none-eabi/5.4.1/../../../arm-none-eabi/lib/armv7-m/libc.a(lib_a-mlock.o)
                              /usr/lib/gcc/arm-none-eabi/5.4.1/../../../arm-none-eabi/lib/armv7-m/libc.a(lib_a-mallocr.o) (__malloc_lock)
/usr/lib/gcc/arm-none-eabi/5.4.1/../../../arm-none-eabi/lib/armv7-m/libc.a(lib_a-reent.o)
                              build/zoul/remote-revb//obj/syscalls.o (errno)
/usr/lib/gcc/arm-none-eabi/5.4.1/../../../arm-none-eabi/lib/armv7-m/libc.a(lib_a-sbrkr.o)
                              /usr/lib/gcc/arm-none-eabi/5.4.1/../../../arm-none-eabi/lib/armv7-m/libc.a(lib_a-mallocr.o) (_sbrk_r)
/usr/lib/gcc/arm-none-eabi/5.4.1/../../../arm-none-eabi/lib/armv7-m/libc.a(lib_a-strcasecmp.o)
                              build/zoul/remote-revb//obj/resolv.o (strcasecmp)
/usr/lib/gcc/arm-none-eabi/5.4.1/../../../arm-none-eabi/lib/armv7-m/libc.a(lib_a-strcmp.o)
                              build/zoul/remote-revb//obj/cfs-coffee.o (strcmp)
/usr/lib/gcc/arm-none-eabi/5.4.1/../../../arm-none-eabi/lib/armv7-m/libc.a(lib_a-strlen-stub.o)
                              build/zoul/remote-revb//obj/sensors.o (strlen)
/usr/lib/gcc/arm-none-eabi/5.4.1/../../../arm-none-eabi/lib/armv7-m/libc.a(lib_a-strncasecmp.o)
                              build/zoul/remote-revb//obj/resolv.o (strncasecmp)
/usr/lib/gcc/arm-none-eabi/5.4.1/../../../arm-none-eabi/lib/armv7-m/libc.a(lib_a-strncat.o)
                              build/zoul/remote-revb//obj/resolv.o (strncat)
/usr/lib/gcc/arm-none-eabi/5.4.1/../../../arm-none-eabi/lib/armv7-m/libc.a(lib_a-strncmp.o)
                              build/zoul/remote-revb//obj/sensors.o (strncmp)
/usr/lib/gcc/arm-none-eabi/5.4.1/../../../arm-none-eabi/lib/armv7-m/libc.a(lib_a-strncpy.o)
                              build/zoul/remote-revb//obj/cfs-coffee.o (strncpy)
/usr/lib/gcc/arm-none-eabi/5.4.1/../../../arm-none-eabi/lib/armv7-m/libc.a(lib_a-freer.o)
                              /usr/lib/gcc/arm-none-eabi/5.4.1/../../../arm-none-eabi/lib/armv7-m/libc.a(lib_a-malloc.o) (_free_r)
/usr/lib/gcc/arm-none-eabi/5.4.1/../../../arm-none-eabi/lib/armv7-m/libc.a(lib_a-impure.o)
                              /usr/lib/gcc/arm-none-eabi/5.4.1/../../../arm-none-eabi/lib/armv7-m/libc.a(lib_a-malloc.o) (_impure_ptr)

Allocating common symbols
Common symbol       size              file

compower_idle_activity
                    0x10              build/zoul/remote-revb//obj/compower.o
uip_ds6_timer_ra    0x8               build/zoul/remote-revb//obj/uip-ds6.o
rtcc_int1_callback  0x4               build/zoul/remote-revb//obj/rtcc.o
usb_setup_buffer    0x8               build/zoul/remote-revb//obj/usb-core.o
uip_ds6_if          0xf8              build/zoul/remote-revb//obj/uip-ds6.o
resolv_event_found  0x1               build/zoul/remote-revb//obj/resolv.o
uip_ds6_netif_addr_list_offset
                    0x1               build/zoul/remote-revb//obj/uip-ds6.o
uip_len             0x2               build/zoul/remote-revb//obj/uip6.o
[...]
Memory Configuration

Name             Origin             Length             Attributes
FLASH_FW         0x00202000         0x0007dfd4         xr
FLASH_CCA        0x0027ffd4         0x0000002c         xr
NRSRAM           0x20000000         0x00004000         xrw
FRSRAM           0x20004000         0x00004000         xrw
*default*        0x00000000         0xffffffff

Linker script and memory map

LOAD build/zoul/remote-revb//obj/startup-gcc.o
LOAD build/zoul/remote-revb//obj/dht22.o
LOAD build/zoul/remote-revb//obj/adc-sensors.o
LOAD build/zoul/remote-revb//obj/platform.o
LOAD build/zoul/remote-revb//obj/leds-arch.o
LOAD build/zoul/remote-revb//obj/leds.o
LOAD build/zoul/remote-revb//obj/cc1200-zoul-arch.o
LOAD build/zoul/remote-revb//obj/adc-zoul.o
LOAD build/zoul/remote-revb//obj/board-buttons.o
LOAD build/zoul/remote-revb//obj/zoul-sensors.o
LOAD build/zoul/remote-revb//obj/board.o
LOAD build/zoul/remote-revb//obj/antenna-sw.o
LOAD build/zoul/remote-revb//obj/mmc-arch.o
LOAD build/zoul/remote-revb//obj/rtcc.o
LOAD build/zoul/remote-revb//obj/power-mgmt.o
LOAD build/zoul/remote-revb//obj/soc.o
LOAD build/zoul/remote-revb//obj/clock.o
LOAD build/zoul/remote-revb//obj/rtimer-arch.o
LOAD build/zoul/remote-revb//obj/uart.o
LOAD build/zoul/remote-revb//obj/watchdog.o
LOAD build/zoul/remote-revb//obj/nvic.o
LOAD build/zoul/remote-revb//obj/sys-ctrl.o
LOAD build/zoul/remote-revb//obj/gpio.o
LOAD build/zoul/remote-revb//obj/ioc.o
LOAD build/zoul/remote-revb//obj/spi-legacy.o
LOAD build/zoul/remote-revb//obj/adc.o
LOAD build/zoul/remote-revb//obj/spi-arch.o
LOAD build/zoul/remote-revb//obj/crypto.o
LOAD build/zoul/remote-revb//obj/aes.o
LOAD build/zoul/remote-revb//obj/ecb.o
LOAD build/zoul/remote-revb//obj/cbc.o
LOAD build/zoul/remote-revb//obj/ctr.o
LOAD build/zoul/remote-revb//obj/cbc-mac.o
LOAD build/zoul/remote-revb//obj/gcm.o
LOAD build/zoul/remote-revb//obj/ccm.o
LOAD build/zoul/remote-revb//obj/sha256.o
LOAD build/zoul/remote-revb//obj/gpio-hal-arch.o
LOAD build/zoul/remote-revb//obj/cc2538-aes-128.o
LOAD build/zoul/remote-revb//obj/cc2538-ccm-star.o
LOAD build/zoul/remote-revb//obj/cc2538-rf.o
LOAD build/zoul/remote-revb//obj/udma.o
LOAD build/zoul/remote-revb//obj/lpm.o
LOAD build/zoul/remote-revb//obj/int-master.o
LOAD build/zoul/remote-revb//obj/pka.o
LOAD build/zoul/remote-revb//obj/bignum-driver.o
LOAD build/zoul/remote-revb//obj/ecc-driver.o
LOAD build/zoul/remote-revb//obj/ecc-algorithm.o
LOAD build/zoul/remote-revb//obj/ecc-curve.o
LOAD build/zoul/remote-revb//obj/dbg.o
LOAD build/zoul/remote-revb//obj/ieee-addr.o
LOAD build/zoul/remote-revb//obj/slip-arch.o
LOAD build/zoul/remote-revb//obj/slip.o
LOAD build/zoul/remote-revb//obj/i2c.o
LOAD build/zoul/remote-revb//obj/cc2538-temp-sensor.o
LOAD build/zoul/remote-revb//obj/vdd3-sensor.o
LOAD build/zoul/remote-revb//obj/cfs-coffee.o
LOAD build/zoul/remote-revb//obj/cfs-coffee-arch.o
LOAD build/zoul/remote-revb//obj/pwm.o
LOAD build/zoul/remote-revb//obj/usb-core.o
LOAD build/zoul/remote-revb//obj/cdc-acm.o
LOAD build/zoul/remote-revb//obj/usb-arch.o
LOAD build/zoul/remote-revb//obj/usb-serial.o
LOAD build/zoul/remote-revb//obj/cdc-acm-descriptors.o
LOAD build/zoul/remote-revb//obj/contiki-main.o
LOAD build/zoul/remote-revb//obj/autostart.o
LOAD build/zoul/remote-revb//obj/ctimer.o
LOAD build/zoul/remote-revb//obj/log.o
LOAD build/zoul/remote-revb//obj/energest.o
LOAD build/zoul/remote-revb//obj/etimer.o
LOAD build/zoul/remote-revb//obj/node-id.o
LOAD build/zoul/remote-revb//obj/mutex.o
LOAD build/zoul/remote-revb//obj/stimer.o
LOAD build/zoul/remote-revb//obj/compower.o
LOAD build/zoul/remote-revb//obj/process.o
LOAD build/zoul/remote-revb//obj/rtimer.o
LOAD build/zoul/remote-revb//obj/timer.o
LOAD build/zoul/remote-revb//obj/stack-check.o
LOAD build/zoul/remote-revb//obj/button-hal.o
LOAD build/zoul/remote-revb//obj/serial-line.o
LOAD build/zoul/remote-revb//obj/spi.o
LOAD build/zoul/remote-revb//obj/nullradio.o
LOAD build/zoul/remote-revb//obj/gpio-hal.o
LOAD build/zoul/remote-revb//obj/dbl-list.o
LOAD build/zoul/remote-revb//obj/dbl-circ-list.o
LOAD build/zoul/remote-revb//obj/crc16.o
LOAD build/zoul/remote-revb//obj/ifft.o
LOAD build/zoul/remote-revb//obj/ccm-star.o
LOAD build/zoul/remote-revb//obj/sensors.o
LOAD build/zoul/remote-revb//obj/ringbufindex.o
LOAD build/zoul/remote-revb//obj/list.o
LOAD build/zoul/remote-revb//obj/circular-list.o
LOAD build/zoul/remote-revb//obj/aes-128.o
LOAD build/zoul/remote-revb//obj/trickle-timer.o
LOAD build/zoul/remote-revb//obj/memb.o
LOAD build/zoul/remote-revb//obj/heapmem.o
LOAD build/zoul/remote-revb//obj/random.o
LOAD build/zoul/remote-revb//obj/assert.o
LOAD build/zoul/remote-revb//obj/ringbuf.o
LOAD build/zoul/remote-revb//obj/queuebuf.o
LOAD build/zoul/remote-revb//obj/nbr-table.o
LOAD build/zoul/remote-revb//obj/packetbuf.o
LOAD build/zoul/remote-revb//obj/netstack.o
LOAD build/zoul/remote-revb//obj/linkaddr.o
LOAD build/zoul/remote-revb//obj/net-debug.o
LOAD build/zoul/remote-revb//obj/link-stats.o
LOAD build/zoul/remote-revb//obj/mac-sequence.o
LOAD build/zoul/remote-revb//obj/mac.o
LOAD build/zoul/remote-revb//obj/frame802154e-ie.o
LOAD build/zoul/remote-revb//obj/framer-802154.o
LOAD build/zoul/remote-revb//obj/nullframer.o
LOAD build/zoul/remote-revb//obj/frame802154.o
LOAD build/zoul/remote-revb//obj/ff.o
LOAD build/zoul/remote-revb//obj/syscall.o
LOAD build/zoul/remote-revb//obj/unicode.o
LOAD build/zoul/remote-revb//obj/diskio.o
LOAD build/zoul/remote-revb//obj/mmc.o
LOAD build/zoul/remote-revb//obj/syscalls.o
LOAD build/zoul/remote-revb//obj/strformat.o
LOAD build/zoul/remote-revb//obj/printf.o
LOAD build/zoul/remote-revb//obj/sprintf.o
LOAD build/zoul/remote-revb//obj/snprintf.o
LOAD build/zoul/remote-revb//obj/puts.o
LOAD build/zoul/remote-revb//obj/putchar.o
LOAD build/zoul/remote-revb//obj/cc1200-868-fsk-1-2kbps.o
LOAD build/zoul/remote-revb//obj/cc1200-802154g-863-870-fsk-50kbps.o
LOAD build/zoul/remote-revb//obj/cc1200.o
LOAD build/zoul/remote-revb//obj/cc1200-868-4gfsk-1000kbps.o
LOAD build/zoul/remote-revb//obj/rgb-led.o
LOAD build/zoul/remote-revb//obj/csma-security.o
LOAD build/zoul/remote-revb//obj/anti-replay.o
LOAD build/zoul/remote-revb//obj/csma.o
LOAD build/zoul/remote-revb//obj/csma-output.o
LOAD build/zoul/remote-revb//obj/ccm-star-packetbuf.o
LOAD build/zoul/remote-revb//obj/uipbuf.o
LOAD build/zoul/remote-revb//obj/uip-icmp6.o
LOAD build/zoul/remote-revb//obj/uip-sr.o
LOAD build/zoul/remote-revb//obj/uip-ds6.o
LOAD build/zoul/remote-revb//obj/uip-packetqueue.o
LOAD build/zoul/remote-revb//obj/tcp-socket.o
LOAD build/zoul/remote-revb//obj/ip64-addr.o
LOAD build/zoul/remote-revb//obj/uip-udp-packet.o
LOAD build/zoul/remote-revb//obj/uip-ds6-route.o
LOAD build/zoul/remote-revb//obj/psock.o
LOAD build/zoul/remote-revb//obj/tcpip.o
LOAD build/zoul/remote-revb//obj/uip6.o
LOAD build/zoul/remote-revb//obj/resolv.o
LOAD build/zoul/remote-revb//obj/uip-ds6-nbr.o
LOAD build/zoul/remote-revb//obj/uip-nameserver.o
LOAD build/zoul/remote-revb//obj/uip-nd6.o
LOAD build/zoul/remote-revb//obj/udp-socket.o
LOAD build/zoul/remote-revb//obj/simple-udp.o
LOAD build/zoul/remote-revb//obj/sicslowpan.o
LOAD build/zoul/remote-revb//obj/uiplib.o
LOAD build/zoul/remote-revb//obj/rpl-nbr-policy.o
LOAD build/zoul/remote-revb//obj/rpl-of0.o
LOAD build/zoul/remote-revb//obj/rpl-neighbor.o
LOAD build/zoul/remote-revb//obj/rpl-dag.o
LOAD build/zoul/remote-revb//obj/rpl-timers.o
LOAD build/zoul/remote-revb//obj/rpl-ext-header.o
LOAD build/zoul/remote-revb//obj/rpl.o
LOAD build/zoul/remote-revb//obj/rpl-mrhof.o
LOAD build/zoul/remote-revb//obj/rpl-icmp6.o
LOAD build/zoul/remote-revb//obj/rpl-dag-root.o
LOAD udp-serverIOT.o
START GROUP
LOAD /usr/lib/gcc/arm-none-eabi/5.4.1/../../../arm-none-eabi/lib/armv7-m/libm.a
END GROUP
START GROUP
LOAD /usr/lib/gcc/arm-none-eabi/5.4.1/armv7-m/libgcc.a
LOAD /usr/lib/gcc/arm-none-eabi/5.4.1/../../../arm-none-eabi/lib/armv7-m/libc.a
END GROUP

.text           0x00202000     0xbf5d
                0x00202000                _text = .
 *(SORT(.vectors))
 .vectors       0x00202000      0x28c build/zoul/remote-revb//obj/startup-gcc.o
                0x00202000                vectors
 *(SORT(.text*))
 .text.reset_handler
                0x0020228c       0x40 build/zoul/remote-revb//obj/startup-gcc.o
                0x0020228c                reset_handler
 .text.configure
                0x002022cc       0x5c build/zoul/remote-revb//obj/dht22.o
 .text.value    0x00202328      0x194 build/zoul/remote-revb//obj/dht22.o
 .text.dht22_read_all
                0x002024bc       0x48 build/zoul/remote-revb//obj/dht22.o
                0x002024bc                dht22_read_all
 .text.value    0x00202504       0x94 build/zoul/remote-revb//obj/adc-sensors.o
 .text.configure
                0x00202598       0x90 build/zoul/remote-revb//obj/adc-sensors.o
 .text.platform_init_stage_two
                0x00202628       0x4c build/zoul/remote-revb//obj/platform.o
                0x00202628                platform_init_stage_two
 .text.platform_init_stage_three
                0x00202674       0x8c build/zoul/remote-revb//obj/platform.o
                0x00202674                platform_init_stage_three
 .text.leds_on  0x00202700       0x60 build/zoul/remote-revb//obj/leds.o
                0x00202700                leds_on
 .text.leds_off
                0x00202760       0x48 build/zoul/remote-revb//obj/leds.o
                0x00202760                leds_off
 .text.leds_init
                0x002027a8       0x44 build/zoul/remote-revb//obj/leds.o
                0x002027a8                leds_init
 .text.leds_toggle
                0x002027ec       0x24 build/zoul/remote-revb//obj/leds.o
                0x002027ec                leds_toggle
 .text.value    0x00202810       0x38 build/zoul/remote-revb//obj/adc-zoul.o
 .text.configure
                0x00202848       0x8c build/zoul/remote-revb//obj/adc-zoul.o
 .text.antenna_sw_config
                0x002028d4       0x30 build/zoul/remote-revb//obj/antenna-sw.o
                0x002028d4                antenna_sw_config
 .text.soc_get_rev
                0x00202904       0x18 build/zoul/remote-revb//obj/soc.o
                0x00202904                soc_get_rev
 .text.soc_print_info
                0x0020291c       0x10 build/zoul/remote-revb//obj/soc.o
                0x0020291c                soc_print_info
 .text.update_ticks
                0x0020292c       0x4c build/zoul/remote-revb//obj/clock.o
 .text.clock_init
                0x00202978       0x4c build/zoul/remote-revb//obj/clock.o
                0x00202978                clock_init
 .text.clock_time
                0x002029c4       0x14 build/zoul/remote-revb//obj/clock.o
                0x002029c4                clock_time
 .text.clock_seconds
                0x002029d8       0x14 build/zoul/remote-revb//obj/clock.o
                0x002029d8                clock_seconds
 .text.clock_delay_usec
                0x002029ec       0x1c build/zoul/remote-revb//obj/clock.o
                0x002029ec                clock_delay_usec
 .text.clock_adjust
                0x00202a08       0x20 build/zoul/remote-revb//obj/clock.o
                0x00202a08                clock_adjust
 .text.rtimer_arch_next_trigger
                0x00202a28        0xc build/zoul/remote-revb//obj/rtimer-arch.o
                0x00202a28                rtimer_arch_next_trigger
 .text.rtimer_arch_now
                0x00202a34       0x2c build/zoul/remote-revb//obj/rtimer-arch.o
                0x00202a34                rtimer_arch_now
 .text.rtimer_arch_schedule
                0x00202a60       0x58 build/zoul/remote-revb//obj/rtimer-arch.o
                0x00202a60                rtimer_arch_schedule
 .text.rtimer_isr
                0x00202ab8       0x2c build/zoul/remote-revb//obj/rtimer-arch.o
                0x00202ab8                rtimer_isr
 .text.permit_pm1
                0x00202ae4       0x24 build/zoul/remote-revb//obj/uart.o
 .text.uart_isr
                0x00202b08       0x64 build/zoul/remote-revb//obj/uart.o
 .text.uart_init
                0x00202b6c      0x198 build/zoul/remote-revb//obj/uart.o
                0x00202b6c                uart_init
 .text.uart_set_input
                0x00202d04       0x10 build/zoul/remote-revb//obj/uart.o
                0x00202d04                uart_set_input
 .text.uart_write_byte
                0x00202d14       0x1c build/zoul/remote-revb//obj/uart.o
                0x00202d14                uart_write_byte
 .text.watchdog_init
                0x00202d30        0xc build/zoul/remote-revb//obj/watchdog.o
                0x00202d30                watchdog_init
 .text.watchdog_start
                0x00202d3c        0xc build/zoul/remote-revb//obj/watchdog.o
                0x00202d3c                watchdog_start
 .text.watchdog_periodic
                0x00202d48       0x10 build/zoul/remote-revb//obj/watchdog.o
                0x00202d48                watchdog_periodic
 .text.nvic_init
                0x00202d58       0x10 build/zoul/remote-revb//obj/nvic.o
                0x00202d58                nvic_init
 .text.sys_ctrl_init
                0x00202d68       0x74 build/zoul/remote-revb//obj/sys-ctrl.o
                0x00202d68                sys_ctrl_init
 .text.gpio_port_isr
                0x00202ddc       0x4c build/zoul/remote-revb//obj/gpio.o
 .text.ioc_init
                0x00202e28       0x1c build/zoul/remote-revb//obj/ioc.o
                0x00202e28                ioc_init
 .text.ioc_set_over
                0x00202e44       0x14 build/zoul/remote-revb//obj/ioc.o
                0x00202e44                ioc_set_over
 .text.ioc_set_sel
                0x00202e58       0x14 build/zoul/remote-revb//obj/ioc.o
                0x00202e58                ioc_set_sel
 .text.adc_init
                0x00202e6c       0x10 build/zoul/remote-revb//obj/adc.o
                0x00202e6c                adc_init
 .text.adc_get  0x00202e7c       0x74 build/zoul/remote-revb//obj/adc.o
                0x00202e7c                adc_get
 .text.permit_pm1
                0x00202ef0       0x10 build/zoul/remote-revb//obj/crypto.o
 .text.crypto_isr
                0x00202f00       0x28 build/zoul/remote-revb//obj/crypto.o
                0x00202f00                crypto_isr
 .text.crypto_enable
                0x00202f28       0x20 build/zoul/remote-revb//obj/crypto.o
                0x00202f28                crypto_enable
 .text.crypto_init
                0x00202f48       0x3c build/zoul/remote-revb//obj/crypto.o
                0x00202f48                crypto_init
 .text.crypto_disable
                0x00202f84       0x20 build/zoul/remote-revb//obj/crypto.o
                0x00202f84                crypto_disable
 .text.gpio_hal_arch_pin_cfg_set
                0x00202fa4       0xe0 build/zoul/remote-revb//obj/gpio-hal-arch.o
                0x00202fa4                gpio_hal_arch_pin_cfg_set
 .text.on       0x00203084       0x28 build/zoul/remote-revb//obj/cc2538-rf.o
 .text.off      0x002030ac       0x40 build/zoul/remote-revb//obj/cc2538-rf.o
 .text.set_channel
                0x002030ec       0x38 build/zoul/remote-revb//obj/cc2538-rf.o
 .text.channel_clear
                0x00203124       0x3c build/zoul/remote-revb//obj/cc2538-rf.o
 .text.receiving_packet
                0x00203160       0x18 build/zoul/remote-revb//obj/cc2538-rf.o
 .text.pending_packet
                0x00203178       0x10 build/zoul/remote-revb//obj/cc2538-rf.o
 .text.get_value
                0x00203188      0x178 build/zoul/remote-revb//obj/cc2538-rf.o
 .text.prepare  0x00203300       0x60 build/zoul/remote-revb//obj/cc2538-rf.o
 .text.transmit
                0x00203360       0x98 build/zoul/remote-revb//obj/cc2538-rf.o
 .text.set_poll_mode
                0x002033f8       0x9c build/zoul/remote-revb//obj/cc2538-rf.o
 .text.set_object
                0x00203494       0x30 build/zoul/remote-revb//obj/cc2538-rf.o
 .text.read     0x002034c4       0xdc build/zoul/remote-revb//obj/cc2538-rf.o
 .text.init     0x002035a0       0xe8 build/zoul/remote-revb//obj/cc2538-rf.o
 .text.process_thread_cc2538_rf_process
                0x00203688       0x90 build/zoul/remote-revb//obj/cc2538-rf.o
 .text.get_object
                0x00203718      0x144 build/zoul/remote-revb//obj/cc2538-rf.o
 .text.set_value
                0x0020385c      0x18c build/zoul/remote-revb//obj/cc2538-rf.o
 .text.cc2538_rf_rx_tx_isr
                0x002039e8       0x24 build/zoul/remote-revb//obj/cc2538-rf.o
                0x002039e8                cc2538_rf_rx_tx_isr
 .text.cc2538_rf_err_isr
                0x00203a0c       0x28 build/zoul/remote-revb//obj/cc2538-rf.o
                0x00203a0c                cc2538_rf_err_isr
 .text.udma_init
                0x00203a34       0x34 build/zoul/remote-revb//obj/udma.o
                0x00203a34                udma_init
 .text.udma_set_channel_src
                0x00203a68       0x10 build/zoul/remote-revb//obj/udma.o
                0x00203a68                udma_set_channel_src
 .text.udma_set_channel_dst
                0x00203a78       0x14 build/zoul/remote-revb//obj/udma.o
                0x00203a78                udma_set_channel_dst
 .text.udma_set_channel_control_word
                0x00203a8c       0x14 build/zoul/remote-revb//obj/udma.o
                0x00203a8c                udma_set_channel_control_word
 .text.udma_channel_enable
                0x00203aa0       0x18 build/zoul/remote-revb//obj/udma.o
                0x00203aa0                udma_channel_enable
 .text.udma_channel_mask_set
                0x00203ab8       0x18 build/zoul/remote-revb//obj/udma.o
                0x00203ab8                udma_channel_mask_set
 .text.udma_channel_sw_request
                0x00203ad0       0x18 build/zoul/remote-revb//obj/udma.o
                0x00203ad0                udma_channel_sw_request
 .text.udma_channel_get_mode
                0x00203ae8       0x1c build/zoul/remote-revb//obj/udma.o
                0x00203ae8                udma_channel_get_mode
 .text.udma_isr
                0x00203b04       0x10 build/zoul/remote-revb//obj/udma.o
                0x00203b04                udma_isr
 .text.udma_err_isr
                0x00203b14        0xc build/zoul/remote-revb//obj/udma.o
                0x00203b14                udma_err_isr
 .text.select_32_mhz_xosc
                0x00203b20       0x30 build/zoul/remote-revb//obj/lpm.o
 .text.lpm_exit
                0x00203b50       0x34 build/zoul/remote-revb//obj/lpm.o
                0x00203b50                lpm_exit
 .text.lpm_enter
                0x00203b84       0xb8 build/zoul/remote-revb//obj/lpm.o
                0x00203b84                lpm_enter
 .text.lpm_register_peripheral
                0x00203c3c       0x24 build/zoul/remote-revb//obj/lpm.o
                0x00203c3c                lpm_register_peripheral
 .text.lpm_init
                0x00203c60       0x24 build/zoul/remote-revb//obj/lpm.o
                0x00203c60                lpm_init
 .text.pka_isr  0x00203c84       0x28 build/zoul/remote-revb//obj/pka.o
                0x00203c84                pka_isr
 .text.ieee_addr_cpy_to
                0x00203cac       0x60 build/zoul/remote-revb//obj/ieee-addr.o
                0x00203cac                ieee_addr_cpy_to
 .text.startup.main
                0x00203d0c      0x1e8 build/zoul/remote-revb//obj/contiki-main.o
                0x00203d0c                main
 .text.process_thread_ctimer_process
                0x00203ef4       0x80 build/zoul/remote-revb//obj/ctimer.o
 .text.ctimer_init
                0x00203f74       0x28 build/zoul/remote-revb//obj/ctimer.o
                0x00203f74                ctimer_init
 .text.ctimer_set_with_process
                0x00203f9c       0x44 build/zoul/remote-revb//obj/ctimer.o
                0x00203f9c                ctimer_set_with_process
 .text.ctimer_set
                0x00203fe0       0x14 build/zoul/remote-revb//obj/ctimer.o
                0x00203fe0                ctimer_set
 .text.ctimer_reset
                0x00203ff4       0x38 build/zoul/remote-revb//obj/ctimer.o
                0x00203ff4                ctimer_reset
 .text.ctimer_stop
                0x0020402c       0x2c build/zoul/remote-revb//obj/ctimer.o
                0x0020402c                ctimer_stop
 .text.ctimer_expired
                0x00204058       0x34 build/zoul/remote-revb//obj/ctimer.o
                0x00204058                ctimer_expired
 .text.log_6addr
                0x0020408c       0x20 build/zoul/remote-revb//obj/log.o
                0x0020408c                log_6addr
 .text.log_lladdr
                0x002040ac       0x3c build/zoul/remote-revb//obj/log.o
                0x002040ac                log_lladdr
 .text.update_time
                0x002040e8       0x44 build/zoul/remote-revb//obj/etimer.o
 .text.etimer_request_poll
                0x0020412c        0xc build/zoul/remote-revb//obj/etimer.o
                0x0020412c                etimer_request_poll
 .text.process_thread_etimer_process
                0x00204138       0xac build/zoul/remote-revb//obj/etimer.o
 .text.add_timer
                0x002041e4       0x40 build/zoul/remote-revb//obj/etimer.o
 .text.etimer_pending
                0x00204224       0x10 build/zoul/remote-revb//obj/etimer.o
                0x00204224                etimer_pending
 .text.etimer_stop
                0x00204234       0x34 build/zoul/remote-revb//obj/etimer.o
                0x00204234                etimer_stop
 .text.node_id_init
                0x00204268       0x18 build/zoul/remote-revb//obj/node-id.o
                0x00204268                node_id_init
 .text.stimer_expired
                0x00204280       0x20 build/zoul/remote-revb//obj/stimer.o
                0x00204280                stimer_expired
 .text.call_process.part.0
                0x002042a0       0x38 build/zoul/remote-revb//obj/process.o
 .text.exit_process
                0x002042d8       0x80 build/zoul/remote-revb//obj/process.o
 .text.do_poll  0x00204358       0x34 build/zoul/remote-revb//obj/process.o
 .text.process_alloc_event
                0x0020438c       0x10 build/zoul/remote-revb//obj/process.o
                0x0020438c                process_alloc_event
 .text.process_init
                0x0020439c       0x30 build/zoul/remote-revb//obj/process.o
                0x0020439c                process_init
 .text.process_run
                0x002043cc       0x84 build/zoul/remote-revb//obj/process.o
                0x002043cc                process_run
 .text.process_nevents
                0x00204450       0x14 build/zoul/remote-revb//obj/process.o
                0x00204450                process_nevents
 .text.process_post
                0x00204464       0x3c build/zoul/remote-revb//obj/process.o
                0x00204464                process_post
 .text.process_post_synch
                0x002044a0       0x14 build/zoul/remote-revb//obj/process.o
                0x002044a0                process_post_synch
 .text.process_start
                0x002044b4       0x30 build/zoul/remote-revb//obj/process.o
                0x002044b4                process_start
 .text.process_poll
                0x002044e4       0x18 build/zoul/remote-revb//obj/process.o
                0x002044e4                process_poll
 .text.rtimer_run_next
                0x002044fc       0x28 build/zoul/remote-revb//obj/rtimer.o
                0x002044fc                rtimer_run_next
 .text.stack_check_init
                0x00204524       0x28 build/zoul/remote-revb//obj/stack-check.o
                0x00204524                stack_check_init
 .text.stack_check_get_usage
                0x0020454c       0x44 build/zoul/remote-revb//obj/stack-check.o
                0x0020454c                stack_check_get_usage
 .text.process_thread_stack_check_process
                0x00204590       0x88 build/zoul/remote-revb//obj/stack-check.o
 .text.duration_exceeded_callback
                0x00204618       0x34 build/zoul/remote-revb//obj/button-hal.o
 .text.process_thread_button_hal_process
                0x0020464c       0x70 build/zoul/remote-revb//obj/button-hal.o
 .text.press_release_handler
                0x002046bc       0x18 build/zoul/remote-revb//obj/button-hal.o
 .text.debounce_handler
                0x002046d4       0x64 build/zoul/remote-revb//obj/button-hal.o
 .text.button_hal_init
                0x00204738       0xf4 build/zoul/remote-revb//obj/button-hal.o
                0x00204738                button_hal_init
 .text.process_thread_serial_line_process
                0x0020482c       0x9c build/zoul/remote-revb//obj/serial-line.o
 .text.serial_line_input_byte
                0x002048c8       0x44 build/zoul/remote-revb//obj/serial-line.o
                0x002048c8                serial_line_input_byte
 .text.serial_line_init
                0x0020490c       0x24 build/zoul/remote-revb//obj/serial-line.o
                0x0020490c                serial_line_init
 .text.gpio_hal_register_handler
                0x00204930        0xc build/zoul/remote-revb//obj/gpio-hal.o
                0x00204930                gpio_hal_register_handler
 .text.gpio_hal_event_handler
                0x0020493c       0x24 build/zoul/remote-revb//obj/gpio-hal.o
                0x0020493c                gpio_hal_event_handler
 .text.gpio_hal_init
                0x00204960        0xc build/zoul/remote-revb//obj/gpio-hal.o
                0x00204960                gpio_hal_init
 .text.process_thread_sensors_process
                0x0020496c       0xdc build/zoul/remote-revb//obj/sensors.o
 .text.random_rand
                0x00204a48       0x20 build/zoul/remote-revb//obj/random.o
                0x00204a48                random_rand
 .text.random_init
                0x00204a68       0x7c build/zoul/remote-revb//obj/random.o
                0x00204a68                random_init
 .text.queuebuf_init
                0x00204ae4       0x1c build/zoul/remote-revb//obj/queuebuf.o
                0x00204ae4                queuebuf_init
 .text.queuebuf_numfree
                0x00204b00        0xc build/zoul/remote-revb//obj/queuebuf.o
                0x00204b00                queuebuf_numfree
 .text.queuebuf_new_from_packetbuf
                0x00204b0c       0x44 build/zoul/remote-revb//obj/queuebuf.o
                0x00204b0c                queuebuf_new_from_packetbuf
 .text.queuebuf_free
                0x00204b50       0x2c build/zoul/remote-revb//obj/queuebuf.o
                0x00204b50                queuebuf_free
 .text.queuebuf_to_packetbuf
                0x00204b7c       0x30 build/zoul/remote-revb//obj/queuebuf.o
                0x00204b7c                queuebuf_to_packetbuf
 .text.index_from_key
                0x00204bac       0x20 build/zoul/remote-revb//obj/nbr-table.o
 .text.index_from_lladdr
                0x00204bcc       0x40 build/zoul/remote-revb//obj/nbr-table.o
 .text.nbr_get_bit.constprop.0
                0x00204c0c       0x2c build/zoul/remote-revb//obj/nbr-table.o
 .text.nbr_table_is_registered
                0x00204c38       0x20 build/zoul/remote-revb//obj/nbr-table.o
                0x00204c38                nbr_table_is_registered
 .text.nbr_table_register
                0x00204c58       0x30 build/zoul/remote-revb//obj/nbr-table.o
                0x00204c58                nbr_table_register
 .text.nbr_table_next
                0x00204c88       0x48 build/zoul/remote-revb//obj/nbr-table.o
                0x00204c88                nbr_table_next
 .text.nbr_table_head
                0x00204cd0       0x38 build/zoul/remote-revb//obj/nbr-table.o
                0x00204cd0                nbr_table_head
 .text.nbr_table_add_lladdr
                0x00204d08      0x164 build/zoul/remote-revb//obj/nbr-table.o
                0x00204d08                nbr_table_add_lladdr
 .text.nbr_table_remove
                0x00204e6c       0x2c build/zoul/remote-revb//obj/nbr-table.o
                0x00204e6c                nbr_table_remove
 .text.nbr_table_lock
                0x00204e98       0x10 build/zoul/remote-revb//obj/nbr-table.o
                0x00204e98                nbr_table_lock
 .text.nbr_table_unlock
                0x00204ea8       0x10 build/zoul/remote-revb//obj/nbr-table.o
                0x00204ea8                nbr_table_unlock
 .text.nbr_table_get_lladdr
                0x00204eb8       0x24 build/zoul/remote-revb//obj/nbr-table.o
                0x00204eb8                nbr_table_get_lladdr
 .text.packetbuf_hdrreduce
                0x00204edc       0x28 build/zoul/remote-revb//obj/packetbuf.o
                0x00204edc                packetbuf_hdrreduce
 .text.packetbuf_set_datalen
                0x00204f04        0xc build/zoul/remote-revb//obj/packetbuf.o
                0x00204f04                packetbuf_set_datalen
 .text.packetbuf_hdrptr
                0x00204f10        0x8 build/zoul/remote-revb//obj/packetbuf.o
                0x00204f10                packetbuf_hdrptr
 .text.packetbuf_datalen
                0x00204f18        0xc build/zoul/remote-revb//obj/packetbuf.o
                0x00204f18                packetbuf_datalen
 .text.packetbuf_hdrlen
                0x00204f24       0x18 build/zoul/remote-revb//obj/packetbuf.o
                0x00204f24                packetbuf_hdrlen
 .text.packetbuf_dataptr
                0x00204f3c       0x10 build/zoul/remote-revb//obj/packetbuf.o
                0x00204f3c                packetbuf_dataptr
 .text.packetbuf_copyto
                0x00204f4c       0x44 build/zoul/remote-revb//obj/packetbuf.o
                0x00204f4c                packetbuf_copyto
 .text.packetbuf_totlen
                0x00204f90       0x14 build/zoul/remote-revb//obj/packetbuf.o
                0x00204f90                packetbuf_totlen
 .text.packetbuf_hdralloc
                0x00204fa4       0x3c build/zoul/remote-revb//obj/packetbuf.o
                0x00204fa4                packetbuf_hdralloc
 .text.packetbuf_attr_clear
                0x00204fe0       0x34 build/zoul/remote-revb//obj/packetbuf.o
                0x00204fe0                packetbuf_attr_clear
 .text.packetbuf_clear
                0x00205014       0x20 build/zoul/remote-revb//obj/packetbuf.o
                0x00205014                packetbuf_clear
 .text.packetbuf_copyfrom
                0x00205034       0x2c build/zoul/remote-revb//obj/packetbuf.o
                0x00205034                packetbuf_copyfrom
 .text.packetbuf_attr_copyto
                0x00205060       0x24 build/zoul/remote-revb//obj/packetbuf.o
                0x00205060                packetbuf_attr_copyto
 .text.packetbuf_attr_copyfrom
                0x00205084       0x24 build/zoul/remote-revb//obj/packetbuf.o
                0x00205084                packetbuf_attr_copyfrom
 .text.packetbuf_set_attr
                0x002050a8       0x10 build/zoul/remote-revb//obj/packetbuf.o
                0x002050a8                packetbuf_set_attr
 .text.packetbuf_attr
                0x002050b8        0xc build/zoul/remote-revb//obj/packetbuf.o
                0x002050b8                packetbuf_attr
 .text.packetbuf_set_addr
                0x002050c4       0x18 build/zoul/remote-revb//obj/packetbuf.o
                0x002050c4                packetbuf_set_addr
 .text.packetbuf_addr
                0x002050dc       0x10 build/zoul/remote-revb//obj/packetbuf.o
                0x002050dc                packetbuf_addr
 .text.packetbuf_holds_broadcast
                0x002050ec       0x10 build/zoul/remote-revb//obj/packetbuf.o
                0x002050ec                packetbuf_holds_broadcast
 .text.netstack_process_ip_callback
                0x002050fc       0x40 build/zoul/remote-revb//obj/netstack.o
                0x002050fc                netstack_process_ip_callback
 .text.netstack_init
                0x0020513c       0x24 build/zoul/remote-revb//obj/netstack.o
                0x0020513c                netstack_init
 .text.periodic
                0x00205160       0x2c build/zoul/remote-revb//obj/link-stats.o
 .text.link_stats_from_lladdr
                0x0020518c        0xc build/zoul/remote-revb//obj/link-stats.o
                0x0020518c                link_stats_from_lladdr
 .text.link_stats_packet_sent
                0x00205198       0x74 build/zoul/remote-revb//obj/link-stats.o
                0x00205198                link_stats_packet_sent
 .text.link_stats_input_callback
                0x0020520c       0x4c build/zoul/remote-revb//obj/link-stats.o
                0x0020520c                link_stats_input_callback
 .text.link_stats_reset
                0x00205258       0x24 build/zoul/remote-revb//obj/link-stats.o
                0x00205258                link_stats_reset
 .text.link_stats_init
                0x0020527c       0x28 build/zoul/remote-revb//obj/link-stats.o
                0x0020527c                link_stats_init
 .text.mac_sequence_is_duplicate
                0x002052a4       0x4c build/zoul/remote-revb//obj/mac-sequence.o
                0x002052a4                mac_sequence_is_duplicate
 .text.mac_sequence_register_seqno
                0x002052f0       0x60 build/zoul/remote-revb//obj/mac-sequence.o
                0x002052f0                mac_sequence_register_seqno
 .text.create_frame
                0x00205350       0xd0 build/zoul/remote-revb//obj/framer-802154.o
 .text.frame802154_get_pan_id
                0x00205420        0xc build/zoul/remote-revb//obj/frame802154.o
                0x00205420                frame802154_get_pan_id
 .text.frame802154_parse
                0x0020542c      0x124 build/zoul/remote-revb//obj/frame802154.o
                0x0020542c                frame802154_parse
 .text.fill_space
                0x00205550       0x34 build/zoul/remote-revb//obj/strformat.o
 .text.format_str_v
                0x00205584      0x6c8 build/zoul/remote-revb//obj/strformat.o
                0x00205584                format_str_v
 .text.printf   0x00205c4c       0x20 build/zoul/remote-revb//obj/printf.o
                0x00205c4c                printf
 .text.sprintf  0x00205c6c       0x30 build/zoul/remote-revb//obj/sprintf.o
                0x00205c6c                sprintf
 .text.vsnprintf
                0x00205c9c       0x28 build/zoul/remote-revb//obj/snprintf.o
                0x00205c9c                vsnprintf
 .text.csma_security_create_frame
                0x00205cc4       0x18 build/zoul/remote-revb//obj/csma-security.o
                0x00205cc4                csma_security_create_frame
 .text.csma_security_parse_frame
                0x00205cdc        0xc build/zoul/remote-revb//obj/csma-security.o
                0x00205cdc                csma_security_parse_frame
 .text.on       0x00205ce8        0xc build/zoul/remote-revb//obj/csma.o
 .text.off      0x00205cf4        0xc build/zoul/remote-revb//obj/csma.o
 .text.max_payload
                0x00205d00       0x1c build/zoul/remote-revb//obj/csma.o
 .text.input_packet
                0x00205d1c       0x50 build/zoul/remote-revb//obj/csma.o
 .text.schedule_transmission
                0x00205d6c       0x38 build/zoul/remote-revb//obj/csma-output.o
 .text.tx_done  0x00205da4       0x84 build/zoul/remote-revb//obj/csma-output.o
 .text.transmit_from_queue
                0x00205e28      0x1dc build/zoul/remote-revb//obj/csma-output.o
 .text.csma_output_packet
                0x00206004      0x13c build/zoul/remote-revb//obj/csma-output.o
                0x00206004                csma_output_packet
 .text.csma_output_init
                0x00206140       0x24 build/zoul/remote-revb//obj/csma-output.o
                0x00206140                csma_output_init
 .text.uipbuf_add_ext_hdr
                0x00206164       0x28 build/zoul/remote-revb//obj/uipbuf.o
                0x00206164                uipbuf_add_ext_hdr
 .text.uipbuf_set_len
                0x0020618c       0x14 build/zoul/remote-revb//obj/uipbuf.o
                0x0020618c                uipbuf_set_len
 .text.uipbuf_get_attr
                0x002061a0       0x14 build/zoul/remote-revb//obj/uipbuf.o
                0x002061a0                uipbuf_get_attr
 .text.uipbuf_clear_attr
                0x002061b4       0x14 build/zoul/remote-revb//obj/uipbuf.o
                0x002061b4                uipbuf_clear_attr
 .text.uipbuf_clear
                0x002061c8       0x20 build/zoul/remote-revb//obj/uipbuf.o
                0x002061c8                uipbuf_clear
 .text.uipbuf_init
                0x002061e8       0x20 build/zoul/remote-revb//obj/uipbuf.o
                0x002061e8                uipbuf_init
 .text.echo_reply_input
                0x00206208       0x6c build/zoul/remote-revb//obj/uip-icmp6.o
 .text.echo_request_input
                0x00206274       0x98 build/zoul/remote-revb//obj/uip-icmp6.o
 .text.uip_icmp6_input
                0x0020630c       0x38 build/zoul/remote-revb//obj/uip-icmp6.o
                0x0020630c                uip_icmp6_input
 .text.uip_icmp6_register_input_handler
                0x00206344        0xc build/zoul/remote-revb//obj/uip-icmp6.o
                0x00206344                uip_icmp6_register_input_handler
 .text.uip_icmp6_error_output
                0x00206350      0x138 build/zoul/remote-revb//obj/uip-icmp6.o
                0x00206350                uip_icmp6_error_output
 .text.uip_icmp6_send
                0x00206488       0x7c build/zoul/remote-revb//obj/uip-icmp6.o
                0x00206488                uip_icmp6_send
 .text.uip_icmp6_init
                0x00206504       0x1c build/zoul/remote-revb//obj/uip-icmp6.o
                0x00206504                uip_icmp6_init
 .text.node_matches_address.part.0
                0x00206520       0x28 build/zoul/remote-revb//obj/uip-sr.o
 .text.uip_sr_get_node
                0x00206548       0x34 build/zoul/remote-revb//obj/uip-sr.o
                0x00206548                uip_sr_get_node
 .text.uip_sr_is_addr_reachable
                0x0020657c       0x44 build/zoul/remote-revb//obj/uip-sr.o
                0x0020657c                uip_sr_is_addr_reachable
 .text.uip_sr_update_node
                0x002065c0      0x128 build/zoul/remote-revb//obj/uip-sr.o
                0x002065c0                uip_sr_update_node
 .text.uip_sr_init
                0x002066e8       0x24 build/zoul/remote-revb//obj/uip-sr.o
                0x002066e8                uip_sr_init
 .text.uip_sr_periodic
                0x0020670c       0xac build/zoul/remote-revb//obj/uip-sr.o
                0x0020670c                uip_sr_periodic
 .text.uip_sr_free_all
                0x002067b8       0x40 build/zoul/remote-revb//obj/uip-sr.o
                0x002067b8                uip_sr_free_all
 .text.uip_ds6_prefix_add
                0x002067f8       0xbc build/zoul/remote-revb//obj/uip-ds6.o
                0x002067f8                uip_ds6_prefix_add
 .text.uip_ds6_is_addr_onlink
                0x002068b4       0x40 build/zoul/remote-revb//obj/uip-ds6.o
                0x002068b4                uip_ds6_is_addr_onlink
 .text.uip_ds6_addr_lookup
                0x002068f4       0x2c build/zoul/remote-revb//obj/uip-ds6.o
                0x002068f4                uip_ds6_addr_lookup
 .text.uip_ds6_get_link_local
                0x00206920       0x40 build/zoul/remote-revb//obj/uip-ds6.o
                0x00206920                uip_ds6_get_link_local
 .text.uip_ds6_maddr_add
                0x00206960       0x4c build/zoul/remote-revb//obj/uip-ds6.o
                0x00206960                uip_ds6_maddr_add
 .text.uip_ds6_addr_add
                0x002069ac       0x94 build/zoul/remote-revb//obj/uip-ds6.o
                0x002069ac                uip_ds6_addr_add
 .text.uip_ds6_maddr_lookup
                0x00206a40       0x2c build/zoul/remote-revb//obj/uip-ds6.o
                0x00206a40                uip_ds6_maddr_lookup
 .text.uip_ds6_addr_rm
                0x00206a6c       0x44 build/zoul/remote-revb//obj/uip-ds6.o
                0x00206a6c                uip_ds6_addr_rm
 .text.uip_ds6_periodic
                0x00206ab0       0x4c build/zoul/remote-revb//obj/uip-ds6.o
                0x00206ab0                uip_ds6_periodic
 .text.uip_ds6_select_src
                0x00206afc       0x94 build/zoul/remote-revb//obj/uip-ds6.o
                0x00206afc                uip_ds6_select_src
 .text.uip_ds6_compute_reachable_time
                0x00206b90       0x2c build/zoul/remote-revb//obj/uip-ds6.o
                0x00206b90                uip_ds6_compute_reachable_time
 .text.uip_ds6_init
                0x00206bbc      0x18c build/zoul/remote-revb//obj/uip-ds6.o
                0x00206bbc                uip_ds6_init
 .text.uip_udp_packet_send
                0x00206d48       0x34 build/zoul/remote-revb//obj/uip-udp-packet.o
                0x00206d48                uip_udp_packet_send
 .text.uip_ds6_route_init
                0x00206d7c       0x1c build/zoul/remote-revb//obj/uip-ds6-route.o
                0x00206d7c                uip_ds6_route_init
 .text.uip_ds6_defrt_rm
                0x00206d98       0x58 build/zoul/remote-revb//obj/uip-ds6-route.o
                0x00206d98                uip_ds6_defrt_rm
 .text.uip_ds6_defrt_lookup
                0x00206df0       0x34 build/zoul/remote-revb//obj/uip-ds6-route.o
                0x00206df0                uip_ds6_defrt_lookup
 .text.uip_ds6_defrt_add
                0x00206e24       0xcc build/zoul/remote-revb//obj/uip-ds6-route.o
                0x00206e24                uip_ds6_defrt_add
 .text.uip_ds6_defrt_choose
                0x00206ef0       0xa0 build/zoul/remote-revb//obj/uip-ds6-route.o
                0x00206ef0                uip_ds6_defrt_choose
 .text.uip_ds6_defrt_periodic
                0x00206f90       0x50 build/zoul/remote-revb//obj/uip-ds6-route.o
                0x00206f90                uip_ds6_defrt_periodic
 .text.tcpip_output
                0x00206fe0       0x2c build/zoul/remote-revb//obj/tcpip.o
                0x00206fe0                tcpip_output
 .text.udp_new  0x0020700c       0x18 build/zoul/remote-revb//obj/tcpip.o
                0x0020700c                udp_new
 .text.tcpip_input
                0x00207024       0x24 build/zoul/remote-revb//obj/tcpip.o
                0x00207024                tcpip_input
 .text.tcpip_ipv6_output
                0x00207048       0xe4 build/zoul/remote-revb//obj/tcpip.o
                0x00207048                tcpip_ipv6_output
 .text.packet_input
                0x0020712c       0x20 build/zoul/remote-revb//obj/tcpip.o
 .text.process_thread_tcpip_process
                0x0020714c       0xbc build/zoul/remote-revb//obj/tcpip.o
 .text.tcpip_uipcall
                0x00207208       0x2c build/zoul/remote-revb//obj/tcpip.o
                0x00207208                tcpip_uipcall
 .text.upper_layer_chksum
                0x00207234       0x54 build/zoul/remote-revb//obj/uip6.o
 .text.ext_hdr_options_process
                0x00207288       0x80 build/zoul/remote-revb//obj/uip6.o
 .text.unlikely.uip_update_ttl
                0x00207308       0x24 build/zoul/remote-revb//obj/uip6.o
 .text.uip_init
                0x0020732c       0x38 build/zoul/remote-revb//obj/uip6.o
                0x0020732c                uip_init
 .text.uip_remove_ext_hdr
                0x00207364       0x60 build/zoul/remote-revb//obj/uip6.o
                0x00207364                uip_remove_ext_hdr
 .text.uip_udp_new
                0x002073c4       0x8c build/zoul/remote-revb//obj/uip6.o
                0x002073c4                uip_udp_new
 .text.uip_process
                0x00207450      0x44c build/zoul/remote-revb//obj/uip6.o
                0x00207450                uip_process
 .text.uip_ds6_nbr_rm
                0x0020789c       0x24 build/zoul/remote-revb//obj/uip-ds6-nbr.o
                0x0020789c                uip_ds6_nbr_rm
 .text.uip_ds6_neighbors_init
                0x002078c0       0x1c build/zoul/remote-revb//obj/uip-ds6-nbr.o
                0x002078c0                uip_ds6_neighbors_init
 .text.uip_ds6_nbr_add
                0x002078dc       0xbc build/zoul/remote-revb//obj/uip-ds6-nbr.o
                0x002078dc                uip_ds6_nbr_add
 .text.uip_ds6_nbr_get_ll
                0x00207998        0xc build/zoul/remote-revb//obj/uip-ds6-nbr.o
                0x00207998                uip_ds6_nbr_get_ll
 .text.uip_ds6_nbr_head
                0x002079a4        0xc build/zoul/remote-revb//obj/uip-ds6-nbr.o
                0x002079a4                uip_ds6_nbr_head
 .text.uip_ds6_nbr_next
                0x002079b0        0xc build/zoul/remote-revb//obj/uip-ds6-nbr.o
                0x002079b0                uip_ds6_nbr_next
 .text.uip_ds6_nbr_ll_lookup
                0x002079bc        0xc build/zoul/remote-revb//obj/uip-ds6-nbr.o
                0x002079bc                uip_ds6_nbr_ll_lookup
 .text.uip_ds6_nbr_update_ll
                0x002079c8       0xcc build/zoul/remote-revb//obj/uip-ds6-nbr.o
                0x002079c8                uip_ds6_nbr_update_ll
 .text.ns_input
                0x00207a94      0x268 build/zoul/remote-revb//obj/uip-nd6.o
 .text.uip_nd6_init
                0x00207cfc        0xc build/zoul/remote-revb//obj/uip-nd6.o
                0x00207cfc                uip_nd6_init
 .text.process_thread_simple_udp_process
                0x00207d08       0xb8 build/zoul/remote-revb//obj/simple-udp.o
 .text.simple_udp_register
                0x00207dc0       0x80 build/zoul/remote-revb//obj/simple-udp.o
                0x00207dc0                simple_udp_register
 .text.clear_fragments
                0x00207e40       0x3c build/zoul/remote-revb//obj/sicslowpan.o
 .text.sicslowpan_init
                0x00207e7c       0x18 build/zoul/remote-revb//obj/sicslowpan.o
                0x00207e7c                sicslowpan_init
 .text.set_packet_attrs
                0x00207e94       0x58 build/zoul/remote-revb//obj/sicslowpan.o
 .text.compress_addr_64
                0x00207eec       0x90 build/zoul/remote-revb//obj/sicslowpan.o
 .text.addr_context_lookup_by_prefix
                0x00207f7c       0x24 build/zoul/remote-revb//obj/sicslowpan.o
 .text.send_packet
                0x00207fa0       0x24 build/zoul/remote-revb//obj/sicslowpan.o
 .text.fragment_copy_payload_and_send
                0x00207fc4       0x6c build/zoul/remote-revb//obj/sicslowpan.o
 .text.output   0x00208030      0x77c build/zoul/remote-revb//obj/sicslowpan.o
 .text.packet_sent
                0x002087ac       0x5c build/zoul/remote-revb//obj/sicslowpan.o
 .text.store_fragment
                0x00208808       0x58 build/zoul/remote-revb//obj/sicslowpan.o
 .text.uncompress_addr
                0x00208860       0x90 build/zoul/remote-revb//obj/sicslowpan.o
 .text.add_fragment
                0x002088f0      0x11c build/zoul/remote-revb//obj/sicslowpan.o
 .text.input    0x00208a0c      0x744 build/zoul/remote-revb//obj/sicslowpan.o
 .text.uiplib_ipaddr_snprint
                0x00209150       0xf0 build/zoul/remote-revb//obj/uiplib.o
                0x00209150                uiplib_ipaddr_snprint
 .text.update_state
                0x00209240       0x78 build/zoul/remote-revb//obj/rpl-nbr-policy.o
 .text.rpl_nbr_policy_find_removable
                0x002092b8       0x50 build/zoul/remote-revb//obj/rpl-nbr-policy.o
                0x002092b8                rpl_nbr_policy_find_removable
 .text.remove_neighbor
                0x00209308       0x3c build/zoul/remote-revb//obj/rpl-neighbor.o
 .text.rpl_neighbor_get_from_lladdr
                0x00209344       0x10 build/zoul/remote-revb//obj/rpl-neighbor.o
                0x00209344                rpl_neighbor_get_from_lladdr
 .text.rpl_neighbor_is_acceptable_parent
                0x00209354       0x18 build/zoul/remote-revb//obj/rpl-neighbor.o
                0x00209354                rpl_neighbor_is_acceptable_parent
 .text.rpl_neighbor_get_link_metric
                0x0020936c       0x18 build/zoul/remote-revb//obj/rpl-neighbor.o
                0x0020936c                rpl_neighbor_get_link_metric
 .text.rpl_neighbor_rank_via_nbr
                0x00209384       0x18 build/zoul/remote-revb//obj/rpl-neighbor.o
                0x00209384                rpl_neighbor_rank_via_nbr
 .text.rpl_neighbor_get_lladdr
                0x0020939c       0x10 build/zoul/remote-revb//obj/rpl-neighbor.o
                0x0020939c                rpl_neighbor_get_lladdr
 .text.best_parent
                0x002093ac       0x90 build/zoul/remote-revb//obj/rpl-neighbor.o
 .text.rpl_neighbor_snprint
                0x0020943c      0x174 build/zoul/remote-revb//obj/rpl-neighbor.o
                0x0020943c                rpl_neighbor_snprint
 .text.rpl_neighbor_print_list
                0x002095b0       0x38 build/zoul/remote-revb//obj/rpl-neighbor.o
                0x002095b0                rpl_neighbor_print_list
 .text.rpl_neighbor_is_parent
                0x002095e8       0x18 build/zoul/remote-revb//obj/rpl-neighbor.o
                0x002095e8                rpl_neighbor_is_parent
 .text.rpl_neighbor_set_preferred_parent
                0x00209600       0x44 build/zoul/remote-revb//obj/rpl-neighbor.o
                0x00209600                rpl_neighbor_set_preferred_parent
 .text.rpl_neighbor_remove_all
                0x00209644       0x2c build/zoul/remote-revb//obj/rpl-neighbor.o
                0x00209644                rpl_neighbor_remove_all
 .text.rpl_neighbor_get_from_ipaddr
                0x00209670       0x1c build/zoul/remote-revb//obj/rpl-neighbor.o
                0x00209670                rpl_neighbor_get_from_ipaddr
 .text.rpl_neighbor_select_best
                0x0020968c       0x54 build/zoul/remote-revb//obj/rpl-neighbor.o
                0x0020968c                rpl_neighbor_select_best
 .text.rpl_neighbor_init
                0x002096e0       0x14 build/zoul/remote-revb//obj/rpl-neighbor.o
                0x002096e0                rpl_neighbor_init
 .text.init_dag
                0x002096f4       0xb4 build/zoul/remote-revb//obj/rpl-dag.o
 .text.init_dag_from_dio
                0x002097a8       0x84 build/zoul/remote-revb//obj/rpl-dag.o
 .text.rpl_dag_get_root_ipaddr
                0x0020982c       0x30 build/zoul/remote-revb//obj/rpl-dag.o
                0x0020982c                rpl_dag_get_root_ipaddr
 .text.rpl_dag_leave
                0x0020985c       0x88 build/zoul/remote-revb//obj/rpl-dag.o
                0x0020985c                rpl_dag_leave
 .text.rpl_dag_poison_and_leave
                0x002098e4       0x10 build/zoul/remote-revb//obj/rpl-dag.o
                0x002098e4                rpl_dag_poison_and_leave
 .text.rpl_dag_periodic
                0x002098f4       0x80 build/zoul/remote-revb//obj/rpl-dag.o
                0x002098f4                rpl_dag_periodic
 .text.rpl_is_addr_in_our_dag
                0x00209974       0x28 build/zoul/remote-revb//obj/rpl-dag.o
                0x00209974                rpl_is_addr_in_our_dag
 .text.rpl_local_repair
                0x0020999c       0x58 build/zoul/remote-revb//obj/rpl-dag.o
                0x0020999c                rpl_local_repair
 .text.rpl_global_repair
                0x002099f4       0x70 build/zoul/remote-revb//obj/rpl-dag.o
                0x002099f4                rpl_global_repair
 .text.rpl_dag_ready_to_advertise
                0x00209a64       0x24 build/zoul/remote-revb//obj/rpl-dag.o
                0x00209a64                rpl_dag_ready_to_advertise
 .text.rpl_dag_update_state
                0x00209a88      0x1b8 build/zoul/remote-revb//obj/rpl-dag.o
                0x00209a88                rpl_dag_update_state
 .text.rpl_process_dio
                0x00209c40      0x304 build/zoul/remote-revb//obj/rpl-dag.o
                0x00209c40                rpl_process_dio
 .text.rpl_process_dis
                0x00209f44       0x4c build/zoul/remote-revb//obj/rpl-dag.o
                0x00209f44                rpl_process_dis
 .text.rpl_process_dao
                0x00209f90       0x70 build/zoul/remote-revb//obj/rpl-dag.o
                0x00209f90                rpl_process_dao
 .text.rpl_process_dao_ack
                0x0020a000       0x78 build/zoul/remote-revb//obj/rpl-dag.o
                0x0020a000                rpl_process_dao_ack
 .text.rpl_dag_init_root
                0x0020a078       0xe4 build/zoul/remote-revb//obj/rpl-dag.o
                0x0020a078                rpl_dag_init_root
 .text.rpl_dag_init
                0x0020a15c       0x10 build/zoul/remote-revb//obj/rpl-dag.o
                0x0020a15c                rpl_dag_init
 .text.new_dio_interval
                0x0020a16c       0x58 build/zoul/remote-revb//obj/rpl-timers.o
 .text.handle_unicast_dio_timer
                0x0020a1c4       0x1c build/zoul/remote-revb//obj/rpl-timers.o
 .text.handle_dao_timer
                0x0020a1e0       0xdc build/zoul/remote-revb//obj/rpl-timers.o
 .text.handle_dao_ack_timer
                0x0020a2bc       0x14 build/zoul/remote-revb//obj/rpl-timers.o
 .text.handle_leaving_timer
                0x0020a2d0       0x10 build/zoul/remote-revb//obj/rpl-timers.o
 .text.handle_dio_timer
                0x0020a2e0       0x70 build/zoul/remote-revb//obj/rpl-timers.o
 .text.rpl_timers_schedule_periodic_dis
                0x0020a350       0x38 build/zoul/remote-revb//obj/rpl-timers.o
                0x0020a350                rpl_timers_schedule_periodic_dis
 .text.handle_dis_timer
                0x0020a388       0x34 build/zoul/remote-revb//obj/rpl-timers.o
 .text.handle_periodic_timer
                0x0020a3bc       0x48 build/zoul/remote-revb//obj/rpl-timers.o
 .text.rpl_timers_dio_reset
                0x0020a404       0x28 build/zoul/remote-revb//obj/rpl-timers.o
                0x0020a404                rpl_timers_dio_reset
 .text.rpl_timers_schedule_unicast_dio
                0x0020a42c       0x28 build/zoul/remote-revb//obj/rpl-timers.o
                0x0020a42c                rpl_timers_schedule_unicast_dio
 .text.rpl_timers_schedule_dao
                0x0020a454       0x4c build/zoul/remote-revb//obj/rpl-timers.o
                0x0020a454                rpl_timers_schedule_dao
 .text.rpl_timers_schedule_dao_ack
                0x0020a4a0       0x48 build/zoul/remote-revb//obj/rpl-timers.o
                0x0020a4a0                rpl_timers_schedule_dao_ack
 .text.get_probing_target
                0x0020a4e8       0xc0 build/zoul/remote-revb//obj/rpl-timers.o
                0x0020a4e8                get_probing_target
 .text.rpl_schedule_probing
                0x0020a5a8       0x28 build/zoul/remote-revb//obj/rpl-timers.o
                0x0020a5a8                rpl_schedule_probing
 .text.rpl_schedule_probing_now
                0x0020a5d0       0x2c build/zoul/remote-revb//obj/rpl-timers.o
                0x0020a5d0                rpl_schedule_probing_now
 .text.rpl_timers_unschedule_leaving
                0x0020a5fc       0x24 build/zoul/remote-revb//obj/rpl-timers.o
                0x0020a5fc                rpl_timers_unschedule_leaving
 .text.rpl_timers_schedule_leaving
                0x0020a620       0x30 build/zoul/remote-revb//obj/rpl-timers.o
                0x0020a620                rpl_timers_schedule_leaving
 .text.rpl_timers_init
                0x0020a650       0x20 build/zoul/remote-revb//obj/rpl-timers.o
                0x0020a650                rpl_timers_init
 .text.rpl_timers_stop_dag_timers
                0x0020a670       0x44 build/zoul/remote-revb//obj/rpl-timers.o
                0x0020a670                rpl_timers_stop_dag_timers
 .text.rpl_timers_unschedule_state_update
                0x0020a6b4       0x14 build/zoul/remote-revb//obj/rpl-timers.o
                0x0020a6b4                rpl_timers_unschedule_state_update
 .text.rpl_timers_schedule_state_update
                0x0020a6c8       0x1c build/zoul/remote-revb//obj/rpl-timers.o
                0x0020a6c8                rpl_timers_schedule_state_update
 .text.update_hbh_header
                0x0020a6e4       0x4c build/zoul/remote-revb//obj/rpl-ext-header.o
 .text.rpl_ext_header_srh_get_next_hop
                0x0020a730       0x84 build/zoul/remote-revb//obj/rpl-ext-header.o
                0x0020a730                rpl_ext_header_srh_get_next_hop
 .text.rpl_ext_header_srh_update
                0x0020a7b4       0xa4 build/zoul/remote-revb//obj/rpl-ext-header.o
                0x0020a7b4                rpl_ext_header_srh_update
 .text.rpl_ext_header_hbh_update
                0x0020a858       0x90 build/zoul/remote-revb//obj/rpl-ext-header.o
                0x0020a858                rpl_ext_header_hbh_update
 .text.rpl_ext_header_remove
                0x0020a8e8       0xa4 build/zoul/remote-revb//obj/rpl-ext-header.o
                0x0020a8e8                rpl_ext_header_remove
 .text.rpl_ext_header_update
                0x0020a98c      0x258 build/zoul/remote-revb//obj/rpl-ext-header.o
                0x0020a98c                rpl_ext_header_update
 .text.rpl_has_joined
                0x0020abe4       0x18 build/zoul/remote-revb//obj/rpl.o
                0x0020abe4                rpl_has_joined
 .text.rpl_is_reachable
                0x0020abfc       0x18 build/zoul/remote-revb//obj/rpl.o
                0x0020abfc                rpl_is_reachable
 .text.get_sr_node_ipaddr
                0x0020ac14       0x2c build/zoul/remote-revb//obj/rpl.o
 .text.set_ip_from_prefix
                0x0020ac40       0x2c build/zoul/remote-revb//obj/rpl.o
 .text.init     0x0020ac6c       0x40 build/zoul/remote-revb//obj/rpl.o
 .text.rpl_link_callback
                0x0020acac       0x2c build/zoul/remote-revb//obj/rpl.o
                0x0020acac                rpl_link_callback
 .text.rpl_get_global_address
                0x0020acd8       0x64 build/zoul/remote-revb//obj/rpl.o
                0x0020acd8                rpl_get_global_address
 .text.rpl_reset_prefix
                0x0020ad3c       0x28 build/zoul/remote-revb//obj/rpl.o
                0x0020ad3c                rpl_reset_prefix
 .text.rpl_set_prefix_from_addr
                0x0020ad64       0x70 build/zoul/remote-revb//obj/rpl.o
                0x0020ad64                rpl_set_prefix_from_addr
 .text.rpl_get_leaf_only
                0x0020add4        0xc build/zoul/remote-revb//obj/rpl.o
                0x0020add4                rpl_get_leaf_only
 .text.update_metric_container
                0x0020ade0        0xc build/zoul/remote-revb//obj/rpl-mrhof.o
 .text.within_hysteresis
                0x0020adec       0x38 build/zoul/remote-revb//obj/rpl-mrhof.o
 .text.rank_via_nbr
                0x0020ae24       0x30 build/zoul/remote-revb//obj/rpl-mrhof.o
 .text.best_parent
                0x0020ae54       0x70 build/zoul/remote-revb//obj/rpl-mrhof.o
 .text.dao_ack_input
                0x0020aec4       0x38 build/zoul/remote-revb//obj/rpl-icmp6.o
 .text.dao_input
                0x0020aefc      0x100 build/zoul/remote-revb//obj/rpl-icmp6.o
 .text.dio_input
                0x0020affc      0x214 build/zoul/remote-revb//obj/rpl-icmp6.o
 .text.dis_input
                0x0020b210       0x2c build/zoul/remote-revb//obj/rpl-icmp6.o
 .text.rpl_icmp6_dis_output
                0x0020b23c       0x38 build/zoul/remote-revb//obj/rpl-icmp6.o
                0x0020b23c                rpl_icmp6_dis_output
 .text.rpl_icmp6_dio_output
                0x0020b274      0x1c0 build/zoul/remote-revb//obj/rpl-icmp6.o
                0x0020b274                rpl_icmp6_dio_output
 .text.rpl_icmp6_dao_output
                0x0020b434       0xc4 build/zoul/remote-revb//obj/rpl-icmp6.o
                0x0020b434                rpl_icmp6_dao_output
 .text.rpl_icmp6_dao_ack_output
                0x0020b4f8       0x44 build/zoul/remote-revb//obj/rpl-icmp6.o
                0x0020b4f8                rpl_icmp6_dao_ack_output
 .text.rpl_icmp6_init
                0x0020b53c       0x30 build/zoul/remote-revb//obj/rpl-icmp6.o
                0x0020b53c                rpl_icmp6_init
 .text.rpl_dag_root_set_prefix
                0x0020b56c       0x64 build/zoul/remote-revb//obj/rpl-dag-root.o
                0x0020b56c                rpl_dag_root_set_prefix
 .text.rpl_dag_root_start
                0x0020b5d0       0x68 build/zoul/remote-revb//obj/rpl-dag-root.o
                0x0020b5d0                rpl_dag_root_start
 .text.rpl_dag_root_is_root
                0x0020b638       0x18 build/zoul/remote-revb//obj/rpl-dag-root.o
                0x0020b638                rpl_dag_root_is_root
 .text.udp_rx_callback
                0x0020b650       0xc4 udp-serverIOT.o
 .text.process_thread_udp_server_process
                0x0020b714      0x1d0 udp-serverIOT.o
 .text          0x0020b8e4       0x30 /usr/lib/gcc/arm-none-eabi/5.4.1/armv7-m/libgcc.a(_aeabi_uldivmod.o)
                0x0020b8e4                __aeabi_uldivmod
 .text          0x0020b914      0x2ec /usr/lib/gcc/arm-none-eabi/5.4.1/armv7-m/libgcc.a(_udivmoddi4.o)
                0x0020b914                __udivmoddi4
 .text          0x0020bc00        0x4 /usr/lib/gcc/arm-none-eabi/5.4.1/armv7-m/libgcc.a(_dvmd_tls.o)
                0x0020bc00                __aeabi_ldiv0
                0x0020bc00                __aeabi_idiv0
 .text          0x0020bc04       0x64 /usr/lib/gcc/arm-none-eabi/5.4.1/../../../arm-none-eabi/lib/armv7-m/libc.a(lib_a-memcmp.o)
                0x0020bc04                memcmp
 .text          0x0020bc68       0xec /usr/lib/gcc/arm-none-eabi/5.4.1/../../../arm-none-eabi/lib/armv7-m/libc.a(lib_a-memcpy.o)
                0x0020bc68                memcpy
 .text          0x0020bd54       0xc8 /usr/lib/gcc/arm-none-eabi/5.4.1/../../../arm-none-eabi/lib/armv7-m/libc.a(lib_a-memmove.o)
                0x0020bd54                memmove
 .text          0x0020be1c       0x9c /usr/lib/gcc/arm-none-eabi/5.4.1/../../../arm-none-eabi/lib/armv7-m/libc.a(lib_a-memset.o)
                0x0020be1c                memset
 .text          0x0020beb8      0x1bc /usr/lib/gcc/arm-none-eabi/5.4.1/../../../arm-none-eabi/lib/armv7-m/libc.a(lib_a-strcmp.o)
                0x0020beb8                strcmp
 .text.default_handler
                0x0020c074        0x2 build/zoul/remote-revb//obj/startup-gcc.o
                0x0020c074                default_handler
 .text.nmi_handler
                0x0020c076        0x6 build/zoul/remote-revb//obj/startup-gcc.o
                0x0020c076                nmi_handler
 .text.fade     0x0020c07c       0x58 build/zoul/remote-revb//obj/platform.o
 .text.platform_init_stage_one
                0x0020c0d4       0x14 build/zoul/remote-revb//obj/platform.o
                0x0020c0d4                platform_init_stage_one
 .text.platform_idle
                0x0020c0e8        0x4 build/zoul/remote-revb//obj/platform.o
                0x0020c0e8                platform_idle
 .text.status   0x0020c0ec        0x4 build/zoul/remote-revb//obj/adc-zoul.o
 .text.board_init
                0x0020c0f0        0x4 build/zoul/remote-revb//obj/board.o
                0x0020c0f0                board_init
 .text.soc_init
                0x0020c0f4       0x22 build/zoul/remote-revb//obj/soc.o
                0x0020c0f4                soc_init
 .text.clock_isr
                0x0020c116        0x4 build/zoul/remote-revb//obj/clock.o
                0x0020c116                clock_isr
 .text.rtimer_arch_init
                0x0020c11a        0x2 build/zoul/remote-revb//obj/rtimer-arch.o
                0x0020c11a                rtimer_arch_init
 .text.uart0_isr
                0x0020c11c        0x6 build/zoul/remote-revb//obj/uart.o
                0x0020c11c                uart0_isr
 .text.uart1_isr
                0x0020c122        0x6 build/zoul/remote-revb//obj/uart.o
                0x0020c122                uart1_isr
 .text.gpio_port_a_isr
                0x0020c128        0x6 build/zoul/remote-revb//obj/gpio.o
                0x0020c128                gpio_port_a_isr
 .text.gpio_port_b_isr
                0x0020c12e        0x6 build/zoul/remote-revb//obj/gpio.o
                0x0020c12e                gpio_port_b_isr
 .text.gpio_port_c_isr
                0x0020c134        0x6 build/zoul/remote-revb//obj/gpio.o
                0x0020c134                gpio_port_c_isr
 .text.gpio_port_d_isr
                0x0020c13a        0x6 build/zoul/remote-revb//obj/gpio.o
                0x0020c13a                gpio_port_d_isr
 .text.gpio_hal_arch_write_pin
                0x0020c140       0x2c build/zoul/remote-revb//obj/gpio-hal-arch.o
                0x0020c140                gpio_hal_arch_write_pin
 .text.send     0x0020c16c       0x12 build/zoul/remote-revb//obj/cc2538-rf.o
 .text.int_master_read_and_disable
                0x0020c17e        0x8 build/zoul/remote-revb//obj/int-master.o
                0x0020c17e                int_master_read_and_disable
 .text.int_master_status_set
                0x0020c186        0x6 build/zoul/remote-revb//obj/int-master.o
                0x0020c186                int_master_status_set
 .text.dbg_putchar
                0x0020c18c       0x10 build/zoul/remote-revb//obj/dbg.o
                0x0020c18c                dbg_putchar
 .text.dbg_send_bytes
                0x0020c19c       0x20 build/zoul/remote-revb//obj/dbg.o
                0x0020c19c                dbg_send_bytes
 .text.configure
                0x0020c1bc        0x4 build/zoul/remote-revb//obj/cc2538-temp-sensor.o
 .text.status   0x0020c1c0        0x4 build/zoul/remote-revb//obj/cc2538-temp-sensor.o
 .text.value    0x0020c1c4       0x34 build/zoul/remote-revb//obj/cc2538-temp-sensor.o
 .text.configure
                0x0020c1f8        0x4 build/zoul/remote-revb//obj/vdd3-sensor.o
 .text.status   0x0020c1fc        0x4 build/zoul/remote-revb//obj/vdd3-sensor.o
 .text.value    0x0020c200       0x2a build/zoul/remote-revb//obj/vdd3-sensor.o
 .text.autostart_start
                0x0020c22a       0x14 build/zoul/remote-revb//obj/autostart.o
                0x0020c22a                autostart_start
 .text.energest_init
                0x0020c23e        0x2 build/zoul/remote-revb//obj/energest.o
                0x0020c23e                energest_init
 .text.etimer_set
                0x0020c240       0x12 build/zoul/remote-revb//obj/etimer.o
                0x0020c240                etimer_set
 .text.etimer_reset
                0x0020c252       0x12 build/zoul/remote-revb//obj/etimer.o
                0x0020c252                etimer_reset
 .text.etimer_expired
                0x0020c264        0xa build/zoul/remote-revb//obj/etimer.o
                0x0020c264                etimer_expired
 .text.stimer_set
                0x0020c26e        0xe build/zoul/remote-revb//obj/stimer.o
                0x0020c26e                stimer_set
 .text.call_process
                0x0020c27c        0xc build/zoul/remote-revb//obj/process.o
 .text.rtimer_init
                0x0020c288        0x4 build/zoul/remote-revb//obj/rtimer.o
                0x0020c288                rtimer_init
 .text.timer_set
                0x0020c28c        0xe build/zoul/remote-revb//obj/timer.o
                0x0020c28c                timer_set
 .text.timer_expired
                0x0020c29a       0x1c build/zoul/remote-revb//obj/timer.o
                0x0020c29a                timer_expired
 .text.timer_reset
                0x0020c2b6       0x14 build/zoul/remote-revb//obj/timer.o
                0x0020c2b6                timer_reset
 .text.button_hal_get_state
                0x0020c2ca       0x2a build/zoul/remote-revb//obj/button-hal.o
                0x0020c2ca                button_hal_get_state
 .text.gpio_hal_arch_toggle_pin
                0x0020c2f4       0x2a build/zoul/remote-revb//obj/gpio-hal.o
                0x0020c2f4                gpio_hal_arch_toggle_pin
 .text.list_init
                0x0020c31e        0x6 build/zoul/remote-revb//obj/list.o
                0x0020c31e                list_init
 .text.list_head
                0x0020c324        0x4 build/zoul/remote-revb//obj/list.o
                0x0020c324                list_head
 .text.list_tail
                0x0020c328       0x10 build/zoul/remote-revb//obj/list.o
                0x0020c328                list_tail
 .text.list_remove
                0x0020c338       0x26 build/zoul/remote-revb//obj/list.o
                0x0020c338                list_remove
 .text.list_add
                0x0020c35e       0x1a build/zoul/remote-revb//obj/list.o
                0x0020c35e                list_add
 .text.list_push
                0x0020c378       0x10 build/zoul/remote-revb//obj/list.o
                0x0020c378                list_push
 .text.list_length
                0x0020c388        0xe build/zoul/remote-revb//obj/list.o
                0x0020c388                list_length
 .text.list_item_next
                0x0020c396        0x6 build/zoul/remote-revb//obj/list.o
                0x0020c396                list_item_next
 .text.memb_init
                0x0020c39c       0x20 build/zoul/remote-revb//obj/memb.o
                0x0020c39c                memb_init
 .text.memb_alloc
                0x0020c3bc       0x28 build/zoul/remote-revb//obj/memb.o
                0x0020c3bc                memb_alloc
 .text.memb_free
                0x0020c3e4       0x2c build/zoul/remote-revb//obj/memb.o
                0x0020c3e4                memb_free
 .text.memb_inmemb
                0x0020c410       0x1c build/zoul/remote-revb//obj/memb.o
                0x0020c410                memb_inmemb
 .text.memb_numfree
                0x0020c42c       0x1c build/zoul/remote-revb//obj/memb.o
                0x0020c42c                memb_numfree
 .text.ringbuf_init
                0x0020c448        0xe build/zoul/remote-revb//obj/ringbuf.o
                0x0020c448                ringbuf_init
 .text.ringbuf_put
                0x0020c456       0x26 build/zoul/remote-revb//obj/ringbuf.o
                0x0020c456                ringbuf_put
 .text.ringbuf_get
                0x0020c47c       0x20 build/zoul/remote-revb//obj/ringbuf.o
                0x0020c47c                ringbuf_get
 .text.queuebuf_update_attr_from_packetbuf
                0x0020c49c        0xc build/zoul/remote-revb//obj/queuebuf.o
                0x0020c49c                queuebuf_update_attr_from_packetbuf
 .text.queuebuf_attr
                0x0020c4a8        0xc build/zoul/remote-revb//obj/queuebuf.o
                0x0020c4a8                queuebuf_attr
 .text.item_from_index
                0x0020c4b4       0x14 build/zoul/remote-revb//obj/nbr-table.o
 .text.index_from_item
                0x0020c4c8       0x16 build/zoul/remote-revb//obj/nbr-table.o
 .text.nbr_set_bit
                0x0020c4de       0x38 build/zoul/remote-revb//obj/nbr-table.o
 .text.nbr_table_get_from_lladdr
                0x0020c516       0x26 build/zoul/remote-revb//obj/nbr-table.o
                0x0020c516                nbr_table_get_from_lladdr
 .text.linkaddr_copy
                0x0020c53c        0x6 build/zoul/remote-revb//obj/linkaddr.o
                0x0020c53c                linkaddr_copy
 .text.linkaddr_cmp
                0x0020c542       0x10 build/zoul/remote-revb//obj/linkaddr.o
                0x0020c542                linkaddr_cmp
 .text.link_stats_is_fresh
                0x0020c552       0x24 build/zoul/remote-revb//obj/link-stats.o
                0x0020c552                link_stats_is_fresh
 .text.guess_etx_from_rssi
                0x0020c576       0x40 build/zoul/remote-revb//obj/link-stats.o
                0x0020c576                guess_etx_from_rssi
 .text.mac_call_sent_callback
                0x0020c5b6       0x18 build/zoul/remote-revb//obj/mac.o
                0x0020c5b6                mac_call_sent_callback
 .text.parse    0x0020c5ce       0x8a build/zoul/remote-revb//obj/framer-802154.o
 .text.framer_802154_setup_params
                0x0020c658       0x84 build/zoul/remote-revb//obj/framer-802154.o
                0x0020c658                framer_802154_setup_params
 .text.create   0x0020c6dc        0x6 build/zoul/remote-revb//obj/framer-802154.o
 .text.hdr_length
                0x0020c6e2        0x6 build/zoul/remote-revb//obj/framer-802154.o
 .text.frame802154_has_panid
                0x0020c6e8       0xa6 build/zoul/remote-revb//obj/frame802154.o
                0x0020c6e8                frame802154_has_panid
 .text.field_len
                0x0020c78e       0x84 build/zoul/remote-revb//obj/frame802154.o
 .text.frame802154_is_broadcast_addr
                0x0020c812       0x1e build/zoul/remote-revb//obj/frame802154.o
                0x0020c812                frame802154_is_broadcast_addr
 .text.frame802154_hdrlen
                0x0020c830       0x32 build/zoul/remote-revb//obj/frame802154.o
                0x0020c830                frame802154_hdrlen
 .text.frame802154_create_fcf
                0x0020c862       0x60 build/zoul/remote-revb//obj/frame802154.o
                0x0020c862                frame802154_create_fcf
 .text.frame802154_create
                0x0020c8c2       0x94 build/zoul/remote-revb//obj/frame802154.o
                0x0020c8c2                frame802154_create
 .text.frame802154_parse_fcf
                0x0020c956       0x66 build/zoul/remote-revb//obj/frame802154.o
                0x0020c956                frame802154_parse_fcf
 .text.write_str
                0x0020c9bc       0x10 build/zoul/remote-revb//obj/printf.o
 .text.buffer_str
                0x0020c9cc       0x16 build/zoul/remote-revb//obj/sprintf.o
 .text.buffer_str
                0x0020c9e2       0x28 build/zoul/remote-revb//obj/snprintf.o
 .text.snprintf
                0x0020ca0a       0x1a build/zoul/remote-revb//obj/snprintf.o
                0x0020ca0a                snprintf
 .text.putchar  0x0020ca24        0xc build/zoul/remote-revb//obj/putchar.o
                0x0020ca24                putchar
 .text.send_packet
                0x0020ca30        0x4 build/zoul/remote-revb//obj/csma.o
 .text.init     0x0020ca34        0xe build/zoul/remote-revb//obj/csma.o
 .text.uipbuf_set_len_field
                0x0020ca42        0x8 build/zoul/remote-revb//obj/uipbuf.o
                0x0020ca42                uipbuf_set_len_field
 .text.uipbuf_get_len_field
                0x0020ca4a        0xc build/zoul/remote-revb//obj/uipbuf.o
                0x0020ca4a                uipbuf_get_len_field
 .text.uipbuf_get_next_header
                0x0020ca56       0x4e build/zoul/remote-revb//obj/uipbuf.o
                0x0020ca56                uipbuf_get_next_header
 .text.uipbuf_get_last_header
                0x0020caa4       0x2c build/zoul/remote-revb//obj/uipbuf.o
                0x0020caa4                uipbuf_get_last_header
 .text.uipbuf_search_header
                0x0020cad0       0x40 build/zoul/remote-revb//obj/uipbuf.o
                0x0020cad0                uipbuf_search_header
 .text.uip_sr_expire_parent
                0x0020cb10       0x28 build/zoul/remote-revb//obj/uip-sr.o
                0x0020cb10                uip_sr_expire_parent
 .text.uip_ds6_list_loop
                0x0020cb38       0x50 build/zoul/remote-revb//obj/uip-ds6.o
                0x0020cb38                uip_ds6_list_loop
 .text.uip_ds6_maddr_rm
                0x0020cb88        0x8 build/zoul/remote-revb//obj/uip-ds6.o
                0x0020cb88                uip_ds6_maddr_rm
 .text.uip_ds6_set_addr_iid
                0x0020cb90       0x16 build/zoul/remote-revb//obj/uip-ds6.o
                0x0020cb90                uip_ds6_set_addr_iid
 .text.uip_ds6_set_lladdr_from_iid
                0x0020cba6       0x16 build/zoul/remote-revb//obj/uip-ds6.o
                0x0020cba6                uip_ds6_set_lladdr_from_iid
 .text.get_match_length
                0x0020cbbc       0x3e build/zoul/remote-revb//obj/uip-ds6.o
                0x0020cbbc                get_match_length
 .text.uip_udp_packet_sendto
                0x0020cbfa       0x50 build/zoul/remote-revb//obj/uip-udp-packet.o
                0x0020cbfa                uip_udp_packet_sendto
 .text.uip_ds6_route_nexthop
                0x0020cc4a        0x4 build/zoul/remote-revb//obj/uip-ds6-route.o
                0x0020cc4a                uip_ds6_route_nexthop
 .text.uip_ds6_route_lookup
                0x0020cc4e        0x4 build/zoul/remote-revb//obj/uip-ds6-route.o
                0x0020cc4e                uip_ds6_route_lookup
 .text.uip_ds6_route_rm
                0x0020cc52        0x2 build/zoul/remote-revb//obj/uip-ds6-route.o
                0x0020cc52                uip_ds6_route_rm
 .text.chksum   0x0020cc54       0x38 build/zoul/remote-revb//obj/uip6.o
 .text.uip_icmp6chksum
                0x0020cc8c        0x6 build/zoul/remote-revb//obj/uip6.o
                0x0020cc8c                uip_icmp6chksum
 .text.uip_udpchksum
                0x0020cc92        0x6 build/zoul/remote-revb//obj/uip6.o
                0x0020cc92                uip_udpchksum
 .text.uip_htonl
                0x0020cc98       0x18 build/zoul/remote-revb//obj/uip6.o
                0x0020cc98                uip_htonl
 .text.uip_ds6_nbr_lookup
                0x0020ccb0       0x2c build/zoul/remote-revb//obj/uip-ds6-nbr.o
                0x0020ccb0                uip_ds6_nbr_lookup
 .text.uip_ds6_nbr_ipaddr_from_lladdr
                0x0020ccdc        0x4 build/zoul/remote-revb//obj/uip-ds6-nbr.o
                0x0020ccdc                uip_ds6_nbr_ipaddr_from_lladdr
 .text.uip_ds6_nbr_lladdr_from_ipaddr
                0x0020cce0       0x12 build/zoul/remote-revb//obj/uip-ds6-nbr.o
                0x0020cce0                uip_ds6_nbr_lladdr_from_ipaddr
 .text.uip_ds6_link_callback
                0x0020ccf2        0x2 build/zoul/remote-revb//obj/uip-ds6-nbr.o
                0x0020ccf2                uip_ds6_link_callback
 .text.simple_udp_sendto
                0x0020ccf4       0x1e build/zoul/remote-revb//obj/simple-udp.o
                0x0020ccf4                simple_udp_sendto
 .text.rpl_neighbor_get_ipaddr
                0x0020cd12        0xe build/zoul/remote-revb//obj/rpl-neighbor.o
                0x0020cd12                rpl_neighbor_get_ipaddr
 .text.rpl_neighbor_get_link_stats
                0x0020cd20        0xe build/zoul/remote-revb//obj/rpl-neighbor.o
                0x0020cd20                rpl_neighbor_get_link_stats
 .text.rpl_neighbor_is_fresh
                0x0020cd2e        0xe build/zoul/remote-revb//obj/rpl-neighbor.o
                0x0020cd2e                rpl_neighbor_is_fresh
 .text.rpl_process_hbh
                0x0020cd3c       0x1c build/zoul/remote-revb//obj/rpl-dag.o
                0x0020cd3c                rpl_process_hbh
 .text.handle_state_update
                0x0020cd58        0x4 build/zoul/remote-revb//obj/rpl-timers.o
 .text.get_probing_delay
                0x0020cd5c       0x1a build/zoul/remote-revb//obj/rpl-timers.o
                0x0020cd5c                get_probing_delay
 .text.handle_probing_timer
                0x0020cd76       0x24 build/zoul/remote-revb//obj/rpl-timers.o
 .text.drop_route
                0x0020cd9a        0x2 build/zoul/remote-revb//obj/rpl.o
 .text.neighbor_state_changed
                0x0020cd9c        0x2 build/zoul/remote-revb//obj/rpl.o
 .text.rpl_lollipop_greater_than
                0x0020cd9e       0x34 build/zoul/remote-revb//obj/rpl.o
                0x0020cd9e                rpl_lollipop_greater_than
 .text.reset    0x0020cdd2        0x2 build/zoul/remote-revb//obj/rpl-mrhof.o
 .text.nbr_link_metric
                0x0020cdd4       0x12 build/zoul/remote-revb//obj/rpl-mrhof.o
 .text.nbr_has_usable_link
                0x0020cde6       0x12 build/zoul/remote-revb//obj/rpl-mrhof.o
 .text.nbr_path_cost
                0x0020cdf8       0x28 build/zoul/remote-revb//obj/rpl-mrhof.o
 .text.nbr_is_acceptable_parent
                0x0020ce20       0x1e build/zoul/remote-revb//obj/rpl-mrhof.o
 .text.get32    0x0020ce3e       0x18 build/zoul/remote-revb//obj/rpl-icmp6.o
 .text.set32    0x0020ce56       0x12 build/zoul/remote-revb//obj/rpl-icmp6.o
 .text.get16    0x0020ce68        0xc build/zoul/remote-revb//obj/rpl-icmp6.o
 .text.set16    0x0020ce74        0xa build/zoul/remote-revb//obj/rpl-icmp6.o
 .text.rpl_icmp6_update_nbr_table
                0x0020ce7e       0x2e build/zoul/remote-revb//obj/rpl-icmp6.o
                0x0020ce7e                rpl_icmp6_update_nbr_table
 *(SORT(.rodata*))
 .rodata.dht22  0x0020ceac       0x10 build/zoul/remote-revb//obj/dht22.o
                0x0020ceac                dht22
 .rodata.adc_sensors
                0x0020cebc       0x10 build/zoul/remote-revb//obj/adc-sensors.o
                0x0020cebc                adc_sensors
 .rodata.adc_zoul
                0x0020cecc       0x10 build/zoul/remote-revb//obj/adc-zoul.o
                0x0020cecc                adc_zoul
 .rodata.uart_regs
                0x0020cedc       0x58 build/zoul/remote-revb//obj/uart.o
 .rodata.cc2538_rf_driver
                0x0020cf34       0x38 build/zoul/remote-revb//obj/cc2538-rf.o
                0x0020cf34                cc2538_rf_driver
 .rodata.output_power
                0x0020cf6c       0x70 build/zoul/remote-revb//obj/cc2538-rf.o
 .rodata.cc2538_temp_sensor
                0x0020cfdc       0x10 build/zoul/remote-revb//obj/cc2538-temp-sensor.o
                0x0020cfdc                cc2538_temp_sensor
 .rodata.vdd3_sensor
                0x0020cfec       0x10 build/zoul/remote-revb//obj/vdd3-sensor.o
                0x0020cfec                vdd3_sensor
 .rodata.framer_802154
                0x0020cffc        0xc build/zoul/remote-revb//obj/framer-802154.o
                0x0020cffc                framer_802154
 .rodata.csma_driver
                0x0020d008       0x1c build/zoul/remote-revb//obj/csma.o
                0x0020d008                csma_driver
 .rodata.sicslowpan_driver
                0x0020d024       0x10 build/zoul/remote-revb//obj/sicslowpan.o
                0x0020d024                sicslowpan_driver
 .rodata.rpl_lite_driver
                0x0020d034       0x50 build/zoul/remote-revb//obj/rpl.o
                0x0020d034                rpl_lite_driver
 .rodata.autostart_processes
                0x0020d084        0x8 udp-serverIOT.o
                0x0020d084                autostart_processes
 .rodata.linkaddr_null
                0x0020d08c        0x8 build/zoul/remote-revb//obj/linkaddr.o
                0x0020d08c                linkaddr_null
 .rodata.str1.1
                0x0020d094        0xd build/zoul/remote-revb//obj/dht22.o
 .rodata.str1.1
                0x0020d0a1       0x10 build/zoul/remote-revb//obj/adc-sensors.o
 .rodata.str1.1
                0x0020d0b1       0x3e build/zoul/remote-revb//obj/platform.o
                                 0x42 (size before relaxing)
 .rodata.leds_arch_leds
                0x0020d0ef        0x6 build/zoul/remote-revb//obj/leds-arch.o
                0x0020d0ef                leds_arch_leds
 .rodata.str1.1
                0x0020d0f5       0x15 build/zoul/remote-revb//obj/adc-zoul.o
 .rodata.str1.1
                0x0020d10a        0xc build/zoul/remote-revb//obj/board-buttons.o
 .rodata.str1.1
                0x0020d116       0x11 build/zoul/remote-revb//obj/cc2538-rf.o
 .rodata.str1.1
                0x0020d127       0x14 build/zoul/remote-revb//obj/cc2538-temp-sensor.o
 .rodata.str1.1
                0x0020d13b        0x5 build/zoul/remote-revb//obj/vdd3-sensor.o
 .rodata.str1.1
                0x0020d140       0xe1 build/zoul/remote-revb//obj/contiki-main.o
                                 0xf7 (size before relaxing)
 .rodata.str1.1
                0x0020d221        0xf build/zoul/remote-revb//obj/ctimer.o
 .rodata.str1.1
                0x0020d230       0xa9 build/zoul/remote-revb//obj/log.o
 .rodata.str1.1
                0x0020d2d9        0xc build/zoul/remote-revb//obj/etimer.o
 .rodata.str1.1
                0x0020d2e5       0x2f build/zoul/remote-revb//obj/stack-check.o
                                 0x3e (size before relaxing)
 .rodata.str1.1
                0x0020d314       0x13 build/zoul/remote-revb//obj/button-hal.o
 .rodata.str1.1
                0x0020d327        0xe build/zoul/remote-revb//obj/serial-line.o
 .rodata.str1.1
                0x0020d335        0x8 build/zoul/remote-revb//obj/sensors.o
 .rodata.str1.1
                0x0020d33d       0x35 build/zoul/remote-revb//obj/strformat.o
                                 0x37 (size before relaxing)
 .rodata.buffer.5355
                0x0020d372       0x10 build/zoul/remote-revb//obj/strformat.o
 .rodata.buffer.5364
                0x0020d382       0x10 build/zoul/remote-revb//obj/strformat.o
 .rodata.str1.1
                0x0020d392        0x5 build/zoul/remote-revb//obj/csma.o
 .rodata.str1.1
                0x0020d397       0xe7 build/zoul/remote-revb//obj/uip-sr.o
                                0x101 (size before relaxing)
 .rodata.str1.1
                0x0020d47e       0xfa build/zoul/remote-revb//obj/uip-ds6.o
                                0x10e (size before relaxing)
 .rodata.str1.1
                0x0020d578      0x126 build/zoul/remote-revb//obj/uip-ds6-route.o
                                0x140 (size before relaxing)
 .rodata.str1.1
                0x0020d69e        0xd build/zoul/remote-revb//obj/tcpip.o
 .rodata.str1.1
                0x0020d6ab       0xfb build/zoul/remote-revb//obj/uip-ds6-nbr.o
                                0x113 (size before relaxing)
 .rodata.__func__.6737
                0x0020d7a6       0x16 build/zoul/remote-revb//obj/uip-ds6-nbr.o
 .rodata.str1.1
                0x0020d7bc       0x13 build/zoul/remote-revb//obj/simple-udp.o
 .rodata        0x0020d7cf        0x2 build/zoul/remote-revb//obj/sicslowpan.o
 .rodata.unc_llconf
                0x0020d7d1        0x4 build/zoul/remote-revb//obj/sicslowpan.o
                0x0020d7d1                unc_llconf
 .rodata.llprefix
                0x0020d7d5        0x2 build/zoul/remote-revb//obj/sicslowpan.o
                0x0020d7d5                llprefix
 .rodata.unc_mxconf
                0x0020d7d7        0x4 build/zoul/remote-revb//obj/sicslowpan.o
                0x0020d7d7                unc_mxconf
 .rodata.str1.1
                0x0020d7db        0xb build/zoul/remote-revb//obj/sicslowpan.o
 .rodata.ttl_values
                0x0020d7e6        0x4 build/zoul/remote-revb//obj/sicslowpan.o
 .rodata.unc_ctxconf
                0x0020d7ea        0x4 build/zoul/remote-revb//obj/sicslowpan.o
                0x0020d7ea                unc_ctxconf
 .rodata.str1.1
                0x0020d7ee       0x28 build/zoul/remote-revb//obj/uiplib.o
                                 0x2d (size before relaxing)
 .rodata.str1.1
                0x0020d816       0x56 build/zoul/remote-revb//obj/rpl-neighbor.o
                                 0x58 (size before relaxing)
 .rodata.str1.1
                0x0020d86c      0x5ce build/zoul/remote-revb//obj/rpl-dag.o
                                0x5f1 (size before relaxing)
 .rodata.str1.1
                0x0020de3a        0xc build/zoul/remote-revb//obj/rpl-timers.o
 .rodata.str1.1
                0x0020de46        0x9 build/zoul/remote-revb//obj/rpl.o
 .rodata.str1.1
                0x0020de4f      0x10e udp-serverIOT.o
                                0x124 (size before relaxing)
                0x0020df5d                _etext = .

.glue_7         0x0020df60        0x0
 .glue_7        0x0020df60        0x0 linker stubs

.glue_7t        0x0020df60        0x0
 .glue_7t       0x0020df60        0x0 linker stubs

.vfp11_veneer   0x0020df60        0x0
 .vfp11_veneer  0x0020df60        0x0 linker stubs

.v4_bx          0x0020df60        0x0
 .v4_bx         0x0020df60        0x0 linker stubs

.iplt           0x0020df60        0x0
 .iplt          0x0020df60        0x0 build/zoul/remote-revb//obj/startup-gcc.o

.socdata        0x20004000       0x40
 *(SORT(.udma_channel_control_table))
 .udma_channel_control_table
                0x20004000       0x40 build/zoul/remote-revb//obj/udma.o

.data           0x20004040      0x220 load address 0x0020df60
                0x20004040                _data = .
 *(SORT(.data*))
 .data.button_user
                0x20004040       0x50 build/zoul/remote-revb//obj/board-buttons.o
 .data.button_hal_buttons
                0x20004090        0x8 build/zoul/remote-revb//obj/board-buttons.o
                0x20004090                button_hal_buttons
 .data.sensors  0x20004098        0xc build/zoul/remote-revb//obj/zoul-sensors.o
                0x20004098                sensors
 .data.cc2538_rf_process
                0x200040a4       0x10 build/zoul/remote-revb//obj/cc2538-rf.o
                0x200040a4                cc2538_rf_process
 .data.ctimer_process
                0x200040b4       0x10 build/zoul/remote-revb//obj/ctimer.o
                0x200040b4                ctimer_process
 .data.curr_log_level_main
                0x200040c4        0x4 build/zoul/remote-revb//obj/log.o
                0x200040c4                curr_log_level_main
 .data.etimer_process
                0x200040c8       0x10 build/zoul/remote-revb//obj/etimer.o
                0x200040c8                etimer_process
 .data.stack_check_process
                0x200040d8       0x10 build/zoul/remote-revb//obj/stack-check.o
                0x200040d8                stack_check_process
 .data.button_hal_process
                0x200040e8       0x10 build/zoul/remote-revb//obj/button-hal.o
                0x200040e8                button_hal_process
 .data.serial_line_process
                0x200040f8       0x10 build/zoul/remote-revb//obj/serial-line.o
                0x200040f8                serial_line_process
 .data.sensors_process
                0x20004108       0x10 build/zoul/remote-revb//obj/sensors.o
                0x20004108                sensors_process
 .data.bufmem   0x20004118        0xc build/zoul/remote-revb//obj/queuebuf.o
 .data.buframmem
                0x20004124        0xc build/zoul/remote-revb//obj/queuebuf.o
 .data.neighbor_addr_mem
                0x20004130        0xc build/zoul/remote-revb//obj/nbr-table.o
 .data.link_stats_struct
                0x2000413c       0x10 build/zoul/remote-revb//obj/link-stats.o
 .data.ctxt     0x2000414c        0x8 build/zoul/remote-revb//obj/printf.o
 .data.metadata_memb
                0x20004154        0xc build/zoul/remote-revb//obj/csma-output.o
 .data.packet_memb
                0x20004160        0xc build/zoul/remote-revb//obj/csma-output.o
 .data.neighbor_memb
                0x2000416c        0xc build/zoul/remote-revb//obj/csma-output.o
 .data.echo_request_handler
                0x20004178        0xc build/zoul/remote-revb//obj/uip-icmp6.o
 .data.echo_reply_handler
                0x20004184        0xc build/zoul/remote-revb//obj/uip-icmp6.o
 .data.nodememb
                0x20004190        0xc build/zoul/remote-revb//obj/uip-sr.o
 .data.defaultroutermemb
                0x2000419c        0xc build/zoul/remote-revb//obj/uip-ds6-route.o
 .data.tcpip_process
                0x200041a8       0x10 build/zoul/remote-revb//obj/tcpip.o
                0x200041a8                tcpip_process
 .data.ds6_neighbors_struct
                0x200041b8       0x10 build/zoul/remote-revb//obj/uip-ds6-nbr.o
 .data.ns_input_handler
                0x200041c8        0xc build/zoul/remote-revb//obj/uip-nd6.o
 .data.simple_udp_process
                0x200041d4       0x10 build/zoul/remote-revb//obj/simple-udp.o
                0x200041d4                simple_udp_process
 .data.rpl_neighbors
                0x200041e4        0x4 build/zoul/remote-revb//obj/rpl-neighbor.o
                0x200041e4                rpl_neighbors
 .data.rpl_neighbors_struct
                0x200041e8       0x10 build/zoul/remote-revb//obj/rpl-neighbor.o
 .data.rpl_mrhof
                0x200041f8       0x24 build/zoul/remote-revb//obj/rpl-mrhof.o
                0x200041f8                rpl_mrhof
 .data.dao_ack_handler
                0x2000421c        0xc build/zoul/remote-revb//obj/rpl-icmp6.o
 .data.dis_handler
                0x20004228        0xc build/zoul/remote-revb//obj/rpl-icmp6.o
 .data.dao_handler
                0x20004234        0xc build/zoul/remote-revb//obj/rpl-icmp6.o
 .data.dio_handler
                0x20004240        0xc build/zoul/remote-revb//obj/rpl-icmp6.o
 .data.udp_server_process
                0x2000424c       0x10 udp-serverIOT.o
                0x2000424c                udp_server_process
 .data.mac_pan_id
                0x2000425c        0x2 build/zoul/remote-revb//obj/frame802154.o
 .data.send_on_cca
                0x2000425e        0x1 build/zoul/remote-revb//obj/cc2538-rf.o
 .data.rf_channel
                0x2000425f        0x1 build/zoul/remote-revb//obj/cc2538-rf.o
                0x20004260                _edata = .
                0x0020df60                _ldata = LOADADDR (.data)

.igot.plt       0x20004260        0x0 load address 0x0020e180
 .igot.plt      0x20004260        0x0 build/zoul/remote-revb//obj/startup-gcc.o

.ARM.exidx      0x0020e180        0x8
 *(SORT(.ARM.exidx*))
 .ARM.exidx     0x0020e180        0x8 /usr/lib/gcc/arm-none-eabi/5.4.1/armv7-m/libgcc.a(_udivmoddi4.o)

.bss            0x20004260     0x275f
                0x20004260                _bss = .
 *(SORT(.bss*))
 .bss.rt_ticks_startup
                0x20004260        0x8 build/zoul/remote-revb//obj/clock.o
 .bss.rt_ticks_epoch
                0x20004268        0x8 build/zoul/remote-revb//obj/clock.o
 .bss.sensors   0x20004270       0x14 build/zoul/remote-revb//obj/adc-sensors.o
 .bss.next_trigger
                0x20004284        0x4 build/zoul/remote-revb//obj/rtimer-arch.o
 .bss.input_handler
                0x20004288        0x8 build/zoul/remote-revb//obj/uart.o
 .bss.ioc_sel   0x20004290        0x4 build/zoul/remote-revb//obj/ioc.o
 .bss.ioc_over  0x20004294        0x4 build/zoul/remote-revb//obj/ioc.o
 .bss.notification_process
                0x20004298        0x4 build/zoul/remote-revb//obj/crypto.o
 .bss.prev_MDMTEST1
                0x2000429c        0x4 build/zoul/remote-revb//obj/cc2538-rf.o
 .bss.prev_FRMCTRL0
                0x200042a0        0x4 build/zoul/remote-revb//obj/cc2538-rf.o
 .bss.periph_permit_pm1_funcs
                0x200042a4       0x14 build/zoul/remote-revb//obj/lpm.o
 .bss.notification_process
                0x200042b8        0x4 build/zoul/remote-revb//obj/pka.o
 .bss.ctimer_list_list
                0x200042bc        0x4 build/zoul/remote-revb//obj/ctimer.o
 .bss.timerlist
                0x200042c0        0x4 build/zoul/remote-revb//obj/etimer.o
 .bss.next_expiration
                0x200042c4        0x4 build/zoul/remote-revb//obj/etimer.o
 .bss.process_current
                0x200042c8        0x4 build/zoul/remote-revb//obj/process.o
                0x200042c8                process_current
 .bss.process_list