Archive member included to satisfy reference by file (symbol)

/usr/lib/gcc/arm-none-eabi/5.4.1/armv7-m/libgcc.a(_ashldi3.o)
                              obj_zoul/mmc.o (__aeabi_llsl)
/usr/lib/gcc/arm-none-eabi/5.4.1/armv7-m/libgcc.a(_aeabi_uldivmod.o)
                              obj_zoul/spi-legacy.o (__aeabi_uldivmod)
/usr/lib/gcc/arm-none-eabi/5.4.1/armv7-m/libgcc.a(_udivmoddi4.o)
                              /usr/lib/gcc/arm-none-eabi/5.4.1/armv7-m/libgcc.a(_aeabi_uldivmod.o) (__udivmoddi4)
/usr/lib/gcc/arm-none-eabi/5.4.1/armv7-m/libgcc.a(_dvmd_tls.o)
                              /usr/lib/gcc/arm-none-eabi/5.4.1/armv7-m/libgcc.a(_aeabi_uldivmod.o) (__aeabi_ldiv0)
/usr/lib/gcc/arm-none-eabi/5.4.1/../../../arm-none-eabi/lib/armv7-m/libc.a(lib_a-ctype_.o)
                              obj_zoul/resolv.o (__ctype_ptr__)
/usr/lib/gcc/arm-none-eabi/5.4.1/../../../arm-none-eabi/lib/armv7-m/libc.a(lib_a-malloc.o)
                              obj_zoul/syscall.o (malloc)
/usr/lib/gcc/arm-none-eabi/5.4.1/../../../arm-none-eabi/lib/armv7-m/libc.a(lib_a-mallocr.o)
                              /usr/lib/gcc/arm-none-eabi/5.4.1/../../../arm-none-eabi/lib/armv7-m/libc.a(lib_a-malloc.o) (_malloc_r)
/usr/lib/gcc/arm-none-eabi/5.4.1/../../../arm-none-eabi/lib/armv7-m/libc.a(lib_a-memcmp.o)
                              obj_zoul/linkaddr.o (memcmp)
/usr/lib/gcc/arm-none-eabi/5.4.1/../../../arm-none-eabi/lib/armv7-m/libc.a(lib_a-memcpy.o)
                              obj_zoul/ecc-algorithm.o (memcpy)
/usr/lib/gcc/arm-none-eabi/5.4.1/../../../arm-none-eabi/lib/armv7-m/libc.a(lib_a-memmove.o)
                              obj_zoul/uip-icmp6.o (memmove)
/usr/lib/gcc/arm-none-eabi/5.4.1/../../../arm-none-eabi/lib/armv7-m/libc.a(lib_a-memset.o)
                              obj_zoul/udma.o (memset)
/usr/lib/gcc/arm-none-eabi/5.4.1/../../../arm-none-eabi/lib/armv7-m/libc.a(lib_a-mlock.o)
                              /usr/lib/gcc/arm-none-eabi/5.4.1/../../../arm-none-eabi/lib/armv7-m/libc.a(lib_a-mallocr.o) (__malloc_lock)
/usr/lib/gcc/arm-none-eabi/5.4.1/../../../arm-none-eabi/lib/armv7-m/libc.a(lib_a-reent.o)
                              obj_zoul/syscalls.o (errno)
/usr/lib/gcc/arm-none-eabi/5.4.1/../../../arm-none-eabi/lib/armv7-m/libc.a(lib_a-sbrkr.o)
                              /usr/lib/gcc/arm-none-eabi/5.4.1/../../../arm-none-eabi/lib/armv7-m/libc.a(lib_a-mallocr.o) (_sbrk_r)
/usr/lib/gcc/arm-none-eabi/5.4.1/../../../arm-none-eabi/lib/armv7-m/libc.a(lib_a-strcasecmp.o)
                              obj_zoul/resolv.o (strcasecmp)
/usr/lib/gcc/arm-none-eabi/5.4.1/../../../arm-none-eabi/lib/armv7-m/libc.a(lib_a-strcmp.o)
                              obj_zoul/cfs-coffee.o (strcmp)
/usr/lib/gcc/arm-none-eabi/5.4.1/../../../arm-none-eabi/lib/armv7-m/libc.a(lib_a-strlen-stub.o)
                              obj_zoul/httpd-simple.o (strlen)
/usr/lib/gcc/arm-none-eabi/5.4.1/../../../arm-none-eabi/lib/armv7-m/libc.a(lib_a-strncasecmp.o)
                              obj_zoul/resolv.o (strncasecmp)
/usr/lib/gcc/arm-none-eabi/5.4.1/../../../arm-none-eabi/lib/armv7-m/libc.a(lib_a-strncat.o)
                              obj_zoul/resolv.o (strncat)
/usr/lib/gcc/arm-none-eabi/5.4.1/../../../arm-none-eabi/lib/armv7-m/libc.a(lib_a-strncmp.o)
                              obj_zoul/httpd-simple.o (strncmp)
/usr/lib/gcc/arm-none-eabi/5.4.1/../../../arm-none-eabi/lib/armv7-m/libc.a(lib_a-strncpy.o)
                              obj_zoul/cfs-coffee.o (strncpy)
/usr/lib/gcc/arm-none-eabi/5.4.1/../../../arm-none-eabi/lib/armv7-m/libc.a(lib_a-freer.o)
                              /usr/lib/gcc/arm-none-eabi/5.4.1/../../../arm-none-eabi/lib/armv7-m/libc.a(lib_a-malloc.o) (_free_r)
/usr/lib/gcc/arm-none-eabi/5.4.1/../../../arm-none-eabi/lib/armv7-m/libc.a(lib_a-impure.o)
                              /usr/lib/gcc/arm-none-eabi/5.4.1/../../../arm-none-eabi/lib/armv7-m/libc.a(lib_a-malloc.o) (_impure_ptr)

Allocating common symbols
Common symbol       size              file

compower_idle_activity
                    0x10              obj_zoul/compower.o
uip_ds6_timer_ra    0x8               obj_zoul/uip-ds6.o
rtcc_int1_callback  0x4               obj_zoul/rtcc.o
usb_setup_buffer    0x8               obj_zoul/usb-core.o
uip_ds6_if          0xf8              obj_zoul/uip-ds6.o
resolv_event_found  0x1               obj_zoul/resolv.o
uip_ds6_netif_addr_list_offset
                    0x1               obj_zoul/uip-ds6.o
uip_len             0x2               obj_zoul/uip6.o
errno               0x4               /usr/lib/gcc/arm-none-eabi/5.4.1/../../../arm-none-eabi/lib/armv7-m/libc.a(lib_a-reent.o)
button_hal_release_event
                    0x1               obj_zoul/button-hal.o
uip_ds6_addr_size   0x1               obj_zoul/uip-ds6.o
curr_instance       0x160             obj_zoul/rpl-dag.o
uip_sappdata        0x4               obj_zoul/uip6.o
packetbuf_addrs     0x10              obj_zoul/packetbuf.o
[...]
Memory Configuration

Name             Origin             Length             Attributes
FLASH_FW         0x00202000         0x0007dfd4         xr
FLASH_CCA        0x0027ffd4         0x0000002c         xr
NRSRAM           0x20000000         0x00004000         xrw
FRSRAM           0x20004000         0x00004000         xrw
*default*        0x00000000         0xffffffff

Linker script and memory map

LOAD obj_zoul/startup-gcc.o
LOAD obj_zoul/platform.o
LOAD obj_zoul/leds-arch.o
LOAD obj_zoul/leds.o
LOAD obj_zoul/cc1200-zoul-arch.o
LOAD obj_zoul/adc-zoul.o
LOAD obj_zoul/board-buttons.o
LOAD obj_zoul/zoul-sensors.o
LOAD obj_zoul/board.o
LOAD obj_zoul/antenna-sw.o
LOAD obj_zoul/mmc-arch.o
LOAD obj_zoul/rtcc.o
LOAD obj_zoul/power-mgmt.o
LOAD obj_zoul/soc.o
LOAD obj_zoul/clock.o
LOAD obj_zoul/rtimer-arch.o
LOAD obj_zoul/uart.o
LOAD obj_zoul/watchdog.o
LOAD obj_zoul/nvic.o
LOAD obj_zoul/sys-ctrl.o
LOAD obj_zoul/gpio.o
LOAD obj_zoul/ioc.o
LOAD obj_zoul/spi-legacy.o
LOAD obj_zoul/adc.o
LOAD obj_zoul/spi-arch.o
LOAD obj_zoul/crypto.o
LOAD obj_zoul/aes.o
LOAD obj_zoul/ecb.o
LOAD obj_zoul/cbc.o
LOAD obj_zoul/ctr.o
LOAD obj_zoul/cbc-mac.o
LOAD obj_zoul/gcm.o
LOAD obj_zoul/ccm.o
LOAD obj_zoul/sha256.o
LOAD obj_zoul/gpio-hal-arch.o
LOAD obj_zoul/cc2538-aes-128.o
LOAD obj_zoul/cc2538-ccm-star.o
LOAD obj_zoul/cc2538-rf.o
LOAD obj_zoul/udma.o
LOAD obj_zoul/lpm.o
LOAD obj_zoul/int-master.o
LOAD obj_zoul/pka.o
LOAD obj_zoul/bignum-driver.o
LOAD obj_zoul/ecc-driver.o
LOAD obj_zoul/ecc-algorithm.o
LOAD obj_zoul/ecc-curve.o
LOAD obj_zoul/dbg.o
LOAD obj_zoul/ieee-addr.o
LOAD obj_zoul/slip-arch.o
LOAD obj_zoul/slip.o
LOAD obj_zoul/i2c.o
LOAD obj_zoul/cc2538-temp-sensor.o
LOAD obj_zoul/vdd3-sensor.o
LOAD obj_zoul/cfs-coffee.o
LOAD obj_zoul/cfs-coffee-arch.o
LOAD obj_zoul/pwm.o
LOAD obj_zoul/usb-core.o
LOAD obj_zoul/cdc-acm.o
LOAD obj_zoul/usb-arch.o
LOAD obj_zoul/usb-serial.o
LOAD obj_zoul/cdc-acm-descriptors.o
LOAD obj_zoul/httpd-simple.o
LOAD obj_zoul/webserver.o
LOAD obj_zoul/rpl-border-router.o
LOAD obj_zoul/contiki-main.o
LOAD obj_zoul/autostart.o
LOAD obj_zoul/ctimer.o
LOAD obj_zoul/log.o
LOAD obj_zoul/energest.o
LOAD obj_zoul/etimer.o
LOAD obj_zoul/node-id.o
LOAD obj_zoul/mutex.o
LOAD obj_zoul/stimer.o
LOAD obj_zoul/compower.o
LOAD obj_zoul/process.o
LOAD obj_zoul/rtimer.o
LOAD obj_zoul/timer.o
LOAD obj_zoul/stack-check.o
LOAD obj_zoul/button-hal.o
LOAD obj_zoul/serial-line.o
LOAD obj_zoul/spi.o
LOAD obj_zoul/nullradio.o
LOAD obj_zoul/gpio-hal.o
LOAD obj_zoul/dbl-list.o
LOAD obj_zoul/dbl-circ-list.o
LOAD obj_zoul/crc16.o
LOAD obj_zoul/ifft.o
LOAD obj_zoul/ccm-star.o
LOAD obj_zoul/sensors.o
LOAD obj_zoul/ringbufindex.o
LOAD obj_zoul/list.o
LOAD obj_zoul/circular-list.o
LOAD obj_zoul/aes-128.o
LOAD obj_zoul/trickle-timer.o
LOAD obj_zoul/memb.o
LOAD obj_zoul/heapmem.o
LOAD obj_zoul/random.o
LOAD obj_zoul/assert.o
LOAD obj_zoul/ringbuf.o
LOAD obj_zoul/queuebuf.o
LOAD obj_zoul/nbr-table.o
LOAD obj_zoul/packetbuf.o
LOAD obj_zoul/netstack.o
LOAD obj_zoul/linkaddr.o
LOAD obj_zoul/net-debug.o
LOAD obj_zoul/link-stats.o
LOAD obj_zoul/mac-sequence.o
LOAD obj_zoul/mac.o
LOAD obj_zoul/frame802154e-ie.o
LOAD obj_zoul/framer-802154.o
LOAD obj_zoul/nullframer.o
LOAD obj_zoul/frame802154.o
LOAD obj_zoul/ff.o
LOAD obj_zoul/syscall.o
LOAD obj_zoul/unicode.o
LOAD obj_zoul/diskio.o
LOAD obj_zoul/mmc.o
LOAD obj_zoul/strformat.o
LOAD obj_zoul/printf.o
LOAD obj_zoul/sprintf.o
LOAD obj_zoul/snprintf.o
LOAD obj_zoul/puts.o
LOAD obj_zoul/putchar.o
LOAD obj_zoul/syscalls.o
LOAD obj_zoul/cc1200-868-fsk-1-2kbps.o
LOAD obj_zoul/cc1200-802154g-863-870-fsk-50kbps.o
LOAD obj_zoul/cc1200.o
LOAD obj_zoul/rgb-led.o
LOAD obj_zoul/csma.o
LOAD obj_zoul/csma-output.o
LOAD obj_zoul/uipbuf.o
LOAD obj_zoul/uip-icmp6.o
LOAD obj_zoul/uip-sr.o
LOAD obj_zoul/uip-ds6.o
LOAD obj_zoul/uip-packetqueue.o
LOAD obj_zoul/tcp-socket.o
LOAD obj_zoul/uip-udp-packet.o
LOAD obj_zoul/ip64-addr.o
LOAD obj_zoul/uip-ds6-route.o
LOAD obj_zoul/psock.o
LOAD obj_zoul/tcpip.o
LOAD obj_zoul/uip6.o
LOAD obj_zoul/resolv.o
LOAD obj_zoul/uip-ds6-nbr.o
LOAD obj_zoul/uip-nameserver.o
LOAD obj_zoul/uip-nd6.o
LOAD obj_zoul/udp-socket.o
LOAD obj_zoul/simple-udp.o
LOAD obj_zoul/sicslowpan.o
LOAD obj_zoul/uiplib.o
LOAD obj_zoul/rpl-nbr-policy.o
LOAD obj_zoul/rpl-of0.o
LOAD obj_zoul/rpl-neighbor.o
LOAD obj_zoul/rpl-dag.o
LOAD obj_zoul/rpl-timers.o
LOAD obj_zoul/rpl-ext-header.o
LOAD obj_zoul/rpl.o
LOAD obj_zoul/rpl-mrhof.o
LOAD obj_zoul/rpl-icmp6.o
LOAD obj_zoul/rpl-dag-root.o
LOAD obj_zoul/slip-bridge.o
LOAD obj_zoul/border-router-embedded.o
LOAD border-router.o
LOAD /usr/lib/gcc/arm-none-eabi/5.4.1/../../../arm-none-eabi/lib/armv7-m/libm.a
START GROUP
LOAD /usr/lib/gcc/arm-none-eabi/5.4.1/armv7-m/libgcc.a
LOAD /usr/lib/gcc/arm-none-eabi/5.4.1/../../../arm-none-eabi/lib/armv7-m/libc.a
END GROUP

.text           0x00202000     0xdb1b
                0x00202000                _text = .
 *(SORT(.vectors))
 .vectors       0x00202000      0x28c obj_zoul/startup-gcc.o
                0x00202000                vectors
 *(SORT(.text*))
 .text.reset_handler
                0x0020228c       0x40 obj_zoul/startup-gcc.o
                0x0020228c                reset_handler
 .text.platform_init_stage_two
                0x002022cc       0x4c obj_zoul/platform.o
                0x002022cc                platform_init_stage_two
 .text.platform_init_stage_three
                0x00202318       0x8c obj_zoul/platform.o
                0x00202318                platform_init_stage_three
 .text.leds_on  0x002023a4       0x60 obj_zoul/leds.o
                0x002023a4                leds_on
 .text.leds_off
                0x00202404       0x48 obj_zoul/leds.o
                0x00202404                leds_off
 .text.leds_init
                0x0020244c       0x44 obj_zoul/leds.o
                0x0020244c                leds_init
 .text.leds_toggle
                0x00202490       0x24 obj_zoul/leds.o
                0x00202490                leds_toggle
 .text.antenna_sw_config
                0x002024b4       0x30 obj_zoul/antenna-sw.o
                0x002024b4                antenna_sw_config
 .text.soc_get_rev
                0x002024e4       0x18 obj_zoul/soc.o
                0x002024e4                soc_get_rev
 .text.soc_print_info
                0x002024fc       0x10 obj_zoul/soc.o
                0x002024fc                soc_print_info
 .text.update_ticks
                0x0020250c       0x4c obj_zoul/clock.o
 .text.clock_init
                0x00202558       0x4c obj_zoul/clock.o
                0x00202558                clock_init
 .text.clock_time
                0x002025a4       0x14 obj_zoul/clock.o
                0x002025a4                clock_time
 .text.clock_seconds
                0x002025b8       0x14 obj_zoul/clock.o
                0x002025b8                clock_seconds
 .text.clock_delay_usec
                0x002025cc       0x1c obj_zoul/clock.o
                0x002025cc                clock_delay_usec
 .text.clock_adjust
                0x002025e8       0x20 obj_zoul/clock.o
                0x002025e8                clock_adjust
 .text.rtimer_arch_next_trigger
                0x00202608        0xc obj_zoul/rtimer-arch.o
                0x00202608                rtimer_arch_next_trigger
 .text.rtimer_arch_now
                0x00202614       0x2c obj_zoul/rtimer-arch.o
                0x00202614                rtimer_arch_now
 .text.rtimer_arch_schedule
                0x00202640       0x58 obj_zoul/rtimer-arch.o
                0x00202640                rtimer_arch_schedule
 .text.rtimer_isr
                0x00202698       0x2c obj_zoul/rtimer-arch.o
                0x00202698                rtimer_isr
 .text.permit_pm1
                0x002026c4       0x24 obj_zoul/uart.o
 .text.uart_isr
                0x002026e8       0x64 obj_zoul/uart.o
 .text.uart_init
                0x0020274c      0x198 obj_zoul/uart.o
                0x0020274c                uart_init
 .text.uart_set_input
                0x002028e4       0x10 obj_zoul/uart.o
                0x002028e4                uart_set_input
 .text.uart_write_byte
                0x002028f4       0x1c obj_zoul/uart.o
                0x002028f4                uart_write_byte
 .text.watchdog_init
                0x00202910        0xc obj_zoul/watchdog.o
                0x00202910                watchdog_init
 .text.watchdog_start
                0x0020291c        0xc obj_zoul/watchdog.o
                0x0020291c                watchdog_start
 .text.watchdog_periodic
                0x00202928       0x10 obj_zoul/watchdog.o
                0x00202928                watchdog_periodic
 .text.nvic_init
                0x00202938       0x10 obj_zoul/nvic.o
                0x00202938                nvic_init
 .text.sys_ctrl_init
                0x00202948       0x74 obj_zoul/sys-ctrl.o
                0x00202948                sys_ctrl_init
 .text.gpio_port_isr
                0x002029bc       0x4c obj_zoul/gpio.o
 .text.ioc_init
                0x00202a08       0x1c obj_zoul/ioc.o
                0x00202a08                ioc_init
 .text.ioc_set_over
                0x00202a24       0x14 obj_zoul/ioc.o
                0x00202a24                ioc_set_over
 .text.ioc_set_sel
                0x00202a38       0x14 obj_zoul/ioc.o
                0x00202a38                ioc_set_sel
 .text.adc_get  0x00202a4c       0x74 obj_zoul/adc.o
                0x00202a4c                adc_get
 .text.permit_pm1
                0x00202ac0       0x10 obj_zoul/crypto.o
 .text.crypto_isr
                0x00202ad0       0x28 obj_zoul/crypto.o
                0x00202ad0                crypto_isr
 .text.crypto_enable
                0x00202af8       0x20 obj_zoul/crypto.o
                0x00202af8                crypto_enable
 .text.crypto_init
                0x00202b18       0x3c obj_zoul/crypto.o
                0x00202b18                crypto_init
 .text.crypto_disable
                0x00202b54       0x20 obj_zoul/crypto.o
                0x00202b54                crypto_disable
 .text.gpio_hal_arch_pin_cfg_set
                0x00202b74       0xe4 obj_zoul/gpio-hal-arch.o
                0x00202b74                gpio_hal_arch_pin_cfg_set
 .text.receiving_packet
                0x00202c58       0x18 obj_zoul/cc2538-rf.o
 .text.pending_packet
                0x00202c70       0x10 obj_zoul/cc2538-rf.o
 .text.on       0x00202c80       0x4c obj_zoul/cc2538-rf.o
                0x00202c80                on
 .text.prepare  0x00202ccc       0x64 obj_zoul/cc2538-rf.o
 .text.off      0x00202d30       0x64 obj_zoul/cc2538-rf.o
                0x00202d30                off
 .text.set_channel
                0x00202d94       0x48 obj_zoul/cc2538-rf.o
 .text.get_value
                0x00202ddc      0x164 obj_zoul/cc2538-rf.o
 .text.channel_clear
                0x00202f40       0x5c obj_zoul/cc2538-rf.o
                0x00202f40                channel_clear
 .text.transmit
                0x00202f9c       0x98 obj_zoul/cc2538-rf.o
 .text.set_poll_mode
                0x00203034       0x9c obj_zoul/cc2538-rf.o
 .text.set_value
                0x002030d0       0xf8 obj_zoul/cc2538-rf.o
 .text.set_object
                0x002031c8       0x30 obj_zoul/cc2538-rf.o
 .text.read     0x002031f8       0xe0 obj_zoul/cc2538-rf.o
 .text.init     0x002032d8       0xc8 obj_zoul/cc2538-rf.o
 .text.process_thread_cc2538_rf_process
                0x002033a0       0x90 obj_zoul/cc2538-rf.o
 .text.get_object
                0x00203430      0x144 obj_zoul/cc2538-rf.o
 .text.cc2538_rf_rx_tx_isr
                0x00203574       0x24 obj_zoul/cc2538-rf.o
                0x00203574                cc2538_rf_rx_tx_isr
 .text.cc2538_rf_err_isr
                0x00203598       0x28 obj_zoul/cc2538-rf.o
                0x00203598                cc2538_rf_err_isr
 .text.udma_init
                0x002035c0       0x34 obj_zoul/udma.o
                0x002035c0                udma_init
 .text.udma_set_channel_src
                0x002035f4       0x10 obj_zoul/udma.o
                0x002035f4                udma_set_channel_src
 .text.udma_set_channel_dst
                0x00203604       0x14 obj_zoul/udma.o
                0x00203604                udma_set_channel_dst
 .text.udma_set_channel_control_word
                0x00203618       0x14 obj_zoul/udma.o
                0x00203618                udma_set_channel_control_word
 .text.udma_channel_enable
                0x0020362c       0x18 obj_zoul/udma.o
                0x0020362c                udma_channel_enable
 .text.udma_channel_mask_set
                0x00203644       0x18 obj_zoul/udma.o
                0x00203644                udma_channel_mask_set
 .text.udma_channel_sw_request
                0x0020365c       0x18 obj_zoul/udma.o
                0x0020365c                udma_channel_sw_request
 .text.udma_channel_get_mode
                0x00203674       0x1c obj_zoul/udma.o
                0x00203674                udma_channel_get_mode
 .text.udma_isr
                0x00203690       0x10 obj_zoul/udma.o
                0x00203690                udma_isr
 .text.udma_err_isr
                0x002036a0        0xc obj_zoul/udma.o
                0x002036a0                udma_err_isr
 .text.select_32_mhz_xosc
                0x002036ac       0x30 obj_zoul/lpm.o
 .text.lpm_exit
                0x002036dc       0x34 obj_zoul/lpm.o
                0x002036dc                lpm_exit
 .text.lpm_enter
                0x00203710       0xb8 obj_zoul/lpm.o
                0x00203710                lpm_enter
 .text.lpm_register_peripheral
                0x002037c8       0x24 obj_zoul/lpm.o
                0x002037c8                lpm_register_peripheral
 .text.lpm_init
                0x002037ec       0x24 obj_zoul/lpm.o
                0x002037ec                lpm_init
 .text.pka_isr  0x00203810       0x28 obj_zoul/pka.o
                0x00203810                pka_isr
 .text.dbg_putchar
                0x00203838       0x40 obj_zoul/dbg.o
                0x00203838                dbg_putchar
 .text.ieee_addr_cpy_to
                0x00203878       0x60 obj_zoul/ieee-addr.o
                0x00203878                ieee_addr_cpy_to
 .text.slip_arch_init
                0x002038d8        0xc obj_zoul/slip-arch.o
                0x002038d8                slip_arch_init
 .text.process_thread_slip_process
                0x002038e4      0x1ec obj_zoul/slip.o
 .text.slip_set_input_callback
                0x00203ad0        0xc obj_zoul/slip.o
                0x00203ad0                slip_set_input_callback
 .text.slip_send
                0x00203adc       0x14 obj_zoul/slip.o
                0x00203adc                slip_send
 .text.slip_input_byte
                0x00203af0       0xa8 obj_zoul/slip.o
                0x00203af0                slip_input_byte
 .text.handle_input
                0x00203b98       0xc4 obj_zoul/httpd-simple.o
 .text.send_headers
                0x00203c5c       0x58 obj_zoul/httpd-simple.o
 .text.handle_output
                0x00203cb4       0xd4 obj_zoul/httpd-simple.o
 .text.httpd_appcall
                0x00203d88       0xd0 obj_zoul/httpd-simple.o
                0x00203d88                httpd_appcall
 .text.httpd_init
                0x00203e58       0x18 obj_zoul/httpd-simple.o
                0x00203e58                httpd_init
 .text.process_thread_webserver_nogui_process
                0x00203e70       0x34 obj_zoul/webserver.o
 .text.ipaddr_add
                0x00203ea4       0x98 obj_zoul/webserver.o
 .text.generate_routes
                0x00203f3c      0x2dc obj_zoul/webserver.o
 .text.httpd_simple_get_script
                0x00204218        0x8 obj_zoul/webserver.o
                0x00204218                httpd_simple_get_script
 .text.print_local_addresses
                0x00204220       0x64 obj_zoul/rpl-border-router.o
                0x00204220                print_local_addresses
 .text.set_prefix_64
                0x00204284       0x20 obj_zoul/rpl-border-router.o
                0x00204284                set_prefix_64
 .text.rpl_border_router_init
                0x002042a4        0xc obj_zoul/rpl-border-router.o
                0x002042a4                rpl_border_router_init
 .text.startup.main
                0x002042b0      0x1e8 obj_zoul/contiki-main.o
                0x002042b0                main
 .text.process_thread_ctimer_process
                0x00204498       0x80 obj_zoul/ctimer.o
 .text.ctimer_init
                0x00204518       0x28 obj_zoul/ctimer.o
                0x00204518                ctimer_init
 .text.ctimer_set_with_process
                0x00204540       0x44 obj_zoul/ctimer.o
                0x00204540                ctimer_set_with_process
 .text.ctimer_set
                0x00204584       0x14 obj_zoul/ctimer.o
                0x00204584                ctimer_set
 .text.ctimer_reset
                0x00204598       0x38 obj_zoul/ctimer.o
                0x00204598                ctimer_reset
 .text.ctimer_stop
                0x002045d0       0x2c obj_zoul/ctimer.o
                0x002045d0                ctimer_stop
 .text.ctimer_expired
                0x002045fc       0x34 obj_zoul/ctimer.o
                0x002045fc                ctimer_expired
 .text.log_6addr
                0x00204630       0x20 obj_zoul/log.o
                0x00204630                log_6addr
 .text.log_lladdr
                0x00204650       0x3c obj_zoul/log.o
                0x00204650                log_lladdr
 .text.update_time
                0x0020468c       0x44 obj_zoul/etimer.o
 .text.etimer_request_poll
                0x002046d0        0xc obj_zoul/etimer.o
                0x002046d0                etimer_request_poll
 .text.process_thread_etimer_process
                0x002046dc       0xac obj_zoul/etimer.o
 .text.add_timer
                0x00204788       0x40 obj_zoul/etimer.o
 .text.etimer_pending
                0x002047c8       0x10 obj_zoul/etimer.o
                0x002047c8                etimer_pending
 .text.etimer_stop
                0x002047d8       0x34 obj_zoul/etimer.o
                0x002047d8                etimer_stop
 .text.node_id_init
                0x0020480c       0x18 obj_zoul/node-id.o
                0x0020480c                node_id_init
 .text.stimer_expired
                0x00204824       0x20 obj_zoul/stimer.o
                0x00204824                stimer_expired
 .text.call_process.part.0
                0x00204844       0x38 obj_zoul/process.o
 .text.exit_process
                0x0020487c       0x80 obj_zoul/process.o
 .text.do_poll  0x002048fc       0x34 obj_zoul/process.o
 .text.process_alloc_event
                0x00204930       0x10 obj_zoul/process.o
                0x00204930                process_alloc_event
 .text.process_init
                0x00204940       0x30 obj_zoul/process.o
                0x00204940                process_init
 .text.process_run
                0x00204970       0x84 obj_zoul/process.o
                0x00204970                process_run
 .text.process_nevents
                0x002049f4       0x14 obj_zoul/process.o
                0x002049f4                process_nevents
 .text.process_post
                0x00204a08       0x3c obj_zoul/process.o
                0x00204a08                process_post
 .text.process_post_synch
                0x00204a44       0x14 obj_zoul/process.o
                0x00204a44                process_post_synch
 .text.process_start
                0x00204a58       0x30 obj_zoul/process.o
                0x00204a58                process_start
 .text.process_poll
                0x00204a88       0x18 obj_zoul/process.o
                0x00204a88                process_poll
 .text.rtimer_run_next
                0x00204aa0       0x28 obj_zoul/rtimer.o
                0x00204aa0                rtimer_run_next
 .text.stack_check_init
                0x00204ac8       0x28 obj_zoul/stack-check.o
                0x00204ac8                stack_check_init
 .text.stack_check_get_usage
                0x00204af0       0x44 obj_zoul/stack-check.o
                0x00204af0                stack_check_get_usage
 .text.process_thread_stack_check_process
                0x00204b34       0x88 obj_zoul/stack-check.o
 .text.duration_exceeded_callback
                0x00204bbc       0x34 obj_zoul/button-hal.o
 .text.process_thread_button_hal_process
                0x00204bf0       0x70 obj_zoul/button-hal.o
 .text.press_release_handler
                0x00204c60       0x18 obj_zoul/button-hal.o
 .text.debounce_handler
                0x00204c78       0x64 obj_zoul/button-hal.o
 .text.button_hal_init
                0x00204cdc       0xf8 obj_zoul/button-hal.o
                0x00204cdc                button_hal_init
 .text.process_thread_serial_line_process
                0x00204dd4       0x9c obj_zoul/serial-line.o
 .text.serial_line_input_byte
                0x00204e70       0x44 obj_zoul/serial-line.o
                0x00204e70                serial_line_input_byte
 .text.serial_line_init
                0x00204eb4       0x24 obj_zoul/serial-line.o
                0x00204eb4                serial_line_init
 .text.gpio_hal_register_handler
                0x00204ed8        0xc obj_zoul/gpio-hal.o
                0x00204ed8                gpio_hal_register_handler
 .text.gpio_hal_event_handler
                0x00204ee4       0x24 obj_zoul/gpio-hal.o
                0x00204ee4                gpio_hal_event_handler
 .text.gpio_hal_init
                0x00204f08        0xc obj_zoul/gpio-hal.o
                0x00204f08                gpio_hal_init
 .text.process_thread_sensors_process
                0x00204f14       0xdc obj_zoul/sensors.o
 .text.random_rand
                0x00204ff0       0x20 obj_zoul/random.o
                0x00204ff0                random_rand
 .text.random_init
                0x00205010       0x7c obj_zoul/random.o
                0x00205010                random_init
 .text.queuebuf_init
                0x0020508c       0x1c obj_zoul/queuebuf.o
                0x0020508c                queuebuf_init
 .text.queuebuf_numfree
                0x002050a8        0xc obj_zoul/queuebuf.o
                0x002050a8                queuebuf_numfree
 .text.queuebuf_new_from_packetbuf
                0x002050b4       0x44 obj_zoul/queuebuf.o
                0x002050b4                queuebuf_new_from_packetbuf
 .text.queuebuf_free
                0x002050f8       0x2c obj_zoul/queuebuf.o
                0x002050f8                queuebuf_free
 .text.queuebuf_to_packetbuf
                0x00205124       0x30 obj_zoul/queuebuf.o
                0x00205124                queuebuf_to_packetbuf
 .text.index_from_key
                0x00205154       0x20 obj_zoul/nbr-table.o
 .text.index_from_lladdr
                0x00205174       0x40 obj_zoul/nbr-table.o
 .text.nbr_get_bit.constprop.0
                0x002051b4       0x2c obj_zoul/nbr-table.o
 .text.nbr_table_is_registered
                0x002051e0       0x20 obj_zoul/nbr-table.o
                0x002051e0                nbr_table_is_registered
 .text.nbr_table_register
                0x00205200       0x30 obj_zoul/nbr-table.o
                0x00205200                nbr_table_register
 .text.nbr_table_next
                0x00205230       0x48 obj_zoul/nbr-table.o
                0x00205230                nbr_table_next
 .text.nbr_table_head
                0x00205278       0x38 obj_zoul/nbr-table.o
                0x00205278                nbr_table_head
 .text.nbr_table_add_lladdr
                0x002052b0      0x164 obj_zoul/nbr-table.o
                0x002052b0                nbr_table_add_lladdr
 .text.nbr_table_remove
                0x00205414       0x2c obj_zoul/nbr-table.o
                0x00205414                nbr_table_remove
 .text.nbr_table_lock
                0x00205440       0x10 obj_zoul/nbr-table.o
                0x00205440                nbr_table_lock
 .text.nbr_table_unlock
                0x00205450       0x10 obj_zoul/nbr-table.o
                0x00205450                nbr_table_unlock
 .text.nbr_table_get_lladdr
                0x00205460       0x24 obj_zoul/nbr-table.o
                0x00205460                nbr_table_get_lladdr
 .text.packetbuf_hdrreduce
                0x00205484       0x28 obj_zoul/packetbuf.o
                0x00205484                packetbuf_hdrreduce
 .text.packetbuf_set_datalen
                0x002054ac        0xc obj_zoul/packetbuf.o
                0x002054ac                packetbuf_set_datalen
 .text.packetbuf_hdrptr
                0x002054b8        0x8 obj_zoul/packetbuf.o
                0x002054b8                packetbuf_hdrptr
 .text.packetbuf_datalen
                0x002054c0        0xc obj_zoul/packetbuf.o
                0x002054c0                packetbuf_datalen
 .text.packetbuf_hdrlen
                0x002054cc       0x18 obj_zoul/packetbuf.o
                0x002054cc                packetbuf_hdrlen
 .text.packetbuf_dataptr
                0x002054e4       0x10 obj_zoul/packetbuf.o
                0x002054e4                packetbuf_dataptr
 .text.packetbuf_copyto
                0x002054f4       0x44 obj_zoul/packetbuf.o
                0x002054f4                packetbuf_copyto
 .text.packetbuf_totlen
                0x00205538       0x14 obj_zoul/packetbuf.o
                0x00205538                packetbuf_totlen
 .text.packetbuf_hdralloc
                0x0020554c       0x3c obj_zoul/packetbuf.o
                0x0020554c                packetbuf_hdralloc
 .text.packetbuf_attr_clear
                0x00205588       0x34 obj_zoul/packetbuf.o
                0x00205588                packetbuf_attr_clear
 .text.packetbuf_clear
                0x002055bc       0x20 obj_zoul/packetbuf.o
                0x002055bc                packetbuf_clear
 .text.packetbuf_copyfrom
                0x002055dc       0x2c obj_zoul/packetbuf.o
                0x002055dc                packetbuf_copyfrom
 .text.packetbuf_attr_copyto
                0x00205608       0x24 obj_zoul/packetbuf.o
                0x00205608                packetbuf_attr_copyto
 .text.packetbuf_attr_copyfrom
                0x0020562c       0x24 obj_zoul/packetbuf.o
                0x0020562c                packetbuf_attr_copyfrom
 .text.packetbuf_set_attr
                0x00205650       0x10 obj_zoul/packetbuf.o
                0x00205650                packetbuf_set_attr
 .text.packetbuf_attr
                0x00205660        0xc obj_zoul/packetbuf.o
                0x00205660                packetbuf_attr
 .text.packetbuf_set_addr
                0x0020566c       0x18 obj_zoul/packetbuf.o
                0x0020566c                packetbuf_set_addr
 .text.packetbuf_addr
                0x00205684       0x10 obj_zoul/packetbuf.o
                0x00205684                packetbuf_addr
 .text.packetbuf_holds_broadcast
                0x00205694       0x10 obj_zoul/packetbuf.o
                0x00205694                packetbuf_holds_broadcast
 .text.netstack_process_ip_callback
                0x002056a4       0x40 obj_zoul/netstack.o
                0x002056a4                netstack_process_ip_callback
 .text.netstack_init
                0x002056e4       0x24 obj_zoul/netstack.o
                0x002056e4                netstack_init
 .text.periodic
                0x00205708       0x2c obj_zoul/link-stats.o
 .text.link_stats_from_lladdr
                0x00205734        0xc obj_zoul/link-stats.o
                0x00205734                link_stats_from_lladdr
 .text.link_stats_packet_sent
                0x00205740       0x74 obj_zoul/link-stats.o
                0x00205740                link_stats_packet_sent
 .text.link_stats_input_callback
                0x002057b4       0x4c obj_zoul/link-stats.o
                0x002057b4                link_stats_input_callback
 .text.link_stats_reset
                0x00205800       0x24 obj_zoul/link-stats.o
                0x00205800                link_stats_reset
 .text.link_stats_init
                0x00205824       0x28 obj_zoul/link-stats.o
                0x00205824                link_stats_init
 .text.mac_sequence_is_duplicate
                0x0020584c       0x4c obj_zoul/mac-sequence.o
                0x0020584c                mac_sequence_is_duplicate
 .text.mac_sequence_register_seqno
                0x00205898       0x60 obj_zoul/mac-sequence.o
                0x00205898                mac_sequence_register_seqno
 .text.create_frame
                0x002058f8       0xd0 obj_zoul/framer-802154.o
 .text.frame802154_get_pan_id
                0x002059c8        0xc obj_zoul/frame802154.o
                0x002059c8                frame802154_get_pan_id
 .text.frame802154_parse
                0x002059d4      0x124 obj_zoul/frame802154.o
                0x002059d4                frame802154_parse
 .text.fill_space
                0x00205af8       0x34 obj_zoul/strformat.o
 .text.format_str_v
                0x00205b2c      0x6c8 obj_zoul/strformat.o
                0x00205b2c                format_str_v
 .text.printf   0x002061f4       0x20 obj_zoul/printf.o
                0x002061f4                printf
 .text.vsnprintf
                0x00206214       0x28 obj_zoul/snprintf.o
                0x00206214                vsnprintf
 .text.on       0x0020623c        0xc obj_zoul/csma.o
 .text.off      0x00206248        0xc obj_zoul/csma.o
 .text.input_packet
                0x00206254       0x54 obj_zoul/csma.o
 .text.schedule_transmission
                0x002062a8       0x38 obj_zoul/csma-output.o
 .text.tx_done  0x002062e0       0x84 obj_zoul/csma-output.o
 .text.transmit_from_queue
                0x00206364      0x1dc obj_zoul/csma-output.o
 .text.csma_output_packet
                0x00206540      0x13c obj_zoul/csma-output.o
                0x00206540                csma_output_packet
 .text.csma_output_init
                0x0020667c       0x28 obj_zoul/csma-output.o
                0x0020667c                csma_output_init
 .text.uipbuf_get_attr
                0x002066a4       0x14 obj_zoul/uipbuf.o
                0x002066a4                uipbuf_get_attr
 .text.uipbuf_clear_attr
                0x002066b8       0x18 obj_zoul/uipbuf.o
                0x002066b8                uipbuf_clear_attr
 .text.echo_reply_input
                0x002066d0       0xa4 obj_zoul/uip-icmp6.o
 .text.echo_request_input
                0x00206774       0xcc obj_zoul/uip-icmp6.o
 .text.uip_icmp6_input
                0x00206840       0x38 obj_zoul/uip-icmp6.o
                0x00206840                uip_icmp6_input
 .text.uip_icmp6_register_input_handler
                0x00206878        0xc obj_zoul/uip-icmp6.o
                0x00206878                uip_icmp6_register_input_handler
 .text.uip_icmp6_error_output
                0x00206884      0x150 obj_zoul/uip-icmp6.o
                0x00206884                uip_icmp6_error_output
 .text.uip_icmp6_send
                0x002069d4       0x78 obj_zoul/uip-icmp6.o
                0x002069d4                uip_icmp6_send
 .text.uip_icmp6_init
                0x00206a4c       0x1c obj_zoul/uip-icmp6.o
                0x00206a4c                uip_icmp6_init
 .text.node_matches_address.part.0
                0x00206a68       0x28 obj_zoul/uip-sr.o
 .text.uip_sr_num_nodes
                0x00206a90        0xc obj_zoul/uip-sr.o
                0x00206a90                uip_sr_num_nodes
 .text.uip_sr_get_node
                0x00206a9c       0x34 obj_zoul/uip-sr.o
                0x00206a9c                uip_sr_get_node
 .text.uip_sr_is_addr_reachable
                0x00206ad0       0x44 obj_zoul/uip-sr.o
                0x00206ad0                uip_sr_is_addr_reachable
 .text.uip_sr_update_node
                0x00206b14       0xa4 obj_zoul/uip-sr.o
                0x00206b14                uip_sr_update_node
 .text.uip_sr_init
                0x00206bb8       0x24 obj_zoul/uip-sr.o
                0x00206bb8                uip_sr_init
 .text.uip_sr_node_head
                0x00206bdc        0xc obj_zoul/uip-sr.o
                0x00206bdc                uip_sr_node_head
 .text.uip_sr_periodic
                0x00206be8       0x68 obj_zoul/uip-sr.o
                0x00206be8                uip_sr_periodic
 .text.uip_sr_free_all
                0x00206c50       0x40 obj_zoul/uip-sr.o
                0x00206c50                uip_sr_free_all
 .text.uip_sr_link_snprint
                0x00206c90       0x8c obj_zoul/uip-sr.o
                0x00206c90                uip_sr_link_snprint
 .text.uip_ds6_prefix_add
                0x00206d1c       0x64 obj_zoul/uip-ds6.o
                0x00206d1c                uip_ds6_prefix_add
 .text.uip_ds6_is_addr_onlink
                0x00206d80       0x40 obj_zoul/uip-ds6.o
                0x00206d80                uip_ds6_is_addr_onlink
 .text.uip_ds6_addr_lookup
                0x00206dc0       0x2c obj_zoul/uip-ds6.o
                0x00206dc0                uip_ds6_addr_lookup
 .text.uip_ds6_get_link_local
                0x00206dec       0x40 obj_zoul/uip-ds6.o
                0x00206dec                uip_ds6_get_link_local
 .text.uip_ds6_maddr_add
                0x00206e2c       0x4c obj_zoul/uip-ds6.o
                0x00206e2c                uip_ds6_maddr_add
 .text.uip_ds6_addr_add
                0x00206e78       0x94 obj_zoul/uip-ds6.o
                0x00206e78                uip_ds6_addr_add
 .text.uip_ds6_maddr_lookup
                0x00206f0c       0x2c obj_zoul/uip-ds6.o
                0x00206f0c                uip_ds6_maddr_lookup
 .text.uip_ds6_addr_rm
                0x00206f38       0x44 obj_zoul/uip-ds6.o
                0x00206f38                uip_ds6_addr_rm
 .text.uip_ds6_periodic
                0x00206f7c       0x4c obj_zoul/uip-ds6.o
                0x00206f7c                uip_ds6_periodic
 .text.uip_ds6_select_src
                0x00206fc8       0x94 obj_zoul/uip-ds6.o
                0x00206fc8                uip_ds6_select_src
 .text.uip_ds6_compute_reachable_time
                0x0020705c       0x2c obj_zoul/uip-ds6.o
                0x0020705c                uip_ds6_compute_reachable_time
 .text.uip_ds6_init
                0x00207088       0xe0 obj_zoul/uip-ds6.o
                0x00207088                uip_ds6_init
 .text.uip_ds6_route_init
                0x00207168       0x1c obj_zoul/uip-ds6-route.o
                0x00207168                uip_ds6_route_init
 .text.uip_ds6_defrt_rm
                0x00207184       0x58 obj_zoul/uip-ds6-route.o
                0x00207184                uip_ds6_defrt_rm
 .text.uip_ds6_defrt_lookup
                0x002071dc       0x34 obj_zoul/uip-ds6-route.o
                0x002071dc                uip_ds6_defrt_lookup
 .text.uip_ds6_defrt_add
                0x00207210       0xcc obj_zoul/uip-ds6-route.o
                0x00207210                uip_ds6_defrt_add
 .text.uip_ds6_defrt_choose
                0x002072dc       0xa0 obj_zoul/uip-ds6-route.o
                0x002072dc                uip_ds6_defrt_choose
 .text.uip_ds6_defrt_periodic
                0x0020737c       0x50 obj_zoul/uip-ds6-route.o
                0x0020737c                uip_ds6_defrt_periodic
 .text.psock_send
                0x002073cc       0x98 obj_zoul/psock.o
                0x002073cc                psock_send
 .text.psock_newdata
                0x00207464       0x28 obj_zoul/psock.o
                0x00207464                psock_newdata
 .text.psock_readto
                0x0020748c       0xa0 obj_zoul/psock.o
                0x0020748c                psock_readto
 .text.start_periodic_tcp_timer
                0x0020752c       0x1c obj_zoul/tcpip.o
 .text.tcpip_output
                0x00207548       0x40 obj_zoul/tcpip.o
                0x00207548                tcpip_output
 .text.tcp_listen
                0x00207588       0x2c obj_zoul/tcpip.o
                0x00207588                tcp_listen
 .text.tcp_attach
                0x002075b4       0x10 obj_zoul/tcpip.o
                0x002075b4                tcp_attach
 .text.tcpip_input
                0x002075c4       0x34 obj_zoul/tcpip.o
                0x002075c4                tcpip_input
 .text.tcpip_ipv6_output
                0x002075f8      0x128 obj_zoul/tcpip.o
                0x002075f8                tcpip_ipv6_output
 .text.packet_input.part.4
                0x00207720       0x34 obj_zoul/tcpip.o
 .text.process_thread_tcpip_process
                0x00207754      0x190 obj_zoul/tcpip.o
 .text.tcpip_uipcall
                0x002078e4       0x68 obj_zoul/tcpip.o
                0x002078e4                tcpip_uipcall
 .text.upper_layer_chksum
                0x0020794c       0x54 obj_zoul/uip6.o
 .text.ext_hdr_options_process
                0x002079a0       0xc4 obj_zoul/uip6.o
 .text.uip_add32
                0x00207a64       0x54 obj_zoul/uip6.o
                0x00207a64                uip_add32
 .text.unlikely.uip_add_rcv_nxt
                0x00207ab8       0x30 obj_zoul/uip6.o
 .text.uip_init
                0x00207ae8       0x68 obj_zoul/uip6.o
                0x00207ae8                uip_init
 .text.remove_ext_hdr
                0x00207b50       0x5c obj_zoul/uip6.o
                0x00207b50                remove_ext_hdr
 .text.uip_unlisten
                0x00207bac       0x24 obj_zoul/uip6.o
                0x00207bac                uip_unlisten
 .text.uip_listen
                0x00207bd0       0x20 obj_zoul/uip6.o
                0x00207bd0                uip_listen
 .text.uip_process
                0x00207bf0      0xd4c obj_zoul/uip6.o
                0x00207bf0                uip_process
 .text.uip_send
                0x0020893c       0x4c obj_zoul/uip6.o
                0x0020893c                uip_send
 .text.uip_ds6_nbr_rm
                0x00208988       0x24 obj_zoul/uip-ds6-nbr.o
                0x00208988                uip_ds6_nbr_rm
 .text.uip_ds6_neighbors_init
                0x002089ac       0x28 obj_zoul/uip-ds6-nbr.o
                0x002089ac                uip_ds6_neighbors_init
 .text.uip_ds6_nbr_add
                0x002089d4       0xd8 obj_zoul/uip-ds6-nbr.o
                0x002089d4                uip_ds6_nbr_add
 .text.uip_ds6_nbr_get_ll
                0x00208aac       0x10 obj_zoul/uip-ds6-nbr.o
                0x00208aac                uip_ds6_nbr_get_ll
 .text.uip_ds6_nbr_lookup
                0x00208abc       0x38 obj_zoul/uip-ds6-nbr.o
                0x00208abc                uip_ds6_nbr_lookup
 .text.uip_ds6_nbr_ll_lookup
                0x00208af4       0x10 obj_zoul/uip-ds6-nbr.o
                0x00208af4                uip_ds6_nbr_ll_lookup
 .text.uip_ds6_nbr_update_ll
                0x00208b04       0xcc obj_zoul/uip-ds6-nbr.o
                0x00208b04                uip_ds6_nbr_update_ll
 .text.ns_input
                0x00208bd0      0x34c obj_zoul/uip-nd6.o
 .text.uip_nd6_init
                0x00208f1c        0xc obj_zoul/uip-nd6.o
                0x00208f1c                uip_nd6_init
 .text.clear_fragments
                0x00208f28       0x3c obj_zoul/sicslowpan.o
 .text.sicslowpan_init
                0x00208f64       0x18 obj_zoul/sicslowpan.o
                0x00208f64                sicslowpan_init
 .text.set_packet_attrs
                0x00208f7c       0x40 obj_zoul/sicslowpan.o
 .text.compress_addr_64
                0x00208fbc       0x90 obj_zoul/sicslowpan.o
 .text.addr_context_lookup_by_prefix
                0x0020904c       0x24 obj_zoul/sicslowpan.o
 .text.send_packet
                0x00209070       0x24 obj_zoul/sicslowpan.o
 .text.fragment_copy_payload_and_send
                0x00209094       0x6c obj_zoul/sicslowpan.o
 .text.output   0x00209100      0x79c obj_zoul/sicslowpan.o
 .text.packet_sent
                0x0020989c       0x5c obj_zoul/sicslowpan.o
 .text.store_fragment
                0x002098f8       0x58 obj_zoul/sicslowpan.o
 .text.uncompress_addr
                0x00209950       0x90 obj_zoul/sicslowpan.o
 .text.add_fragment
                0x002099e0      0x11c obj_zoul/sicslowpan.o
 .text.input    0x00209afc      0x740 obj_zoul/sicslowpan.o
 .text.uiplib_ipaddr_snprint
                0x0020a23c       0xf0 obj_zoul/uiplib.o
                0x0020a23c                uiplib_ipaddr_snprint
 .text.uiplib_ipaddr_print
                0x0020a32c       0x20 obj_zoul/uiplib.o
                0x0020a32c                uiplib_ipaddr_print
 .text.update_state
                0x0020a34c       0x8c obj_zoul/rpl-nbr-policy.o
 .text.rpl_nbr_policy_find_removable
                0x0020a3d8       0x74 obj_zoul/rpl-nbr-policy.o
                0x0020a3d8                rpl_nbr_policy_find_removable
 .text.max_acceptable_rank
                0x0020a44c       0x20 obj_zoul/rpl-neighbor.o
 .text.remove_neighbor
                0x0020a46c       0x3c obj_zoul/rpl-neighbor.o
 .text.rpl_neighbor_count
                0x0020a4a8       0x28 obj_zoul/rpl-neighbor.o
                0x0020a4a8                rpl_neighbor_count
 .text.rpl_neighbor_get_from_lladdr
                0x0020a4d0       0x10 obj_zoul/rpl-neighbor.o
                0x0020a4d0                rpl_neighbor_get_from_lladdr
 .text.rpl_neighbor_is_acceptable_parent
                0x0020a4e0       0x18 obj_zoul/rpl-neighbor.o
                0x0020a4e0                rpl_neighbor_is_acceptable_parent
 .text.rpl_neighbor_get_link_metric
                0x0020a4f8       0x18 obj_zoul/rpl-neighbor.o
                0x0020a4f8                rpl_neighbor_get_link_metric
 .text.rpl_neighbor_rank_via_nbr
                0x0020a510       0x18 obj_zoul/rpl-neighbor.o
                0x0020a510                rpl_neighbor_rank_via_nbr
 .text.rpl_neighbor_get_lladdr
                0x0020a528       0x10 obj_zoul/rpl-neighbor.o
                0x0020a528                rpl_neighbor_get_lladdr
 .text.best_parent
                0x0020a538       0x80 obj_zoul/rpl-neighbor.o
 .text.rpl_neighbor_snprint
                0x0020a5b8      0x164 obj_zoul/rpl-neighbor.o
                0x0020a5b8                rpl_neighbor_snprint
 .text.rpl_neighbor_print_list
                0x0020a71c       0xd8 obj_zoul/rpl-neighbor.o
                0x0020a71c                rpl_neighbor_print_list
 .text.rpl_neighbor_is_parent
                0x0020a7f4       0x18 obj_zoul/rpl-neighbor.o
                0x0020a7f4                rpl_neighbor_is_parent
 .text.rpl_neighbor_set_preferred_parent
                0x0020a80c       0x8c obj_zoul/rpl-neighbor.o
                0x0020a80c                rpl_neighbor_set_preferred_parent
 .text.rpl_neighbor_remove_all
                0x0020a898       0x4c obj_zoul/rpl-neighbor.o
                0x0020a898                rpl_neighbor_remove_all
 .text.rpl_neighbor_get_from_ipaddr
                0x0020a8e4       0x1c obj_zoul/rpl-neighbor.o
                0x0020a8e4                rpl_neighbor_get_from_ipaddr
 .text.rpl_neighbor_select_best
                0x0020a900       0x88 obj_zoul/rpl-neighbor.o
                0x0020a900                rpl_neighbor_select_best
 .text.rpl_neighbor_init
                0x0020a988       0x14 obj_zoul/rpl-neighbor.o
                0x0020a988                rpl_neighbor_init
 .text.init_dag
                0x0020a99c       0x7c obj_zoul/rpl-dag.o
 .text.init_dag_from_dio
                0x0020aa18       0x84 obj_zoul/rpl-dag.o
 .text.rpl_dag_state_to_str
                0x0020aa9c       0x18 obj_zoul/rpl-dag.o
                0x0020aa9c                rpl_dag_state_to_str
 .text.rpl_dag_get_root_ipaddr
                0x0020aab4       0x30 obj_zoul/rpl-dag.o
                0x0020aab4                rpl_dag_get_root_ipaddr
 .text.rpl_dag_leave
                0x0020aae4       0x54 obj_zoul/rpl-dag.o
                0x0020aae4                rpl_dag_leave
 .text.rpl_dag_poison_and_leave
                0x0020ab38       0x10 obj_zoul/rpl-dag.o
                0x0020ab38                rpl_dag_poison_and_leave
 .text.rpl_dag_periodic
                0x0020ab48       0x48 obj_zoul/rpl-dag.o
                0x0020ab48                rpl_dag_periodic
 .text.rpl_is_addr_in_our_dag
                0x0020ab90       0x28 obj_zoul/rpl-dag.o
                0x0020ab90                rpl_is_addr_in_our_dag
 .text.rpl_local_repair
                0x0020abb8       0x34 obj_zoul/rpl-dag.o
                0x0020abb8                rpl_local_repair
 .text.rpl_global_repair
                0x0020abec       0x38 obj_zoul/rpl-dag.o
                0x0020abec                rpl_global_repair
 .text.rpl_dag_ready_to_advertise
                0x0020ac24       0x24 obj_zoul/rpl-dag.o
                0x0020ac24                rpl_dag_ready_to_advertise
 .text.rpl_dag_update_state
                0x0020ac48      0x128 obj_zoul/rpl-dag.o
                0x0020ac48                rpl_dag_update_state
 .text.rpl_process_dio
                0x0020ad70      0x18c obj_zoul/rpl-dag.o
                0x0020ad70                rpl_process_dio
 .text.rpl_process_dis
                0x0020aefc       0x2c obj_zoul/rpl-dag.o
                0x0020aefc                rpl_process_dis
 .text.rpl_process_dao
                0x0020af28       0x4c obj_zoul/rpl-dag.o
                0x0020af28                rpl_process_dao
 .text.rpl_process_dao_ack
                0x0020af74       0x54 obj_zoul/rpl-dag.o
                0x0020af74                rpl_process_dao_ack
 .text.rpl_dag_init_root
                0x0020afc8       0xa8 obj_zoul/rpl-dag.o
                0x0020afc8                rpl_dag_init_root
 .text.rpl_dag_init
                0x0020b070       0x10 obj_zoul/rpl-dag.o
                0x0020b070                rpl_dag_init
 .text.new_dio_interval
                0x0020b080       0x58 obj_zoul/rpl-timers.o
 .text.handle_unicast_dio_timer
                0x0020b0d8       0x1c obj_zoul/rpl-timers.o
 .text.handle_dao_timer
                0x0020b0f4       0xdc obj_zoul/rpl-timers.o
 .text.handle_dao_ack_timer
                0x0020b1d0       0x14 obj_zoul/rpl-timers.o
 .text.handle_leaving_timer
                0x0020b1e4       0x10 obj_zoul/rpl-timers.o
 .text.handle_dio_timer
                0x0020b1f4       0x70 obj_zoul/rpl-timers.o
 .text.rpl_timers_schedule_periodic_dis
                0x0020b264       0x38 obj_zoul/rpl-timers.o
                0x0020b264                rpl_timers_schedule_periodic_dis
 .text.handle_dis_timer
                0x0020b29c       0x34 obj_zoul/rpl-timers.o
 .text.handle_periodic_timer
                0x0020b2d0       0x58 obj_zoul/rpl-timers.o
 .text.rpl_timers_dio_reset
                0x0020b328       0x4c obj_zoul/rpl-timers.o
                0x0020b328                rpl_timers_dio_reset
 .text.rpl_timers_schedule_unicast_dio
                0x0020b374       0x28 obj_zoul/rpl-timers.o
                0x0020b374                rpl_timers_schedule_unicast_dio
 .text.rpl_timers_schedule_dao
                0x0020b39c       0x4c obj_zoul/rpl-timers.o
                0x0020b39c                rpl_timers_schedule_dao
 .text.rpl_timers_schedule_dao_ack
                0x0020b3e8       0x48 obj_zoul/rpl-timers.o
                0x0020b3e8                rpl_timers_schedule_dao_ack
 .text.get_probing_target
                0x0020b430       0xc0 obj_zoul/rpl-timers.o
                0x0020b430                get_probing_target
 .text.rpl_schedule_probing
                0x0020b4f0       0x28 obj_zoul/rpl-timers.o
                0x0020b4f0                rpl_schedule_probing
 .text.handle_probing_timer
                0x0020b518       0xa4 obj_zoul/rpl-timers.o
 .text.rpl_schedule_probing_now
                0x0020b5bc       0x2c obj_zoul/rpl-timers.o
                0x0020b5bc                rpl_schedule_probing_now
 .text.rpl_timers_unschedule_leaving
                0x0020b5e8       0x24 obj_zoul/rpl-timers.o
                0x0020b5e8                rpl_timers_unschedule_leaving
 .text.rpl_timers_schedule_leaving
                0x0020b60c       0x30 obj_zoul/rpl-timers.o
                0x0020b60c                rpl_timers_schedule_leaving
 .text.rpl_timers_init
                0x0020b63c       0x20 obj_zoul/rpl-timers.o
                0x0020b63c                rpl_timers_init
 .text.rpl_timers_stop_dag_timers
                0x0020b65c       0x44 obj_zoul/rpl-timers.o
                0x0020b65c                rpl_timers_stop_dag_timers
 .text.rpl_timers_unschedule_state_update
                0x0020b6a0       0x14 obj_zoul/rpl-timers.o
                0x0020b6a0                rpl_timers_unschedule_state_update
 .text.rpl_timers_schedule_state_update
                0x0020b6b4       0x1c obj_zoul/rpl-timers.o
                0x0020b6b4                rpl_timers_schedule_state_update
 .text.update_hbh_header
                0x0020b6d0       0x60 obj_zoul/rpl-ext-header.o
 .text.rpl_ext_header_srh_get_next_hop
                0x0020b730       0xcc obj_zoul/rpl-ext-header.o
                0x0020b730                rpl_ext_header_srh_get_next_hop
 .text.rpl_ext_header_srh_update
                0x0020b7fc       0xe0 obj_zoul/rpl-ext-header.o
                0x0020b7fc                rpl_ext_header_srh_update
 .text.rpl_ext_header_hbh_update
                0x0020b8dc       0xc0 obj_zoul/rpl-ext-header.o
                0x0020b8dc                rpl_ext_header_hbh_update
 .text.rpl_ext_header_remove
                0x0020b99c       0xa4 obj_zoul/rpl-ext-header.o
                0x0020b99c                rpl_ext_header_remove
 .text.rpl_ext_header_update
                0x0020ba40      0x298 obj_zoul/rpl-ext-header.o
                0x0020ba40                rpl_ext_header_update
 .text.rpl_has_joined
                0x0020bcd8       0x18 obj_zoul/rpl.o
                0x0020bcd8                rpl_has_joined
 .text.rpl_is_reachable
                0x0020bcf0       0x18 obj_zoul/rpl.o
                0x0020bcf0                rpl_is_reachable
 .text.get_sr_node_ipaddr
                0x0020bd08       0x2c obj_zoul/rpl.o
 .text.set_ip_from_prefix
                0x0020bd34       0x2c obj_zoul/rpl.o
 .text.init     0x0020bd60       0x60 obj_zoul/rpl.o
 .text.rpl_link_callback
                0x0020bdc0       0x78 obj_zoul/rpl.o
                0x0020bdc0                rpl_link_callback
 .text.rpl_get_global_address
                0x0020be38       0x64 obj_zoul/rpl.o
                0x0020be38                rpl_get_global_address
 .text.rpl_reset_prefix
                0x0020be9c       0x5c obj_zoul/rpl.o
                0x0020be9c                rpl_reset_prefix
 .text.rpl_set_prefix_from_addr
                0x0020bef8       0xb0 obj_zoul/rpl.o
                0x0020bef8                rpl_set_prefix_from_addr
 .text.rpl_get_leaf_only
                0x0020bfa8        0xc obj_zoul/rpl.o
                0x0020bfa8                rpl_get_leaf_only
 .text.update_metric_container
                0x0020bfb4        0xc obj_zoul/rpl-mrhof.o
 .text.reset    0x0020bfc0       0x28 obj_zoul/rpl-mrhof.o
 .text.within_hysteresis
                0x0020bfe8       0x38 obj_zoul/rpl-mrhof.o
 .text.rank_via_nbr
                0x0020c020       0x30 obj_zoul/rpl-mrhof.o
 .text.best_parent
                0x0020c050       0x70 obj_zoul/rpl-mrhof.o
 .text.dao_ack_input
                0x0020c0c0       0xb8 obj_zoul/rpl-icmp6.o
 .text.dao_input
                0x0020c178      0x1d0 obj_zoul/rpl-icmp6.o
 .text.dio_input
                0x0020c348      0x358 obj_zoul/rpl-icmp6.o
 .text.dis_input
                0x0020c6a0       0x88 obj_zoul/rpl-icmp6.o
 .text.rpl_icmp6_update_nbr_table
                0x0020c728       0x74 obj_zoul/rpl-icmp6.o
                0x0020c728                rpl_icmp6_update_nbr_table
 .text.rpl_icmp6_dis_output
                0x0020c79c       0x6c obj_zoul/rpl-icmp6.o
                0x0020c79c                rpl_icmp6_dis_output
 .text.rpl_icmp6_dio_output
                0x0020c808      0x228 obj_zoul/rpl-icmp6.o
                0x0020c808                rpl_icmp6_dio_output
 .text.rpl_icmp6_dao_output
                0x0020ca30      0x17c obj_zoul/rpl-icmp6.o
                0x0020ca30                rpl_icmp6_dao_output
 .text.rpl_icmp6_dao_ack_output
                0x0020cbac       0x88 obj_zoul/rpl-icmp6.o
                0x0020cbac                rpl_icmp6_dao_ack_output
 .text.rpl_icmp6_init
                0x0020cc34       0x30 obj_zoul/rpl-icmp6.o
                0x0020cc34                rpl_icmp6_init
 .text.rpl_dag_root_set_prefix
                0x0020cc64       0xc8 obj_zoul/rpl-dag-root.o
                0x0020cc64                rpl_dag_root_set_prefix
 .text.rpl_dag_root_start
                0x0020cd2c       0xa0 obj_zoul/rpl-dag-root.o
                0x0020cd2c                rpl_dag_root_start
 .text.rpl_dag_root_is_root
                0x0020cdcc       0x18 obj_zoul/rpl-dag-root.o
                0x0020cdcc                rpl_dag_root_is_root
 .text.rpl_dag_root_print_links
                0x0020cde4       0x94 obj_zoul/rpl-dag-root.o
                0x0020cde4                rpl_dag_root_print_links
 .text.output   0x0020ce78       0x20 obj_zoul/slip-bridge.o
 .text.init     0x0020ce98       0x20 obj_zoul/slip-bridge.o
 .text.slip_input_callback
                0x0020ceb8       0xc4 obj_zoul/slip-bridge.o
 .text.request_prefix
                0x0020cf7c       0x34 obj_zoul/slip-bridge.o
                0x0020cf7c                request_prefix
 .text.process_thread_border_router_process
                0x0020cfb0      0x2a8 obj_zoul/border-router-embedded.o
 .text.process_thread_contiki_ng_br
                0x0020d258       0x3c border-router.o
 .text          0x0020d294       0x30 /usr/lib/gcc/arm-none-eabi/5.4.1/armv7-m/libgcc.a(_aeabi_uldivmod.o)
                0x0020d294                __aeabi_uldivmod
 .text          0x0020d2c4      0x2ec /usr/lib/gcc/arm-none-eabi/5.4.1/armv7-m/libgcc.a(_udivmoddi4.o)
                0x0020d2c4                __udivmoddi4
 .text          0x0020d5b0        0x4 /usr/lib/gcc/arm-none-eabi/5.4.1/armv7-m/libgcc.a(_dvmd_tls.o)
                0x0020d5b0                __aeabi_ldiv0
                0x0020d5b0                __aeabi_idiv0
 .text          0x0020d5b4       0x64 /usr/lib/gcc/arm-none-eabi/5.4.1/../../../arm-none-eabi/lib/armv7-m/libc.a(lib_a-memcmp.o)
                0x0020d5b4                memcmp
 .text          0x0020d618       0xec /usr/lib/gcc/arm-none-eabi/5.4.1/../../../arm-none-eabi/lib/armv7-m/libc.a(lib_a-memcpy.o)
                0x0020d618                memcpy
 .text          0x0020d704       0xc8 /usr/lib/gcc/arm-none-eabi/5.4.1/../../../arm-none-eabi/lib/armv7-m/libc.a(lib_a-memmove.o)
                0x0020d704                memmove
 .text          0x0020d7cc       0x9c /usr/lib/gcc/arm-none-eabi/5.4.1/../../../arm-none-eabi/lib/armv7-m/libc.a(lib_a-memset.o)
                0x0020d7cc                memset
 .text          0x0020d868       0x5c /usr/lib/gcc/arm-none-eabi/5.4.1/../../../arm-none-eabi/lib/armv7-m/libc.a(lib_a-strlen-stub.o)
                0x0020d868                strlen
 .text          0x0020d8c4       0x9c /usr/lib/gcc/arm-none-eabi/5.4.1/../../../arm-none-eabi/lib/armv7-m/libc.a(lib_a-strncmp.o)
                0x0020d8c4                strncmp
 .text          0x0020d960       0x68 /usr/lib/gcc/arm-none-eabi/5.4.1/../../../arm-none-eabi/lib/armv7-m/libc.a(lib_a-strncpy.o)
                0x0020d960                strncpy
 .text.default_handler
                0x0020d9c8        0x2 obj_zoul/startup-gcc.o
                0x0020d9c8                default_handler
 .text.nmi_handler
                0x0020d9ca        0x6 obj_zoul/startup-gcc.o
                0x0020d9ca                nmi_handler
 .text.fade     0x0020d9d0       0x58 obj_zoul/platform.o
 .text.platform_init_stage_one
                0x0020da28       0x14 obj_zoul/platform.o
                0x0020da28                platform_init_stage_one
 .text.platform_idle
                0x0020da3c        0x4 obj_zoul/platform.o
                0x0020da3c                platform_idle
 .text.board_init
                0x0020da40        0x4 obj_zoul/board.o
                0x0020da40                board_init
 .text.soc_init
                0x0020da44       0x22 obj_zoul/soc.o
                0x0020da44                soc_init
 .text.clock_isr
                0x0020da66        0x4 obj_zoul/clock.o
                0x0020da66                clock_isr
 .text.rtimer_arch_init
                0x0020da6a        0x2 obj_zoul/rtimer-arch.o
                0x0020da6a                rtimer_arch_init
 .text.uart0_isr
                0x0020da6c        0x6 obj_zoul/uart.o
                0x0020da6c                uart0_isr
 .text.uart1_isr
                0x0020da72        0x6 obj_zoul/uart.o
                0x0020da72                uart1_isr
 .text.gpio_port_a_isr
                0x0020da78        0x6 obj_zoul/gpio.o
                0x0020da78                gpio_port_a_isr
 .text.gpio_port_b_isr
                0x0020da7e        0x6 obj_zoul/gpio.o
                0x0020da7e                gpio_port_b_isr
 .text.gpio_port_c_isr
                0x0020da84        0x6 obj_zoul/gpio.o
                0x0020da84                gpio_port_c_isr
 .text.gpio_port_d_isr
                0x0020da8a        0x6 obj_zoul/gpio.o
                0x0020da8a                gpio_port_d_isr
 .text.gpio_hal_arch_write_pin
                0x0020da90       0x2c obj_zoul/gpio-hal-arch.o
                0x0020da90                gpio_hal_arch_write_pin
 .text.send     0x0020dabc       0x12 obj_zoul/cc2538-rf.o
 .text.int_master_read_and_disable
                0x0020dace        0x8 obj_zoul/int-master.o
                0x0020dace                int_master_read_and_disable
 .text.int_master_status_set
                0x0020dad6        0x6 obj_zoul/int-master.o
                0x0020dad6                int_master_status_set
 .text.dbg_send_bytes
                0x0020dadc       0x20 obj_zoul/dbg.o
                0x0020dadc                dbg_send_bytes
 .text.slip_arch_writeb
                0x0020dafc        0x8 obj_zoul/slip-arch.o
                0x0020dafc                slip_arch_writeb
 .text.slip_write
                0x0020db04       0x42 obj_zoul/slip.o
                0x0020db04                slip_write
 .text.configure
                0x0020db46        0x4 obj_zoul/cc2538-temp-sensor.o
 .text.status   0x0020db4a        0x4 obj_zoul/cc2538-temp-sensor.o
 .text.value    0x0020db4e       0x34 obj_zoul/cc2538-temp-sensor.o
 .text.configure
                0x0020db82        0x4 obj_zoul/vdd3-sensor.o
 .text.status   0x0020db86        0x4 obj_zoul/vdd3-sensor.o
 .text.value    0x0020db8a       0x2a obj_zoul/vdd3-sensor.o
 .text.autostart_start
                0x0020dbb4       0x14 obj_zoul/autostart.o
                0x0020dbb4                autostart_start
 .text.energest_init
                0x0020dbc8        0x2 obj_zoul/energest.o
                0x0020dbc8                energest_init
 .text.etimer_set
                0x0020dbca       0x12 obj_zoul/etimer.o
                0x0020dbca                etimer_set
 .text.etimer_reset
                0x0020dbdc       0x12 obj_zoul/etimer.o
                0x0020dbdc                etimer_reset
 .text.etimer_restart
                0x0020dbee       0x12 obj_zoul/etimer.o
                0x0020dbee                etimer_restart
 .text.etimer_expired
                0x0020dc00        0xa obj_zoul/etimer.o
                0x0020dc00                etimer_expired
 .text.stimer_set
                0x0020dc0a        0xe obj_zoul/stimer.o
                0x0020dc0a                stimer_set
 .text.call_process
                0x0020dc18        0xc obj_zoul/process.o
 .text.rtimer_init
                0x0020dc24        0x4 obj_zoul/rtimer.o
                0x0020dc24                rtimer_init
 .text.timer_set
                0x0020dc28        0xe obj_zoul/timer.o
                0x0020dc28                timer_set
 .text.timer_reset
                0x0020dc36        0xa obj_zoul/timer.o
                0x0020dc36                timer_reset
 .text.timer_restart
                0x0020dc40        0xc obj_zoul/timer.o
                0x0020dc40                timer_restart
 .text.timer_expired
                0x0020dc4c       0x1c obj_zoul/timer.o
                0x0020dc4c                timer_expired
 .text.button_hal_get_state
                0x0020dc68       0x2a obj_zoul/button-hal.o
                0x0020dc68                button_hal_get_state
 .text.gpio_hal_arch_toggle_pin
                0x0020dc92       0x2a obj_zoul/gpio-hal.o
                0x0020dc92                gpio_hal_arch_toggle_pin
 .text.list_init
                0x0020dcbc        0x6 obj_zoul/list.o
                0x0020dcbc                list_init
 .text.list_head
                0x0020dcc2        0x4 obj_zoul/list.o
                0x0020dcc2                list_head
 .text.list_tail
                0x0020dcc6       0x10 obj_zoul/list.o
                0x0020dcc6                list_tail
 .text.list_remove
                0x0020dcd6       0x26 obj_zoul/list.o
                0x0020dcd6                list_remove
 .text.list_add
                0x0020dcfc       0x1a obj_zoul/list.o
                0x0020dcfc                list_add
 .text.list_push
                0x0020dd16       0x10 obj_zoul/list.o
                0x0020dd16                list_push
 .text.list_length
                0x0020dd26        0xe obj_zoul/list.o
                0x0020dd26                list_length
 .text.list_item_next
                0x0020dd34        0x6 obj_zoul/list.o
                0x0020dd34                list_item_next
 .text.memb_init
                0x0020dd3a       0x20 obj_zoul/memb.o
                0x0020dd3a                memb_init
 .text.memb_alloc
                0x0020dd5a       0x28 obj_zoul/memb.o
                0x0020dd5a                memb_alloc
 .text.memb_free
                0x0020dd82       0x2c obj_zoul/memb.o
                0x0020dd82                memb_free
 .text.memb_inmemb
                0x0020ddae       0x1c obj_zoul/memb.o
                0x0020ddae                memb_inmemb
 .text.memb_numfree
                0x0020ddca       0x1c obj_zoul/memb.o
                0x0020ddca                memb_numfree
 .text.ringbuf_init
                0x0020dde6        0xe obj_zoul/ringbuf.o
                0x0020dde6                ringbuf_init
 .text.ringbuf_put
                0x0020ddf4       0x26 obj_zoul/ringbuf.o
                0x0020ddf4                ringbuf_put
 .text.ringbuf_get
                0x0020de1a       0x20 obj_zoul/ringbuf.o
                0x0020de1a                ringbuf_get
 .text.queuebuf_update_attr_from_packetbuf
                0x0020de3a        0xc obj_zoul/queuebuf.o
                0x0020de3a                queuebuf_update_attr_from_packetbuf
 .text.queuebuf_attr
                0x0020de46        0xc obj_zoul/queuebuf.o
                0x0020de46                queuebuf_attr
 .text.item_from_index
                0x0020de52       0x14 obj_zoul/nbr-table.o
 .text.index_from_item
                0x0020de66       0x16 obj_zoul/nbr-table.o
 .text.nbr_set_bit
                0x0020de7c       0x38 obj_zoul/nbr-table.o
 .text.nbr_table_get_from_lladdr
                0x0020deb4       0x26 obj_zoul/nbr-table.o
                0x0020deb4                nbr_table_get_from_lladdr
 .text.linkaddr_copy
                0x0020deda        0x6 obj_zoul/linkaddr.o
                0x0020deda                linkaddr_copy
 .text.linkaddr_cmp
                0x0020dee0       0x10 obj_zoul/linkaddr.o
                0x0020dee0                linkaddr_cmp
 .text.link_stats_is_fresh
                0x0020def0       0x24 obj_zoul/link-stats.o
                0x0020def0                link_stats_is_fresh
 .text.guess_etx_from_rssi
                0x0020df14       0x40 obj_zoul/link-stats.o
                0x0020df14                guess_etx_from_rssi
 .text.mac_call_sent_callback
                0x0020df54       0x18 obj_zoul/mac.o
                0x0020df54                mac_call_sent_callback
 .text.parse    0x0020df6c       0x8a obj_zoul/framer-802154.o
 .text.framer_802154_setup_params
                0x0020dff6       0x84 obj_zoul/framer-802154.o
                0x0020dff6                framer_802154_setup_params
 .text.create   0x0020e07a        0x6 obj_zoul/framer-802154.o
 .text.hdr_length
                0x0020e080        0x6 obj_zoul/framer-802154.o
 .text.frame802154_has_panid
                0x0020e086       0xa6 obj_zoul/frame802154.o
                0x0020e086                frame802154_has_panid
 .text.field_len
                0x0020e12c       0x84 obj_zoul/frame802154.o
 .text.frame802154_is_broadcast_addr
                0x0020e1b0       0x1e obj_zoul/frame802154.o
                0x0020e1b0                frame802154_is_broadcast_addr
 .text.frame802154_hdrlen
                0x0020e1ce       0x32 obj_zoul/frame802154.o
                0x0020e1ce                frame802154_hdrlen
 .text.frame802154_create_fcf
                0x0020e200       0x60 obj_zoul/frame802154.o
                0x0020e200                frame802154_create_fcf
 .text.frame802154_create
                0x0020e260       0x94 obj_zoul/frame802154.o
                0x0020e260                frame802154_create
 .text.frame802154_parse_fcf
                0x0020e2f4       0x66 obj_zoul/frame802154.o
                0x0020e2f4                frame802154_parse_fcf
 .text.write_str
                0x0020e35a       0x10 obj_zoul/printf.o
 .text.buffer_str
                0x0020e36a       0x28 obj_zoul/snprintf.o
 .text.snprintf
                0x0020e392       0x1a obj_zoul/snprintf.o
                0x0020e392                snprintf
 .text.putchar  0x0020e3ac        0xc obj_zoul/putchar.o
                0x0020e3ac                putchar
 .text.send_packet
                0x0020e3b8        0x4 obj_zoul/csma.o
 .text.init     0x0020e3bc        0xe obj_zoul/csma.o
 .text.uip_sr_expire_parent
                0x0020e3ca       0x28 obj_zoul/uip-sr.o
                0x0020e3ca                uip_sr_expire_parent
 .text.uip_sr_node_next
                0x0020e3f2        0x4 obj_zoul/uip-sr.o
                0x0020e3f2                uip_sr_node_next
 .text.uip_ds6_list_loop
                0x0020e3f6       0x50 obj_zoul/uip-ds6.o
                0x0020e3f6                uip_ds6_list_loop
 .text.uip_ds6_maddr_rm
                0x0020e446        0x8 obj_zoul/uip-ds6.o
                0x0020e446                uip_ds6_maddr_rm
 .text.uip_ds6_set_addr_iid
                0x0020e44e       0x16 obj_zoul/uip-ds6.o
                0x0020e44e                uip_ds6_set_addr_iid
 .text.uip_ds6_set_lladdr_from_iid
                0x0020e464       0x16 obj_zoul/uip-ds6.o
                0x0020e464                uip_ds6_set_lladdr_from_iid
 .text.get_match_length
                0x0020e47a       0x3e obj_zoul/uip-ds6.o
                0x0020e47a                get_match_length
 .text.uip_ds6_route_nexthop
                0x0020e4b8        0x4 obj_zoul/uip-ds6-route.o
                0x0020e4b8                uip_ds6_route_nexthop
 .text.uip_ds6_route_lookup
                0x0020e4bc        0x4 obj_zoul/uip-ds6-route.o
                0x0020e4bc                uip_ds6_route_lookup
 .text.uip_ds6_route_rm
                0x0020e4c0        0x2 obj_zoul/uip-ds6-route.o
                0x0020e4c0                uip_ds6_route_rm
 .text.psock_datalen
                0x0020e4c2        0xa obj_zoul/psock.o
                0x0020e4c2                psock_datalen
 .text.psock_init
                0x0020e4cc       0x16 obj_zoul/psock.o
                0x0020e4cc                psock_init
 .text.chksum   0x0020e4e2       0x38 obj_zoul/uip6.o
 .text.uip_icmp6chksum
                0x0020e51a        0x6 obj_zoul/uip6.o
                0x0020e51a                uip_icmp6chksum
 .text.uip_tcpchksum
                0x0020e520        0x6 obj_zoul/uip6.o
                0x0020e520                uip_tcpchksum
 .text.uip_udpchksum
                0x0020e526        0x6 obj_zoul/uip6.o
                0x0020e526                uip_udpchksum
 .text.uip_htonl
                0x0020e52c       0x18 obj_zoul/uip6.o
                0x0020e52c                uip_htonl
 .text.uip_ds6_nbr_ipaddr_from_lladdr
                0x0020e544        0x4 obj_zoul/uip-ds6-nbr.o
                0x0020e544                uip_ds6_nbr_ipaddr_from_lladdr
 .text.uip_ds6_nbr_lladdr_from_ipaddr
                0x0020e548       0x12 obj_zoul/uip-ds6-nbr.o
                0x0020e548                uip_ds6_nbr_lladdr_from_ipaddr
 .text.uip_ds6_link_callback
                0x0020e55a        0x2 obj_zoul/uip-ds6-nbr.o
                0x0020e55a                uip_ds6_link_callback
 .text.rpl_neighbor_get_ipaddr
                0x0020e55c        0xe obj_zoul/rpl-neighbor.o
                0x0020e55c                rpl_neighbor_get_ipaddr
 .text.rpl_neighbor_get_link_stats
                0x0020e56a        0xe obj_zoul/rpl-neighbor.o
                0x0020e56a                rpl_neighbor_get_link_stats
 .text.rpl_neighbor_is_fresh
                0x0020e578        0xe obj_zoul/rpl-neighbor.o
                0x0020e578                rpl_neighbor_is_fresh
 .text.rpl_process_hbh
                0x0020e586       0x1c obj_zoul/rpl-dag.o
                0x0020e586                rpl_process_hbh
 .text.handle_state_update
                0x0020e5a2        0x4 obj_zoul/rpl-timers.o
 .text.get_probing_delay
                0x0020e5a6       0x1a obj_zoul/rpl-timers.o
                0x0020e5a6                get_probing_delay
 .text.drop_route
                0x0020e5c0        0x2 obj_zoul/rpl.o
 .text.neighbor_state_changed
                0x0020e5c2        0x2 obj_zoul/rpl.o
 .text.rpl_lollipop_greater_than
                0x0020e5c4       0x34 obj_zoul/rpl.o
                0x0020e5c4                rpl_lollipop_greater_than
 .text.nbr_link_metric
                0x0020e5f8       0x12 obj_zoul/rpl-mrhof.o
 .text.nbr_has_usable_link
                0x0020e60a       0x12 obj_zoul/rpl-mrhof.o
 .text.nbr_path_cost
                0x0020e61c       0x28 obj_zoul/rpl-mrhof.o
 .text.nbr_is_acceptable_parent
                0x0020e644       0x1e obj_zoul/rpl-mrhof.o
 .text.get32    0x0020e662       0x18 obj_zoul/rpl-icmp6.o
 .text.set32    0x0020e67a       0x12 obj_zoul/rpl-icmp6.o
 .text.get16    0x0020e68c        0xc obj_zoul/rpl-icmp6.o
 .text.set16    0x0020e698        0xa obj_zoul/rpl-icmp6.o
 *(SORT(.rodata*))
 *fill*         0x0020e6a2        0x2 00000000
 .rodata.uart_regs
                0x0020e6a4       0x58 obj_zoul/uart.o
 .rodata.output_power
                0x0020e6fc       0x70 obj_zoul/cc2538-rf.o
 .rodata.cc2538_rf_driver
                0x0020e76c       0x38 obj_zoul/cc2538-rf.o
                0x0020e76c                cc2538_rf_driver
 .rodata.cc2538_temp_sensor
                0x0020e7a4       0x10 obj_zoul/cc2538-temp-sensor.o
                0x0020e7a4                cc2538_temp_sensor
 .rodata.vdd3_sensor
                0x0020e7b4       0x10 obj_zoul/vdd3-sensor.o
                0x0020e7b4                vdd3_sensor
 .rodata.framer_802154
                0x0020e7c4        0xc obj_zoul/framer-802154.o
                0x0020e7c4                framer_802154
 .rodata.csma_driver
                0x0020e7d0       0x18 obj_zoul/csma.o
                0x0020e7d0                csma_driver
 .rodata.sicslowpan_driver
                0x0020e7e8       0x10 obj_zoul/sicslowpan.o
                0x0020e7e8                sicslowpan_driver
 .rodata.CSWTCH.17
                0x0020e7f8       0x10 obj_zoul/rpl-dag.o
 .rodata.rpl_lite_driver
                0x0020e808       0x50 obj_zoul/rpl.o
                0x0020e808                rpl_lite_driver
 .rodata.rpl_interface
                0x0020e858        0x8 obj_zoul/slip-bridge.o
                0x0020e858                rpl_interface
 .rodata.autostart_processes
                0x0020e860        0x8 border-router.o
                0x0020e860                autostart_processes
 .rodata.linkaddr_null
                0x0020e868        0x8 obj_zoul/linkaddr.o
                0x0020e868                linkaddr_null
 .rodata.str1.1
                0x0020e870       0x3e obj_zoul/platform.o
                                 0x42 (size before relaxing)
 .rodata.leds_arch_leds
                0x0020e8ae        0x6 obj_zoul/leds-arch.o
                0x0020e8ae                leds_arch_leds
 .rodata.str1.1
                0x0020e8b4        0xc obj_zoul/board-buttons.o
 .rodata.str1.1
                0x0020e8c0       0x35 obj_zoul/cc2538-rf.o
                                 0x49 (size before relaxing)
 .rodata.str1.1
                0x0020e8f5        0xc obj_zoul/slip.o
 .rodata.str1.1
                0x0020e901       0x14 obj_zoul/cc2538-temp-sensor.o
 .rodata.str1.1
                0x0020e915        0x5 obj_zoul/vdd3-sensor.o
 .rodata.http_index_html
                0x0020e91a        0xc obj_zoul/httpd-simple.o
                0x0020e91a                http_index_html
 .rodata.http_header_404
                0x0020e926       0x5d obj_zoul/httpd-simple.o
                0x0020e926                http_header_404
 .rodata.http_header_200
                0x0020e983       0x56 obj_zoul/httpd-simple.o
                0x0020e983                http_header_200
 .rodata.http_content_type_html
                0x0020e9d9       0x1c obj_zoul/httpd-simple.o
                0x0020e9d9                http_content_type_html
 .rodata.str1.1
                0x0020e9f5       0x68 obj_zoul/httpd-simple.o
 .rodata.http_get
                0x0020ea5d        0x5 obj_zoul/httpd-simple.o
                0x0020ea5d                http_get
 .rodata.str1.1
                0x0020ea62       0xc1 obj_zoul/webserver.o
                                 0xc3 (size before relaxing)
 .rodata.str1.1
                0x0020eb23       0x1b obj_zoul/rpl-border-router.o
                                 0x34 (size before relaxing)
 .rodata.str1.1
                0x0020eb3e       0xe0 obj_zoul/contiki-main.o
                                 0xf6 (size before relaxing)
 .rodata.str1.1
                0x0020ec1e        0xf obj_zoul/ctimer.o
 .rodata.str1.1
                0x0020ec2d       0xa9 obj_zoul/log.o
 .rodata.str1.1
                0x0020ecd6        0xc obj_zoul/etimer.o
 .rodata.str1.1
                0x0020ece2       0x2f obj_zoul/stack-check.o
                                 0x3e (size before relaxing)
 .rodata.str1.1
                0x0020ed11       0x13 obj_zoul/button-hal.o
 .rodata.str1.1
                0x0020ed24        0xe obj_zoul/serial-line.o
 .rodata.str1.1
                0x0020ed32        0x8 obj_zoul/sensors.o
 .rodata.buffer.5333
                0x0020ed3a       0x10 obj_zoul/strformat.o
 .rodata.buffer.5342
                0x0020ed4a       0x10 obj_zoul/strformat.o
 .rodata.str1.1
                0x0020ed5a       0x35 obj_zoul/strformat.o
                                 0x37 (size before relaxing)
 .rodata.str1.1
                0x0020ed8f        0x5 obj_zoul/csma.o
 .rodata.str1.1
                0x0020ed94       0x44 obj_zoul/uip-sr.o
 .rodata.str1.1
                0x0020edd8      0x126 obj_zoul/uip-ds6-route.o
                                0x140 (size before relaxing)
 .rodata.str1.1
                0x0020eefe        0xd obj_zoul/tcpip.o
 .rodata.str1.1
                0x0020ef0b       0xfb obj_zoul/uip-ds6-nbr.o
                                0x113 (size before relaxing)
 .rodata.__func__.6758
                0x0020f006       0x16 obj_zoul/uip-ds6-nbr.o
 .rodata.str1.1
                0x0020f01c       0x77 obj_zoul/uip-nd6.o
                                 0x9d (size before relaxing)
 .rodata        0x0020f093        0x2 obj_zoul/sicslowpan.o
 .rodata.unc_llconf
                0x0020f095        0x4 obj_zoul/sicslowpan.o
                0x0020f095                unc_llconf
 .rodata.llprefix
                0x0020f099        0x2 obj_zoul/sicslowpan.o
                0x0020f099                llprefix
 .rodata.unc_mxconf
                0x0020f09b        0x4 obj_zoul/sicslowpan.o
                0x0020f09b                unc_mxconf
 .rodata.str1.1
                0x0020f09f        0xb obj_zoul/sicslowpan.o
 .rodata.ttl_values
                0x0020f0aa        0x4 obj_zoul/sicslowpan.o
 .rodata.unc_ctxconf
                0x0020f0ae        0x4 obj_zoul/sicslowpan.o
                0x0020f0ae                unc_ctxconf
 .rodata.str1.1
                0x0020f0b2       0x22 obj_zoul/uiplib.o
                                 0x2d (size before relaxing)
 .rodata.str1.1
                0x0020f0d4       0x2e obj_zoul/rpl-nbr-policy.o
                                 0x42 (size before relaxing)
 .rodata.str1.1
                0x0020f102      0x137 obj_zoul/rpl-neighbor.o
                                0x158 (size before relaxing)
 .rodata.str1.1
                0x0020f239       0xd7 obj_zoul/rpl-dag.o
 .rodata.str1.1
                0x0020f310       0x70 obj_zoul/rpl-timers.o
                                 0x89 (size before relaxing)
 .rodata.str1.1
                0x0020f380       0xb4 obj_zoul/rpl.o
                                 0xd3 (size before relaxing)
 .rodata.str1.1
                0x0020f434        0xd obj_zoul/rpl-mrhof.o
                                 0x25 (size before relaxing)
 .rodata.str1.1
                0x0020f441      0x528 obj_zoul/rpl-icmp6.o
                                0x570 (size before relaxing)
 .rodata.str1.1
                0x0020f969       0x93 obj_zoul/rpl-dag-root.o
                                 0xc2 (size before relaxing)
 .rodata.str1.1
                0x0020f9fc       0x11 obj_zoul/slip-bridge.o
 .rodata.str1.1
                0x0020f9fc       0xdd obj_zoul/border-router-embedded.o
                                0x100 (size before relaxing)
 .rodata.str1.1
                0x0020fad9       0x42 border-router.o
                                 0x56 (size before relaxing)
                0x0020fb1b                _etext = .

.glue_7         0x0020fb1c        0x0
 .glue_7        0x0020fb1c        0x0 linker stubs

.glue_7t        0x0020fb1c        0x0
 .glue_7t       0x0020fb1c        0x0 linker stubs

.vfp11_veneer   0x0020fb1c        0x0
 .vfp11_veneer  0x0020fb1c        0x0 linker stubs

.v4_bx          0x0020fb1c        0x0
 .v4_bx         0x0020fb1c        0x0 linker stubs

.iplt           0x0020fb1c        0x0
 .iplt          0x0020fb1c        0x0 obj_zoul/startup-gcc.o

.socdata        0x20004000       0x40
 *(SORT(.udma_channel_control_table))
 .udma_channel_control_table
                0x20004000       0x40 obj_zoul/udma.o

.data           0x20004040      0x24c load address 0x0020fb1c
                0x20004040                _data = .
 *(SORT(.data*))
 .data.button_user
                0x20004040       0x4c obj_zoul/board-buttons.o
 .data.button_hal_buttons
                0x2000408c        0x8 obj_zoul/board-buttons.o
                0x2000408c                button_hal_buttons
 .data.sensors  0x20004094        0xc obj_zoul/zoul-sensors.o
                0x20004094                sensors
 .data.cc2538_rf_process
                0x200040a0       0x10 obj_zoul/cc2538-rf.o
                0x200040a0                cc2538_rf_process
 .data.slip_process
                0x200040b0       0x10 obj_zoul/slip.o
                0x200040b0                slip_process
 .data.conns    0x200040c0        0xc obj_zoul/httpd-simple.o
 .data.webserver_nogui_process
                0x200040cc       0x10 obj_zoul/webserver.o
                0x200040cc                webserver_nogui_process
 .data.ctimer_process
                0x200040dc       0x10 obj_zoul/ctimer.o
                0x200040dc                ctimer_process
 .data.curr_log_level_main
                0x200040ec        0x4 obj_zoul/log.o
                0x200040ec                curr_log_level_main
 .data.etimer_process
                0x200040f0       0x10 obj_zoul/etimer.o
                0x200040f0                etimer_process
 .data.stack_check_process
                0x20004100       0x10 obj_zoul/stack-check.o
                0x20004100                stack_check_process
 .data.button_hal_process
                0x20004110       0x10 obj_zoul/button-hal.o
                0x20004110                button_hal_process
 .data.serial_line_process
                0x20004120       0x10 obj_zoul/serial-line.o
                0x20004120                serial_line_process
 .data.sensors_process
                0x20004130       0x10 obj_zoul/sensors.o
                0x20004130                sensors_process
 .data.bufmem   0x20004140        0xc obj_zoul/queuebuf.o
 .data.buframmem
                0x2000414c        0xc obj_zoul/queuebuf.o
 .data.neighbor_addr_mem
                0x20004158        0xc obj_zoul/nbr-table.o
 .data.link_stats_struct
                0x20004164       0x10 obj_zoul/link-stats.o
 .data.ctxt     0x20004174        0x8 obj_zoul/printf.o
 .data.metadata_memb
                0x2000417c        0xc obj_zoul/csma-output.o
 .data.packet_memb
                0x20004188        0xc obj_zoul/csma-output.o
 .data.neighbor_memb
                0x20004194        0xc obj_zoul/csma-output.o
 .data.echo_request_handler
                0x200041a0        0xc obj_zoul/uip-icmp6.o
 .data.echo_reply_handler
                0x200041ac        0xc obj_zoul/uip-icmp6.o
 .data.nodememb
                0x200041b8        0xc obj_zoul/uip-sr.o
 .data.defaultroutermemb
                0x200041c4        0xc obj_zoul/uip-ds6-route.o
 .data.tcpip_process
                0x200041d0       0x10 obj_zoul/tcpip.o
                0x200041d0                tcpip_process
 .data.ds6_neighbors
                0x200041e0        0x4 obj_zoul/uip-ds6-nbr.o
                0x200041e0                ds6_neighbors
 .data.ds6_neighbors_struct
                0x200041e4       0x10 obj_zoul/uip-ds6-nbr.o
 .data.ns_input_handler
                0x200041f4        0xc obj_zoul/uip-nd6.o
 .data.rpl_neighbors
                0x20004200        0x4 obj_zoul/rpl-neighbor.o
                0x20004200                rpl_neighbors
 .data.rpl_neighbors_struct
                0x20004204       0x10 obj_zoul/rpl-neighbor.o
 .data.rpl_mrhof
                0x20004214       0x24 obj_zoul/rpl-mrhof.o
                0x20004214                rpl_mrhof
 .data.dao_ack_handler
                0x20004238        0xc obj_zoul/rpl-icmp6.o
 .data.dis_handler
                0x20004244        0xc obj_zoul/rpl-icmp6.o
 .data.dao_handler
                0x20004250        0xc obj_zoul/rpl-icmp6.o
 .data.dio_handler
                0x2000425c        0xc obj_zoul/rpl-icmp6.o
 .data.border_router_process
                0x20004268       0x10 obj_zoul/border-router-embedded.o
                0x20004268                border_router_process
 .data.contiki_ng_br
                0x20004278       0x10 border-router.o
                0x20004278                contiki_ng_br
 .data.mac_pan_id
                0x20004288        0x2 obj_zoul/frame802154.o
 .data.send_on_cca
                0x2000428a        0x1 obj_zoul/cc2538-rf.o
 .data.rf_channel
                0x2000428b        0x1 obj_zoul/cc2538-rf.o
                0x2000428c                _edata = .
                0x0020fb1c                _ldata = LOADADDR (.data)

.igot.plt       0x2000428c        0x0 load address 0x0020fd68
 .igot.plt      0x2000428c        0x0 obj_zoul/startup-gcc.o

.ARM.exidx      0x0020fd68        0x8
 *(SORT(.ARM.exidx*))
 .ARM.exidx     0x0020fd68        0x8 /usr/lib/gcc/arm-none-eabi/5.4.1/armv7-m/libgcc.a(_udivmoddi4.o)

.bss            0x20004290     0x24ac
                0x20004290                _bss = .
 *(SORT(.bss*))
 .bss.rt_ticks_startup
                0x20004290        0x8 obj_zoul/clock.o
 .bss.rt_ticks_epoch
                0x20004298        0x8 obj_zoul/clock.o
 .bss.next_trigger
                0x200042a0        0x4 obj_zoul/rtimer-arch.o
 .bss.input_handler
                0x200042a4        0x8 obj_zoul/uart.o
 .bss.ioc_sel   0x200042ac        0x4 obj_zoul/ioc.o
 .bss.ioc_over  0x200042b0        0x4 obj_zoul/ioc.o
 .bss.notification_process
                0x200042b4        0x4 obj_zoul/crypto.o
 .bss.periph_permit_pm1_funcs
                0x200042b8       0x14 obj_zoul/lpm.o
 .bss.notification_process
                0x200042cc        0x4 obj_zoul/pka.o
 .bss.input_callback
                0x200042d0        0x4 obj_zoul/slip.o
 .bss.conns_memb_mem
                0x200042d4       0xf0 obj_zoul/httpd-simple.o
 .bss.link.6573
                0x200043c4        0x4 obj_zoul/webserver.o
 .bss.blen      0x200043c8        0x4 obj_zoul/webserver.o
 .bss.nbr.6563  0x200043cc        0x4 obj_zoul/webserver.o
 .bss.ctimer_list_list
                0x200043d0        0x4 obj_zoul/ctimer.o
 .bss.timerlist
                0x200043d4        0x4 obj_zoul/etimer.o
 .bss.next_expiration
                0x200043d8        0x4 obj_zoul/etimer.o
 .bss.process_current
                0x200043dc        0x4 obj_zoul/process.o
                0x200043dc                process_current
 .bss.process_list
                0x200043e0        0x4 obj_zoul/process.o
                0x200043e0                process_list
 .bss.events    0x200043e4      0x180 obj_zoul/process.o
 .bss.next_rtimer
                0x20004564        0x4 obj_zoul/rtimer.o
 .bss.et.5700   0x20004568       0x10 obj_zoul/stack-check.o
 .bss.button_event_handler
                0x20004578        0xc obj_zoul/button-hal.o
 .bss.pmask     0x20004584        0x4 obj_zoul/button-hal.o
 .bss.rxbuf     0x20004588        0x8 obj_zoul/serial-line.o
 .bss.ptr.5301  0x20004590        0x4 obj_zoul/serial-line.o
 .bss.handlers_list
                0x20004594        0x4 obj_zoul/gpio-hal.o
 .bss.i.5316    0x20004598        0x4 obj_zoul/sensors.o
 .bss.events.5317
                0x2000459c        0x4 obj_zoul/sensors.o
 .bss.bufmem_memb_mem
                0x200045a0       0x18 obj_zoul/queuebuf.o
 .bss.nbr_table_keys_list
                0x200045b8        0x4 obj_zoul/nbr-table.o
 .bss.neighbor_addr_mem_memb_mem
                0x200045bc       0x48 obj_zoul/nbr-table.o
 .bss.all_tables
                0x20004604       0x20 obj_zoul/nbr-table.o
 .bss.num_tables
                0x20004624        0x4 obj_zoul/nbr-table.o
 .bss.packetbuf_aligned
                0x20004628       0x80 obj_zoul/packetbuf.o
 .bss.ip_processor_list_list
                0x200046a8        0x4 obj_zoul/netstack.o
 .bss._link_stats_mem
                0x200046ac       0x48 obj_zoul/link-stats.o
 .bss.received_seqnos
                0x200046f4      0x100 obj_zoul/mac-sequence.o
 .bss.metadata_memb_memb_mem
                0x200047f4       0x48 obj_zoul/csma-output.o
 .bss.neighbor_list_list
                0x2000483c        0x4 obj_zoul/csma-output.o
 .bss.packet_memb_memb_mem
                0x20004840       0x48 obj_zoul/csma-output.o
 .bss.neighbor_memb_memb_mem
                0x20004888       0x70 obj_zoul/csma-output.o
 .bss.echo_reply_callback_list_list
                0x200048f8        0x4 obj_zoul/uip-icmp6.o
 .bss.input_handler_list_list
                0x200048fc        0x4 obj_zoul/uip-icmp6.o
 .bss.num_nodes
                0x20004900        0x4 obj_zoul/uip-sr.o
 .bss.nodememb_memb_mem
                0x20004904       0x90 obj_zoul/uip-sr.o
 .bss.nodelist_list
                0x20004994        0x4 obj_zoul/uip-sr.o
 .bss.locmaddr  0x20004998        0x4 obj_zoul/uip-ds6.o
 .bss.locprefix
                0x2000499c        0x4 obj_zoul/uip-ds6.o
 .bss.locaddr   0x200049a0        0x4 obj_zoul/uip-ds6.o
 .bss.defaultroutermemb_memb_mem
                0x200049a4       0x40 obj_zoul/uip-ds6-route.o
 .bss.defaultrouterlist_list
                0x200049e4        0x4 obj_zoul/uip-ds6-route.o
 .bss.s         0x200049e8       0xa4 obj_zoul/tcpip.o
 .bss.periodic  0x20004a8c       0x10 obj_zoul/tcpip.o
 .bss.nbr       0x20004a9c        0x4 obj_zoul/uip-nd6.o
 .bss.nd6_opt_llao
                0x20004aa0        0x4 obj_zoul/uip-nd6.o
 .bss.addr      0x20004aa4        0x4 obj_zoul/uip-nd6.o
 .bss.callback  0x20004aa8        0x4 obj_zoul/sicslowpan.o
 .bss.context   0x20004aac        0x4 obj_zoul/sicslowpan.o
 .bss.last_rssi
                0x20004ab0        0x4 obj_zoul/sicslowpan.o
 .bss.hc06_ptr  0x20004ab4        0x4 obj_zoul/sicslowpan.o
 .bss.packetbuf_ptr
                0x20004ab8        0x4 obj_zoul/sicslowpan.o
 .bss.packetbuf_payload_len
                0x20004abc        0x4 obj_zoul/sicslowpan.o
 .bss.last_tx_status
                0x20004ac0        0x4 obj_zoul/sicslowpan.o
 .bss.mac_max_payload
                0x20004ac4        0x4 obj_zoul/sicslowpan.o
 .bss.frag_info
                0x20004ac8      0x170 obj_zoul/sicslowpan.o
 .bss.worst_rank_nbr_lladdr
                0x20004c38        0x4 obj_zoul/rpl-nbr-policy.o
 .bss.num_parents
                0x20004c3c        0x4 obj_zoul/rpl-nbr-policy.o
 .bss._rpl_neighbors_mem
                0x20004c40       0x30 obj_zoul/rpl-neighbor.o
 .bss.periodic_timer
                0x20004c70       0x20 obj_zoul/rpl-timers.o
 .bss.dis_timer
                0x20004c90       0x20 obj_zoul/rpl-timers.o
 .bss.nbr.6810  0x20004cb0        0x4 obj_zoul/border-router-embedded.o
 .bss.link.6817
                0x20004cb4        0x4 obj_zoul/border-router-embedded.o
 .bss.et.6833   0x20004cb8       0x10 obj_zoul/border-router-embedded.o
 .bss.et1.6834  0x20004cc8       0x10 obj_zoul/border-router-embedded.o
 .bss.next_free
                0x20004cd8        0x2 obj_zoul/slip.o
 .bss.pkt_end   0x20004cda        0x2 obj_zoul/slip.o
 .bss.begin     0x20004cdc        0x2 obj_zoul/slip.o
 .bss.node_id   0x20004cde        0x2 obj_zoul/node-id.o
                0x20004cde                node_id
 .bss.buframmem_memb_mem
                0x20004ce0      0x408 obj_zoul/queuebuf.o
 .bss.buflen    0x200050e8        0x2 obj_zoul/packetbuf.o
 .bss.bufptr    0x200050ea        0x2 obj_zoul/packetbuf.o
 .bss.uipbuf_attrs
                0x200050ec        0xc obj_zoul/uipbuf.o
 .bss.tmp_ipaddr
                0x200050f8       0x10 obj_zoul/uip-icmp6.o
 .bss.loc_fipaddr
                0x20005108       0x10 obj_zoul/uip-ds6.o
 .bss.lastport  0x20005118        0x2 obj_zoul/uip6.o
 .bss._ds6_neighbors_mem
                0x2000511a       0x6c obj_zoul/uip-ds6-nbr.o
 .bss.my_tag    0x20005186        0x2 obj_zoul/sicslowpan.o
 .bss.worst_rank
                0x20005188        0x2 obj_zoul/rpl-nbr-policy.o
 .bss.root_ipaddr.6885
                0x2000518a       0x10 obj_zoul/rpl-dag-root.o
 .bss.last_sender
                0x2000519a       0x10 obj_zoul/slip-bridge.o
 .bss.initialized
                0x200051aa        0x1 obj_zoul/antenna-sw.o
 .bss.crc_corr  0x200051ab        0x1 obj_zoul/cc2538-rf.o
 .bss.rssi      0x200051ac        0x1 obj_zoul/cc2538-rf.o
 .bss.poll_mode
                0x200051ad        0x1 obj_zoul/cc2538-rf.o
 .bss.rf_flags  0x200051ae        0x1 obj_zoul/cc2538-rf.o
 .bss.max_pm    0x200051af        0x1 obj_zoul/lpm.o
 .bss.debug_frame.5280
                0x200051b0        0x1 obj_zoul/dbg.o
 .bss.state     0x200051b1        0x1 obj_zoul/slip.o
 .bss.rxbuf     0x200051b2      0x410 obj_zoul/slip.o
 .bss.conns_memb_count
                0x200055c2        0x2 obj_zoul/httpd-simple.o
 .bss.buf       0x200055c4      0x100 obj_zoul/webserver.o
 .bss.initialized
                0x200056c4        0x1 obj_zoul/ctimer.o
 .bss.fevent    0x200056c5        0x1 obj_zoul/process.o
 .bss.nevents   0x200056c6        0x1 obj_zoul/process.o
 .bss.poll_requested
                0x200056c7        0x1 obj_zoul/process.o
 .bss.lastevent
                0x200056c8        0x1 obj_zoul/process.o
 .bss.rxbuf_data
                0x200056c9       0x80 obj_zoul/serial-line.o
 .bss.overflow.5294
                0x20005749        0x1 obj_zoul/serial-line.o
 .bss.buf.5300  0x2000574a       0x80 obj_zoul/serial-line.o
 .bss.num_sensors
                0x200057ca        0x1 obj_zoul/sensors.o
 .bss.buframmem_memb_count
                0x200057cb        0x6 obj_zoul/queuebuf.o
 .bss.bufmem_memb_count
                0x200057d1        0x6 obj_zoul/queuebuf.o
 .bss.neighbor_addr_mem_memb_count
                0x200057d7        0x6 obj_zoul/nbr-table.o
 .bss.locked_map
                0x200057dd        0x6 obj_zoul/nbr-table.o
 .bss.used_map  0x200057e3        0x6 obj_zoul/nbr-table.o
 .bss.hdrlen    0x200057e9        0x1 obj_zoul/packetbuf.o
 .bss.mac_dsn   0x200057ea        0x1 obj_zoul/framer-802154.o
 .bss.initialized
                0x200057eb        0x1 obj_zoul/framer-802154.o
 .bss.seqno.6175
                0x200057ec        0x1 obj_zoul/csma-output.o
 .bss.packet_memb_memb_count
                0x200057ed        0x6 obj_zoul/csma-output.o
 .bss.metadata_memb_memb_count
                0x200057f3        0x6 obj_zoul/csma-output.o
 .bss.initialized.6174
                0x200057f9        0x1 obj_zoul/csma-output.o
 .bss.neighbor_memb_memb_count
                0x200057fa        0x2 obj_zoul/csma-output.o
 .bss.nodememb_memb_count
                0x200057fc        0x6 obj_zoul/uip-sr.o
 .bss.defaultroutermemb_memb_count
                0x20005802        0x2 obj_zoul/uip-ds6-route.o
 .bss.uip_ext_len
                0x20005804        0x1 obj_zoul/uip6.o
                0x20005804                uip_ext_len
 .bss.uip_ext_bitmap
                0x20005805        0x1 obj_zoul/uip6.o
                0x20005805                uip_ext_bitmap
 .bss.iss       0x20005806        0x4 obj_zoul/uip6.o
 .bss.uip_ext_opt_offset
                0x2000580a        0x1 obj_zoul/uip6.o
                0x2000580a                uip_ext_opt_offset
 .bss.nd6_opt_offset
                0x2000580b        0x1 obj_zoul/uip-nd6.o
 .bss.curr_page
                0x2000580c        0x1 obj_zoul/sicslowpan.o
 .bss.uncomp_hdr_len
                0x2000580d        0x1 obj_zoul/sicslowpan.o
 .bss.addr_contexts
                0x2000580e        0xa obj_zoul/sicslowpan.o
 .bss.frag_buf  0x20005818      0x54c obj_zoul/sicslowpan.o
 .bss.packetbuf_hdr_len
                0x20005d64        0x1 obj_zoul/sicslowpan.o
 .bss.rpl_leaf_only
                0x20005d65        0x1 obj_zoul/rpl.o
 .bss.initialized.6895
                0x20005d66        0x1 obj_zoul/rpl-dag-root.o
 *(SORT(COMMON))
 *fill*         0x20005d67        0x1 
 COMMON         0x20005d68       0x20 obj_zoul/link-stats.o
                0x20005d68                periodic_timer
 COMMON         0x20005d88      0x174 obj_zoul/uip-ds6.o
                0x20005d88                uip_ds6_timer_ra
                0x20005d90                uip_ds6_if
                0x20005e88                uip_ds6_netif_addr_list_offset
                0x20005e89                uip_ds6_addr_size
                0x20005e8c                uip_ds6_prefix_list
                0x20005eec                uip_ds6_timer_periodic
 COMMON         0x20005efc      0x694 obj_zoul/uip6.o
                0x20005efc                uip_len